#
# There is insufficient memory for the Java Runtime Environment to continue.
# Native memory allocation (malloc) failed to allocate 2924816 bytes. Error detail: Chunk::new
# Possible reasons:
#   The system is out of physical RAM or swap space
#   This process is running with CompressedOops enabled, and the Java Heap may be blocking the growth of the native heap
# Possible solutions:
#   Reduce memory load on the system
#   Increase physical memory or swap space
#   Check if swap backing store is full
#   Decrease Java heap size (-Xmx/-Xms)
#   Decrease number of Java threads
#   Decrease Java thread stack sizes (-Xss)
#   Set larger code cache with -XX:ReservedCodeCacheSize=
#   JVM is running with Unscaled Compressed Oops mode in which the Java heap is
#     placed in the first 4GB address space. The Java Heap base address is the
#     maximum limit for the native heap growth. Please use -XX:HeapBaseMinAddress
#     to set the Java Heap base and to place the Java Heap above 4GB virtual address.
# This output file may be truncated or incomplete.
#
#  Out of Memory Error (arena.cpp:168), pid=21348, tid=20520
#
# JRE version: OpenJDK Runtime Environment Temurin-21.0.12.1+1 (21.0.12.1+1) (build 21.0.12.1+1-LTS)
# Java VM: OpenJDK 64-Bit Server VM Temurin-21.0.12.1+1 (21.0.12.1+1-LTS, mixed mode, sharing, tiered, compressed oops, compressed class ptrs, parallel gc, windows-amd64)
# No core dump will be written. Minidumps are not enabled by default on client versions of Windows
#

---------------  S U M M A R Y ------------

Command Line: --add-modules=ALL-SYSTEM --add-opens=java.base/java.util=ALL-UNNAMED --add-opens=java.base/java.lang=ALL-UNNAMED --add-opens=java.base/sun.nio.fs=ALL-UNNAMED -Declipse.application=org.eclipse.jdt.ls.core.id1 -Dosgi.bundles.defaultStartLevel=4 -Declipse.product=org.eclipse.jdt.ls.core.product -Djava.import.generatesMetadataFilesAtProjectRoot=false -Dm2e.project.cache.size=50 -DDetectVMInstallationsJob.disabled=true -Dfile.encoding=utf8 -XX:+UseParallelGC -XX:GCTimeRatio=4 -XX:AdaptiveSizePolicyWeight=90 -Dsun.zip.disableMemoryMapping=true -Xmx2G -Xms100m -Xlog:disable -javaagent:c:\Users\HP\.antigravity-ide\extensions\redhat.java-1.56.0-win32-x64\lombok\lombok-1.18.39-4050.jar -XX:+HeapDumpOnOutOfMemoryError -XX:HeapDumpPath=c:\Users\HP\AppData\Roaming\Antigravity IDE\User\workspaceStorage\358c0adacc1ca2f638e7db5389758dbc\redhat.java -Daether.dependencyCollector.impl=bf c:\Users\HP\.antigravity-ide\extensions\redhat.java-1.56.0-win32-x64\server\plugins\org.eclipse.equinox.launcher_1.8.0.v20260804-1928.jar -configuration c:\Users\HP\AppData\Roaming\Antigravity IDE\User\globalStorage\redhat.java\1.56.0\config_win -data c:\Users\HP\AppData\Roaming\Antigravity IDE\User\workspaceStorage\358c0adacc1ca2f638e7db5389758dbc\redhat.java\jdt_ws --stdio

Host: Intel(R) Core(TM) i5-8365U CPU @ 1.60GHz, 8 cores, 7G,  Windows 11 , 64 bit Build 22000 (10.0.22000.2538)
Time: Thu Sep  3 22:35:54 2026 Greenwich elapsed time: 57.762504 seconds (0d 0h 0m 57s)

---------------  T H R E A D  ---------------

Current thread (0x0000017d7c515090):  JavaThread "C2 CompilerThread1" daemon [_thread_in_native, id=20520, stack(0x000000649a400000,0x000000649a500000) (1024K)]


Current CompileTask:
C2:57762 15156       4       lombok.eclipse.EclipseAST::drill (80 bytes)

Stack: [0x000000649a400000,0x000000649a500000]
Native frames: (J=compiled Java code, j=interpreted, Vv=VM code, C=native code)
V  [jvm.dll+0x6d83e9]
V  [jvm.dll+0x8b5736]
V  [jvm.dll+0x8b7cee]
V  [jvm.dll+0x8b83d3]
V  [jvm.dll+0x284596]
V  [jvm.dll+0xc685d]
V  [jvm.dll+0xc6da1]
V  [jvm.dll+0x3bf151]
V  [jvm.dll+0x1e4149]
V  [jvm.dll+0x24c853]
V  [jvm.dll+0x24bce0]
V  [jvm.dll+0x1cb4ae]
V  [jvm.dll+0x25baad]
V  [jvm.dll+0x25a03a]
V  [jvm.dll+0x3f8aae]
V  [jvm.dll+0x8600cd]
V  [jvm.dll+0x6d6c1d]
C  [ucrtbase.dll+0x26c0c]
C  [KERNEL32.DLL+0x153e0]
C  [ntdll.dll+0x485b]


---------------  P R O C E S S  ---------------

Threads class SMR info:
_java_thread_list=0x0000017d7ebbde10, length=54, elements={
0x0000017d1cdc9b10, 0x0000017d1cd33cc0, 0x0000017d1cd37440, 0x0000017d1cd39a60,
0x0000017d1cd3d5f0, 0x0000017d1cd3bbb0, 0x0000017d1cd3dc80, 0x0000017d1cd42280,
0x0000017d1cd4f6f0, 0x0000017d1cd3c240, 0x0000017d1cd3c8d0, 0x0000017d1cd3b520,
0x0000017d1cd3cf60, 0x0000017d1cd3e310, 0x0000017d1cd3e9a0, 0x0000017d769f2450,
0x0000017d769ec870, 0x0000017d769f0a10, 0x0000017d769ee940, 0x0000017d769ef660,
0x0000017d769ecf00, 0x0000017d769edc20, 0x0000017d769f3170, 0x0000017d769eefd0,
0x0000017d769f3e90, 0x0000017d769f0380, 0x0000017d769f10a0, 0x0000017d769f3800,
0x0000017d769f1dc0, 0x0000017d769ed590, 0x0000017d769f1730, 0x0000017d7e724dc0,
0x0000017d7e71f870, 0x0000017d7e723a10, 0x0000017d7e724730, 0x0000017d7e7240a0,
0x0000017d7e725450, 0x0000017d7e71eb50, 0x0000017d7e71f1e0, 0x0000017d7e71ff00,
0x0000017d7e720590, 0x0000017d7e722cf0, 0x0000017d7e720c20, 0x0000017d7e7212b0,
0x0000017d7e721940, 0x0000017d7bfbb9e0, 0x0000017d7bfbc700, 0x0000017d7bfba630,
0x0000017d7bfc0f30, 0x0000017d7c515090, 0x0000017d7bfbe7d0, 0x0000017d7bfc08a0,
0x0000017d769ee2b0, 0x0000017d7e721fd0
}

Java Threads: ( => current thread )
  0x0000017d1cdc9b10 JavaThread "main"                              [_thread_blocked, id=19672, stack(0x0000006496700000,0x0000006496800000) (1024K)]
  0x0000017d1cd33cc0 JavaThread "Reference Handler"          daemon [_thread_blocked, id=8844, stack(0x0000006496b00000,0x0000006496c00000) (1024K)]
  0x0000017d1cd37440 JavaThread "Finalizer"                  daemon [_thread_blocked, id=7740, stack(0x0000006496c00000,0x0000006496d00000) (1024K)]
  0x0000017d1cd39a60 JavaThread "Signal Dispatcher"          daemon [_thread_blocked, id=10260, stack(0x0000006496d00000,0x0000006496e00000) (1024K)]
  0x0000017d1cd3d5f0 JavaThread "Attach Listener"            daemon [_thread_blocked, id=14464, stack(0x0000006496e00000,0x0000006496f00000) (1024K)]
  0x0000017d1cd3bbb0 JavaThread "Service Thread"             daemon [_thread_blocked, id=10608, stack(0x0000006496f00000,0x0000006497000000) (1024K)]
  0x0000017d1cd3dc80 JavaThread "Monitor Deflation Thread"   daemon [_thread_blocked, id=9896, stack(0x0000006497000000,0x0000006497100000) (1024K)]
  0x0000017d1cd42280 JavaThread "C2 CompilerThread0"         daemon [_thread_in_native, id=6112, stack(0x0000006497100000,0x0000006497200000) (1024K)]
  0x0000017d1cd4f6f0 JavaThread "C1 CompilerThread0"         daemon [_thread_blocked, id=8384, stack(0x0000006497200000,0x0000006497300000) (1024K)]
  0x0000017d1cd3c240 JavaThread "Common-Cleaner"             daemon [_thread_blocked, id=21668, stack(0x0000006497300000,0x0000006497400000) (1024K)]
  0x0000017d1cd3c8d0 JavaThread "Notification Thread"        daemon [_thread_blocked, id=18400, stack(0x0000006497400000,0x0000006497500000) (1024K)]
  0x0000017d1cd3b520 JavaThread "Active Thread: Equinox Container: ac0f273d-d05e-4ae2-9b0a-1f3942cfb455"        [_thread_blocked, id=20848, stack(0x0000006497500000,0x0000006497600000) (1024K)]
  0x0000017d1cd3cf60 JavaThread "Refresh Thread: Equinox Container: ac0f273d-d05e-4ae2-9b0a-1f3942cfb455" daemon [_thread_blocked, id=1240, stack(0x0000006497d00000,0x0000006497e00000) (1024K)]
  0x0000017d1cd3e310 JavaThread "Framework Event Dispatcher: Equinox Container: ac0f273d-d05e-4ae2-9b0a-1f3942cfb455" daemon [_thread_blocked, id=12448, stack(0x0000006497e00000,0x0000006497f00000) (1024K)]
  0x0000017d1cd3e9a0 JavaThread "Start Level: Equinox Container: ac0f273d-d05e-4ae2-9b0a-1f3942cfb455" daemon [_thread_blocked, id=2744, stack(0x0000006497f00000,0x0000006498000000) (1024K)]
  0x0000017d769f2450 JavaThread "Bundle File Closer"         daemon [_thread_blocked, id=1836, stack(0x0000006498100000,0x0000006498200000) (1024K)]
  0x0000017d769ec870 JavaThread "SCR Component Actor"        daemon [_thread_blocked, id=17212, stack(0x0000006498000000,0x0000006498100000) (1024K)]
  0x0000017d769f0a10 JavaThread "Worker-JM"                         [_thread_blocked, id=12832, stack(0x0000006498300000,0x0000006498400000) (1024K)]
  0x0000017d769ee940 JavaThread "JNA Cleaner"                daemon [_thread_blocked, id=8368, stack(0x0000006498200000,0x0000006498300000) (1024K)]
  0x0000017d769ef660 JavaThread "Worker-0"                          [_thread_blocked, id=6588, stack(0x0000006498400000,0x0000006498500000) (1024K)]
  0x0000017d769ecf00 JavaThread "Worker-1: Building"                [_thread_in_native, id=3748, stack(0x0000006498500000,0x0000006498600000) (1024K)]
  0x0000017d769edc20 JavaThread "Worker-2"                          [_thread_blocked, id=18528, stack(0x0000006498600000,0x0000006498700000) (1024K)]
  0x0000017d769f3170 JavaThread "Worker-3: Java indexing... "        [_thread_blocked, id=18404, stack(0x0000006498900000,0x0000006498a00000) (1024K)]
  0x0000017d769eefd0 JavaThread "Java indexing"              daemon [_thread_in_native, id=9852, stack(0x0000006498a00000,0x0000006498b00000) (1024K)]
  0x0000017d769f3e90 JavaThread "Worker-4"                          [_thread_blocked, id=3156, stack(0x0000006498b00000,0x0000006498c00000) (1024K)]
  0x0000017d769f0380 JavaThread "Worker-5"                          [_thread_blocked, id=11308, stack(0x0000006498e00000,0x0000006498f00000) (1024K)]
  0x0000017d769f10a0 JavaThread "Worker-6"                          [_thread_blocked, id=18516, stack(0x0000006498f00000,0x0000006499000000) (1024K)]
  0x0000017d769f3800 JavaThread "Worker-7"                          [_thread_blocked, id=416, stack(0x0000006499000000,0x0000006499100000) (1024K)]
  0x0000017d769f1dc0 JavaThread "pool-2-thread-1"                   [_thread_blocked, id=19464, stack(0x0000006499100000,0x0000006499200000) (1024K)]
  0x0000017d769ed590 JavaThread "WorkspaceEventsHandler"            [_thread_blocked, id=20420, stack(0x0000006499200000,0x0000006499300000) (1024K)]
  0x0000017d769f1730 JavaThread "pool-1-thread-1"                   [_thread_blocked, id=9880, stack(0x0000006499300000,0x0000006499400000) (1024K)]
  0x0000017d7e724dc0 JavaThread "LocalFile Deleter"          daemon [_thread_blocked, id=15952, stack(0x0000006499600000,0x0000006499700000) (1024K)]
  0x0000017d7e71f870 JavaThread "LocalFile Deleter"          daemon [_thread_blocked, id=2076, stack(0x0000006499700000,0x0000006499800000) (1024K)]
  0x0000017d7e723a10 JavaThread "LocalFile Deleter"          daemon [_thread_blocked, id=22212, stack(0x0000006499800000,0x0000006499900000) (1024K)]
  0x0000017d7e724730 JavaThread "LocalFile Deleter"          daemon [_thread_blocked, id=22068, stack(0x0000006499900000,0x0000006499a00000) (1024K)]
  0x0000017d7e7240a0 JavaThread "LocalFile Deleter"          daemon [_thread_blocked, id=22120, stack(0x0000006499a00000,0x0000006499b00000) (1024K)]
  0x0000017d7e725450 JavaThread "LocalFile Deleter"          daemon [_thread_blocked, id=18796, stack(0x0000006499b00000,0x0000006499c00000) (1024K)]
  0x0000017d7e71eb50 JavaThread "LocalFile Deleter"          daemon [_thread_blocked, id=19924, stack(0x0000006499c00000,0x0000006499d00000) (1024K)]
  0x0000017d7e71f1e0 JavaThread "LocalFile Deleter"          daemon [_thread_blocked, id=14268, stack(0x0000006499d00000,0x0000006499e00000) (1024K)]
  0x0000017d7e71ff00 JavaThread "Compiler Source File Reader" daemon [_thread_blocked, id=17160, stack(0x0000006496400000,0x0000006496500000) (1024K)]
  0x0000017d7e720590 JavaThread "Compiler Source File Reader" daemon [_thread_blocked, id=12020, stack(0x0000006498700000,0x0000006498800000) (1024K)]
  0x0000017d7e722cf0 JavaThread "Compiler Source File Reader" daemon [_thread_blocked, id=21884, stack(0x0000006498800000,0x0000006498900000) (1024K)]
  0x0000017d7e720c20 JavaThread "Compiler Source File Reader" daemon [_thread_blocked, id=4012, stack(0x0000006499e00000,0x0000006499f00000) (1024K)]
  0x0000017d7e7212b0 JavaThread "Compiler Source File Reader" daemon [_thread_blocked, id=7440, stack(0x0000006499f00000,0x000000649a000000) (1024K)]
  0x0000017d7e721940 JavaThread "Compiler Source File Reader" daemon [_thread_blocked, id=592, stack(0x000000649a000000,0x000000649a100000) (1024K)]
  0x0000017d7bfbb9e0 JavaThread "PatternSearchJob-worker-1"  daemon [_thread_blocked, id=10768, stack(0x0000006499500000,0x0000006499600000) (1024K)]
  0x0000017d7bfbc700 JavaThread "Compiler Processing Task"   daemon [_thread_blocked, id=22284, stack(0x000000649a200000,0x000000649a300000) (1024K)]
  0x0000017d7bfba630 JavaThread "Compiler Class File Writer" daemon [_thread_blocked, id=21788, stack(0x000000649a100000,0x000000649a200000) (1024K)]
  0x0000017d7bfc0f30 JavaThread "Compiler Class File Writer" daemon [_thread_blocked, id=8140, stack(0x000000649a300000,0x000000649a400000) (1024K)]
=>0x0000017d7c515090 JavaThread "C2 CompilerThread1"         daemon [_thread_in_native, id=20520, stack(0x000000649a400000,0x000000649a500000) (1024K)]
  0x0000017d7bfbe7d0 JavaThread "Compiler Class File Writer" daemon [_thread_blocked, id=10196, stack(0x000000649a500000,0x000000649a600000) (1024K)]
  0x0000017d7bfc08a0 JavaThread "Compiler Class File Writer" daemon [_thread_blocked, id=3876, stack(0x000000649a600000,0x000000649a700000) (1024K)]
  0x0000017d769ee2b0 JavaThread "Compiler Class File Writer" daemon [_thread_blocked, id=18640, stack(0x000000649a700000,0x000000649a800000) (1024K)]
  0x0000017d7e721fd0 JavaThread "Compiler Class File Writer" daemon [_thread_blocked, id=19764, stack(0x000000649a800000,0x000000649a900000) (1024K)]
Total: 54

Other Threads:
  0x0000017d1cd1e920 VMThread "VM Thread"                           [id=5464, stack(0x0000006496a00000,0x0000006496b00000) (1024K)]
  0x0000017d1ce93870 WatcherThread "VM Periodic Task Thread"        [id=19936, stack(0x0000006496900000,0x0000006496a00000) (1024K)]
  0x0000017d1cdeae90 WorkerThread "GC Thread#0"                     [id=19552, stack(0x0000006496800000,0x0000006496900000) (1024K)]
  0x0000017d769da2c0 WorkerThread "GC Thread#1"                     [id=21852, stack(0x0000006497700000,0x0000006497800000) (1024K)]
  0x0000017d769da670 WorkerThread "GC Thread#2"                     [id=7152, stack(0x0000006497800000,0x0000006497900000) (1024K)]
  0x0000017d76cf2bf0 WorkerThread "GC Thread#3"                     [id=14492, stack(0x0000006497900000,0x0000006497a00000) (1024K)]
  0x0000017d76cf2fa0 WorkerThread "GC Thread#4"                     [id=10344, stack(0x0000006497a00000,0x0000006497b00000) (1024K)]
  0x0000017d76cf3b60 WorkerThread "GC Thread#5"                     [id=19592, stack(0x0000006497b00000,0x0000006497c00000) (1024K)]
  0x0000017d769dea70 WorkerThread "GC Thread#6"                     [id=9172, stack(0x0000006497c00000,0x0000006497d00000) (1024K)]
  0x0000017d76c196b0 WorkerThread "GC Thread#7"                     [id=7784, stack(0x0000006497600000,0x0000006497700000) (1024K)]
Total: 10

Threads with active compile tasks:
C2 CompilerThread0  57831 15175       4       lombok.eclipse.EclipseAST::buildStatement (57 bytes)
C1 CompilerThread0  57831 15292       2       org.eclipse.jdt.internal.compiler.classfmt.InnerClassInfo::getName (78 bytes)
C2 CompilerThread1  57831 15156       4       lombok.eclipse.EclipseAST::drill (80 bytes)
Total: 3

VM state: not at safepoint (normal execution)

VM Mutex/Monitor currently owned by a thread: None

OutOfMemory and StackOverflow Exception counts:
OutOfMemoryError java_heap_errors=1
LinkageErrors=126

Heap address: 0x0000000080000000, size: 2048 MB, Compressed Oops mode: 32-bit

CDS archive(s) mapped at: [0x0000017d34000000-0x0000017d34ba0000-0x0000017d34ba0000), size 12189696, SharedBaseAddress: 0x0000017d34000000, ArchiveRelocationMode: 1.
Compressed class space mapped at: 0x0000017d35000000-0x0000017d75000000, reserved size: 1073741824
Narrow klass base: 0x0000017d34000000, Narrow klass shift: 0, Narrow klass range: 0x100000000

GC Precious Log:
 CardTable entry size: 512
 CPUs: 8 total, 8 available
 Memory: 7998M
 Large Page Support: Disabled
 NUMA Support: Disabled
 Compressed Oops: Enabled (32-bit)
 Alignments: Space 512K, Generation 512K, Heap 2M
 Heap Min Capacity: 100M
 Heap Initial Capacity: 100M
 Heap Max Capacity: 2G
 Pre-touch: Disabled
 Parallel Workers: 8

Heap:
 PSYoungGen      total 8192K, used 4464K [0x00000000d5580000, 0x00000000d6200000, 0x0000000100000000)
  eden space 5120K, 53% used [0x00000000d5580000,0x00000000d582b8f0,0x00000000d5a80000)
  from space 3072K, 56% used [0x00000000d5e00000,0x00000000d5fb0720,0x00000000d6100000)
  to   space 3584K, 0% used [0x00000000d5a80000,0x00000000d5a80000,0x00000000d5e00000)
 ParOldGen       total 1398272K, used 133687K [0x0000000080000000, 0x00000000d5580000, 0x00000000d5580000)
  object space 1398272K, 9% used [0x0000000080000000,0x000000008828df98,0x00000000d5580000)
 Metaspace       used 75291K, committed 76544K, reserved 1179648K
  class space    used 7886K, committed 8448K, reserved 1048576K

Card table byte_map: [0x0000017d1c780000,0x0000017d1cb90000] _byte_map_base: 0x0000017d1c380000

Marking Bits: (ParMarkBitMap*) 0x00007ffc3dfb44a0
 Begin Bits: [0x0000017d2f290000, 0x0000017d31290000)
 End Bits:   [0x0000017d31290000, 0x0000017d33290000)

Polling page: 0x0000017d1adf0000

Metaspace:

Usage:
  Non-class:     65.83 MB used.
      Class:      7.70 MB used.
       Both:     73.53 MB used.

Virtual space:
  Non-class space:      128.00 MB reserved,      66.50 MB ( 52%) committed,  2 nodes.
      Class space:        1.00 GB reserved,       8.25 MB ( <1%) committed,  1 nodes.
             Both:        1.12 GB reserved,      74.75 MB (  6%) committed. 

Chunk freelists:
   Non-Class:  13.52 MB
       Class:  7.61 MB
        Both:  21.12 MB

MaxMetaspaceSize: unlimited
CompressedClassSpaceSize: 1.00 GB
Initial GC threshold: 21.00 MB
Current GC threshold: 116.88 MB
CDS: on
 - commit_granule_bytes: 65536.
 - commit_granule_words: 8192.
 - virtual_space_node_default_size: 8388608.
 - enlarge_chunks_in_place: 1.
 - use_allocation_guard: 0.


Internal statistics:

num_allocs_failed_limit: 11.
num_arena_births: 1488.
num_arena_deaths: 448.
num_vsnodes_births: 3.
num_vsnodes_deaths: 0.
num_space_committed: 1195.
num_space_uncommitted: 0.
num_chunks_returned_to_freelist: 542.
num_chunks_taken_from_freelist: 5038.
num_chunk_merges: 164.
num_chunk_splits: 2928.
num_chunks_enlarged: 1650.
num_inconsistent_stats: 0.

CodeHeap 'non-profiled nmethods': size=120000Kb used=9216Kb max_used=9216Kb free=110783Kb
 bounds [0x0000017d27ab0000, 0x0000017d283c0000, 0x0000017d2efe0000]
CodeHeap 'profiled nmethods': size=120000Kb used=30105Kb max_used=30105Kb free=89894Kb
 bounds [0x0000017d1ffe0000, 0x0000017d21d50000, 0x0000017d27510000]
CodeHeap 'non-nmethods': size=5760Kb used=1484Kb max_used=1602Kb free=4275Kb
 bounds [0x0000017d27510000, 0x0000017d27780000, 0x0000017d27ab0000]
CodeCache: size=245760Kb, used=40805Kb, max_used=40923Kb, free=204952Kb
 total_blobs=13782, nmethods=12981, adapters=704, full_count=0
Compilation: enabled, stopped_count=0, restarted_count=0

Compilation events (20 events):
Event: 57.605 Thread 0x0000017d1cd4f6f0 15280       2       org.eclipse.jdt.internal.compiler.SourceElementNotifier::notifySourceElementRequestor (1085 bytes)
Event: 57.610 Thread 0x0000017d1cd4f6f0 nmethod 15280 0x0000017d21d40410 code [0x0000017d21d408a0, 0x0000017d21d41f40]
Event: 57.626 Thread 0x0000017d1cd4f6f0 15281       2       org.eclipse.jdt.core.compiler.CharOperation::splitAndTrimOn (269 bytes)
Event: 57.627 Thread 0x0000017d1cd4f6f0 nmethod 15281 0x0000017d21d42d10 code [0x0000017d21d42f20, 0x0000017d21d439b0]
Event: 57.627 Thread 0x0000017d1cd4f6f0 15282       3       org.eclipse.jdt.internal.compiler.parser.Parser::recoveryExitFromVariable (133 bytes)
Event: 57.627 Thread 0x0000017d1cd4f6f0 nmethod 15282 0x0000017d21d43f10 code [0x0000017d21d44120, 0x0000017d21d44b20]
Event: 57.630 Thread 0x0000017d1cd4f6f0 15284       2       org.apache.maven.model.Plugin::<init> (16 bytes)
Event: 57.630 Thread 0x0000017d1cd4f6f0 nmethod 15284 0x0000017d21d44d90 code [0x0000017d21d44f20, 0x0000017d21d45060]
Event: 57.631 Thread 0x0000017d1cd4f6f0 15285       2       org.eclipse.sisu.wire.EntryListAdapter$ValueIterator::next (18 bytes)
Event: 57.631 Thread 0x0000017d1cd4f6f0 nmethod 15285 0x0000017d21d45110 code [0x0000017d21d452c0, 0x0000017d21d45478]
Event: 57.632 Thread 0x0000017d1cd4f6f0 15286       1       org.eclipse.aether.repository.RemoteRepository::getId (5 bytes)
Event: 57.632 Thread 0x0000017d1cd4f6f0 nmethod 15286 0x0000017d283afa10 code [0x0000017d283afba0, 0x0000017d283afc68]
Event: 57.632 Thread 0x0000017d1cd4f6f0 15287       1       org.apache.maven.model.Repository::getSnapshots (5 bytes)
Event: 57.632 Thread 0x0000017d1cd4f6f0 nmethod 15287 0x0000017d283afd10 code [0x0000017d283afea0, 0x0000017d283aff68]
Event: 57.632 Thread 0x0000017d1cd4f6f0 15288       1       org.apache.maven.model.Repository::getReleases (5 bytes)
Event: 57.632 Thread 0x0000017d1cd4f6f0 nmethod 15288 0x0000017d283b0010 code [0x0000017d283b01a0, 0x0000017d283b0268]
Event: 57.716 Thread 0x0000017d1cd4f6f0 15289       2       org.eclipse.jdt.internal.core.builder.ClasspathMultiReleaseJar$$Lambda/0x0000017d356c5490::apply (8 bytes)
Event: 57.716 Thread 0x0000017d1cd4f6f0 nmethod 15289 0x0000017d21d45590 code [0x0000017d21d45740, 0x0000017d21d458a0]
Event: 57.724 Thread 0x0000017d1cd4f6f0 15291       2       org.eclipse.jdt.internal.compiler.ast.MethodDeclaration::isDefaultMethod (15 bytes)
Event: 57.724 Thread 0x0000017d1cd4f6f0 nmethod 15291 0x0000017d21d45990 code [0x0000017d21d45b40, 0x0000017d21d45c88]

GC Heap History (20 events):
Event: 56.687 GC heap after
{Heap after GC invocations=182 (full 5):
 PSYoungGen      total 10752K, used 4594K [0x00000000d5580000, 0x00000000d6a00000, 0x0000000100000000)
  eden space 6144K, 0% used [0x00000000d5580000,0x00000000d5580000,0x00000000d5b80000)
  from space 4608K, 99% used [0x00000000d5b80000,0x00000000d5ffca00,0x00000000d6000000)
  to   space 7168K, 0% used [0x00000000d6300000,0x00000000d6300000,0x00000000d6a00000)
 ParOldGen       total 1398272K, used 122500K [0x0000000080000000, 0x00000000d5580000, 0x00000000d5580000)
  object space 1398272K, 8% used [0x0000000080000000,0x00000000877a1018,0x00000000d5580000)
 Metaspace       used 75181K, committed 76416K, reserved 1179648K
  class space    used 7886K, committed 8448K, reserved 1048576K
}
Event: 56.714 GC heap before
{Heap before GC invocations=183 (full 5):
 PSYoungGen      total 10752K, used 10738K [0x00000000d5580000, 0x00000000d6a00000, 0x0000000100000000)
  eden space 6144K, 100% used [0x00000000d5580000,0x00000000d5b80000,0x00000000d5b80000)
  from space 4608K, 99% used [0x00000000d5b80000,0x00000000d5ffca00,0x00000000d6000000)
  to   space 7168K, 0% used [0x00000000d6300000,0x00000000d6300000,0x00000000d6a00000)
 ParOldGen       total 1398272K, used 122500K [0x0000000080000000, 0x00000000d5580000, 0x00000000d5580000)
  object space 1398272K, 8% used [0x0000000080000000,0x00000000877a1018,0x00000000d5580000)
 Metaspace       used 75181K, committed 76416K, reserved 1179648K
  class space    used 7886K, committed 8448K, reserved 1048576K
}
Event: 56.722 GC heap after
{Heap after GC invocations=183 (full 5):
 PSYoungGen      total 9728K, used 3040K [0x00000000d5580000, 0x00000000d6600000, 0x0000000100000000)
  eden space 6656K, 0% used [0x00000000d5580000,0x00000000d5580000,0x00000000d5c00000)
  from space 3072K, 98% used [0x00000000d6300000,0x00000000d65f8010,0x00000000d6600000)
  to   space 4608K, 0% used [0x00000000d5d00000,0x00000000d5d00000,0x00000000d6180000)
 ParOldGen       total 1398272K, used 123178K [0x0000000080000000, 0x00000000d5580000, 0x00000000d5580000)
  object space 1398272K, 8% used [0x0000000080000000,0x000000008784aaa8,0x00000000d5580000)
 Metaspace       used 75181K, committed 76416K, reserved 1179648K
  class space    used 7886K, committed 8448K, reserved 1048576K
}
Event: 56.861 GC heap before
{Heap before GC invocations=184 (full 5):
 PSYoungGen      total 9728K, used 9696K [0x00000000d5580000, 0x00000000d6600000, 0x0000000100000000)
  eden space 6656K, 100% used [0x00000000d5580000,0x00000000d5c00000,0x00000000d5c00000)
  from space 3072K, 98% used [0x00000000d6300000,0x00000000d65f8010,0x00000000d6600000)
  to   space 4608K, 0% used [0x00000000d5d00000,0x00000000d5d00000,0x00000000d6180000)
 ParOldGen       total 1398272K, used 123178K [0x0000000080000000, 0x00000000d5580000, 0x00000000d5580000)
  object space 1398272K, 8% used [0x0000000080000000,0x000000008784aaa8,0x00000000d5580000)
 Metaspace       used 75201K, committed 76480K, reserved 1179648K
  class space    used 7886K, committed 8448K, reserved 1048576K
}
Event: 56.867 GC heap after
{Heap after GC invocations=184 (full 5):
 PSYoungGen      total 10752K, used 3456K [0x00000000d5580000, 0x00000000d6380000, 0x0000000100000000)
  eden space 7168K, 0% used [0x00000000d5580000,0x00000000d5580000,0x00000000d5c80000)
  from space 3584K, 96% used [0x00000000d5d00000,0x00000000d60602a0,0x00000000d6080000)
  to   space 3072K, 0% used [0x00000000d6080000,0x00000000d6080000,0x00000000d6380000)
 ParOldGen       total 1398272K, used 123186K [0x0000000080000000, 0x00000000d5580000, 0x00000000d5580000)
  object space 1398272K, 8% used [0x0000000080000000,0x000000008784caa8,0x00000000d5580000)
 Metaspace       used 75201K, committed 76480K, reserved 1179648K
  class space    used 7886K, committed 8448K, reserved 1048576K
}
Event: 57.013 GC heap before
{Heap before GC invocations=185 (full 5):
 PSYoungGen      total 10752K, used 10624K [0x00000000d5580000, 0x00000000d6380000, 0x0000000100000000)
  eden space 7168K, 100% used [0x00000000d5580000,0x00000000d5c80000,0x00000000d5c80000)
  from space 3584K, 96% used [0x00000000d5d00000,0x00000000d60602a0,0x00000000d6080000)
  to   space 3072K, 0% used [0x00000000d6080000,0x00000000d6080000,0x00000000d6380000)
 ParOldGen       total 1398272K, used 123186K [0x0000000080000000, 0x00000000d5580000, 0x00000000d5580000)
  object space 1398272K, 8% used [0x0000000080000000,0x000000008784caa8,0x00000000d5580000)
 Metaspace       used 75219K, committed 76480K, reserved 1179648K
  class space    used 7886K, committed 8448K, reserved 1048576K
}
Event: 57.017 GC heap after
{Heap after GC invocations=185 (full 5):
 PSYoungGen      total 10240K, used 3040K [0x00000000d5580000, 0x00000000d6500000, 0x0000000100000000)
  eden space 7168K, 0% used [0x00000000d5580000,0x00000000d5580000,0x00000000d5c80000)
  from space 3072K, 98% used [0x00000000d6080000,0x00000000d63782a0,0x00000000d6380000)
  to   space 4096K, 0% used [0x00000000d5c80000,0x00000000d5c80000,0x00000000d6080000)
 ParOldGen       total 1398272K, used 124025K [0x0000000080000000, 0x00000000d5580000, 0x00000000d5580000)
  object space 1398272K, 8% used [0x0000000080000000,0x000000008791e558,0x00000000d5580000)
 Metaspace       used 75219K, committed 76480K, reserved 1179648K
  class space    used 7886K, committed 8448K, reserved 1048576K
}
Event: 57.278 GC heap before
{Heap before GC invocations=186 (full 5):
 PSYoungGen      total 10240K, used 10208K [0x00000000d5580000, 0x00000000d6500000, 0x0000000100000000)
  eden space 7168K, 100% used [0x00000000d5580000,0x00000000d5c80000,0x00000000d5c80000)
  from space 3072K, 98% used [0x00000000d6080000,0x00000000d63782a0,0x00000000d6380000)
  to   space 4096K, 0% used [0x00000000d5c80000,0x00000000d5c80000,0x00000000d6080000)
 ParOldGen       total 1398272K, used 124025K [0x0000000080000000, 0x00000000d5580000, 0x00000000d5580000)
  object space 1398272K, 8% used [0x0000000080000000,0x000000008791e558,0x00000000d5580000)
 Metaspace       used 75250K, committed 76480K, reserved 1179648K
  class space    used 7886K, committed 8448K, reserved 1048576K
}
Event: 57.286 GC heap after
{Heap after GC invocations=186 (full 5):
 PSYoungGen      total 9728K, used 2523K [0x00000000d5580000, 0x00000000d6300000, 0x0000000100000000)
  eden space 7168K, 0% used [0x00000000d5580000,0x00000000d5580000,0x00000000d5c80000)
  from space 2560K, 98% used [0x00000000d5c80000,0x00000000d5ef6e68,0x00000000d5f00000)
  to   space 3072K, 0% used [0x00000000d6000000,0x00000000d6000000,0x00000000d6300000)
 ParOldGen       total 1398272K, used 125538K [0x0000000080000000, 0x00000000d5580000, 0x00000000d5580000)
  object space 1398272K, 8% used [0x0000000080000000,0x0000000087a988c8,0x00000000d5580000)
 Metaspace       used 75250K, committed 76480K, reserved 1179648K
  class space    used 7886K, committed 8448K, reserved 1048576K
}
Event: 57.381 GC heap before
{Heap before GC invocations=187 (full 5):
 PSYoungGen      total 9728K, used 9691K [0x00000000d5580000, 0x00000000d6300000, 0x0000000100000000)
  eden space 7168K, 100% used [0x00000000d5580000,0x00000000d5c80000,0x00000000d5c80000)
  from space 2560K, 98% used [0x00000000d5c80000,0x00000000d5ef6e68,0x00000000d5f00000)
  to   space 3072K, 0% used [0x00000000d6000000,0x00000000d6000000,0x00000000d6300000)
 ParOldGen       total 1398272K, used 125538K [0x0000000080000000, 0x00000000d5580000, 0x00000000d5580000)
  object space 1398272K, 8% used [0x0000000080000000,0x0000000087a988c8,0x00000000d5580000)
 Metaspace       used 75254K, committed 76480K, reserved 1179648K
  class space    used 7886K, committed 8448K, reserved 1048576K
}
Event: 57.391 GC heap after
{Heap after GC invocations=187 (full 5):
 PSYoungGen      total 7680K, used 3069K [0x00000000d5580000, 0x00000000d6900000, 0x0000000100000000)
  eden space 4608K, 0% used [0x00000000d5580000,0x00000000d5580000,0x00000000d5a00000)
  from space 3072K, 99% used [0x00000000d6000000,0x00000000d62ff5a8,0x00000000d6300000)
  to   space 6144K, 0% used [0x00000000d5a00000,0x00000000d5a00000,0x00000000d6000000)
 ParOldGen       total 1398272K, used 127871K [0x0000000080000000, 0x00000000d5580000, 0x00000000d5580000)
  object space 1398272K, 9% used [0x0000000080000000,0x0000000087cdfee0,0x00000000d5580000)
 Metaspace       used 75254K, committed 76480K, reserved 1179648K
  class space    used 7886K, committed 8448K, reserved 1048576K
}
Event: 57.417 GC heap before
{Heap before GC invocations=188 (full 5):
 PSYoungGen      total 7680K, used 7677K [0x00000000d5580000, 0x00000000d6900000, 0x0000000100000000)
  eden space 4608K, 100% used [0x00000000d5580000,0x00000000d5a00000,0x00000000d5a00000)
  from space 3072K, 99% used [0x00000000d6000000,0x00000000d62ff5a8,0x00000000d6300000)
  to   space 6144K, 0% used [0x00000000d5a00000,0x00000000d5a00000,0x00000000d6000000)
 ParOldGen       total 1398272K, used 127871K [0x0000000080000000, 0x00000000d5580000, 0x00000000d5580000)
  object space 1398272K, 9% used [0x0000000080000000,0x0000000087cdfee0,0x00000000d5580000)
 Metaspace       used 75254K, committed 76480K, reserved 1179648K
  class space    used 7886K, committed 8448K, reserved 1048576K
}
Event: 57.426 GC heap after
{Heap after GC invocations=188 (full 5):
 PSYoungGen      total 7168K, used 2379K [0x00000000d5580000, 0x00000000d6180000, 0x0000000100000000)
  eden space 4608K, 0% used [0x00000000d5580000,0x00000000d5580000,0x00000000d5a00000)
  from space 2560K, 92% used [0x00000000d5a00000,0x00000000d5c52e58,0x00000000d5c80000)
  to   space 3584K, 0% used [0x00000000d5e00000,0x00000000d5e00000,0x00000000d6180000)
 ParOldGen       total 1398272K, used 128327K [0x0000000080000000, 0x00000000d5580000, 0x00000000d5580000)
  object space 1398272K, 9% used [0x0000000080000000,0x0000000087d51ee0,0x00000000d5580000)
 Metaspace       used 75254K, committed 76480K, reserved 1179648K
  class space    used 7886K, committed 8448K, reserved 1048576K
}
Event: 57.457 GC heap before
{Heap before GC invocations=189 (full 5):
 PSYoungGen      total 7168K, used 6987K [0x00000000d5580000, 0x00000000d6180000, 0x0000000100000000)
  eden space 4608K, 100% used [0x00000000d5580000,0x00000000d5a00000,0x00000000d5a00000)
  from space 2560K, 92% used [0x00000000d5a00000,0x00000000d5c52e58,0x00000000d5c80000)
  to   space 3584K, 0% used [0x00000000d5e00000,0x00000000d5e00000,0x00000000d6180000)
 ParOldGen       total 1398272K, used 128327K [0x0000000080000000, 0x00000000d5580000, 0x00000000d5580000)
  object space 1398272K, 9% used [0x0000000080000000,0x0000000087d51ee0,0x00000000d5580000)
 Metaspace       used 75254K, committed 76480K, reserved 1179648K
  class space    used 7886K, committed 8448K, reserved 1048576K
}
Event: 57.463 GC heap after
{Heap after GC invocations=189 (full 5):
 PSYoungGen      total 7680K, used 2555K [0x00000000d5580000, 0x00000000d6080000, 0x0000000100000000)
  eden space 5120K, 0% used [0x00000000d5580000,0x00000000d5580000,0x00000000d5a80000)
  from space 2560K, 99% used [0x00000000d5e00000,0x00000000d607ee48,0x00000000d6080000)
  to   space 3072K, 0% used [0x00000000d5a80000,0x00000000d5a80000,0x00000000d5d80000)
 ParOldGen       total 1398272K, used 128327K [0x0000000080000000, 0x00000000d5580000, 0x00000000d5580000)
  object space 1398272K, 9% used [0x0000000080000000,0x0000000087d51ee0,0x00000000d5580000)
 Metaspace       used 75254K, committed 76480K, reserved 1179648K
  class space    used 7886K, committed 8448K, reserved 1048576K
}
Event: 57.515 GC heap before
{Heap before GC invocations=190 (full 5):
 PSYoungGen      total 7680K, used 7675K [0x00000000d5580000, 0x00000000d6080000, 0x0000000100000000)
  eden space 5120K, 100% used [0x00000000d5580000,0x00000000d5a80000,0x00000000d5a80000)
  from space 2560K, 99% used [0x00000000d5e00000,0x00000000d607ee48,0x00000000d6080000)
  to   space 3072K, 0% used [0x00000000d5a80000,0x00000000d5a80000,0x00000000d5d80000)
 ParOldGen       total 1398272K, used 128327K [0x0000000080000000, 0x00000000d5580000, 0x00000000d5580000)
  object space 1398272K, 9% used [0x0000000080000000,0x0000000087d51ee0,0x00000000d5580000)
 Metaspace       used 75272K, committed 76544K, reserved 1179648K
  class space    used 7886K, committed 8448K, reserved 1048576K
}
Event: 57.520 GC heap after
{Heap after GC invocations=190 (full 5):
 PSYoungGen      total 8192K, used 2939K [0x00000000d5580000, 0x00000000d6100000, 0x0000000100000000)
  eden space 5120K, 0% used [0x00000000d5580000,0x00000000d5580000,0x00000000d5a80000)
  from space 3072K, 95% used [0x00000000d5a80000,0x00000000d5d5ee48,0x00000000d5d80000)
  to   space 3072K, 0% used [0x00000000d5e00000,0x00000000d5e00000,0x00000000d6100000)
 ParOldGen       total 1398272K, used 128327K [0x0000000080000000, 0x00000000d5580000, 0x00000000d5580000)
  object space 1398272K, 9% used [0x0000000080000000,0x0000000087d51ee0,0x00000000d5580000)
 Metaspace       used 75272K, committed 76544K, reserved 1179648K
  class space    used 7886K, committed 8448K, reserved 1048576K
}
Event: 57.699 GC heap before
{Heap before GC invocations=191 (full 5):
 PSYoungGen      total 8192K, used 8059K [0x00000000d5580000, 0x00000000d6100000, 0x0000000100000000)
  eden space 5120K, 100% used [0x00000000d5580000,0x00000000d5a80000,0x00000000d5a80000)
  from space 3072K, 95% used [0x00000000d5a80000,0x00000000d5d5ee48,0x00000000d5d80000)
  to   space 3072K, 0% used [0x00000000d5e00000,0x00000000d5e00000,0x00000000d6100000)
 ParOldGen       total 1398272K, used 128327K [0x0000000080000000, 0x00000000d5580000, 0x00000000d5580000)
  object space 1398272K, 9% used [0x0000000080000000,0x0000000087d51ee0,0x00000000d5580000)
 Metaspace       used 75290K, committed 76544K, reserved 1179648K
  class space    used 7886K, committed 8448K, reserved 1048576K
}
Event: 57.706 GC heap after
{Heap after GC invocations=191 (full 5):
 PSYoungGen      total 8192K, used 3041K [0x00000000d5580000, 0x00000000d6100000, 0x0000000100000000)
  eden space 5120K, 0% used [0x00000000d5580000,0x00000000d5580000,0x00000000d5a80000)
  from space 3072K, 99% used [0x00000000d5e00000,0x00000000d60f8770,0x00000000d6100000)
  to   space 3072K, 0% used [0x00000000d5a80000,0x00000000d5a80000,0x00000000d5d80000)
 ParOldGen       total 1398272K, used 129819K [0x0000000080000000, 0x00000000d5580000, 0x00000000d5580000)
  object space 1398272K, 9% used [0x0000000080000000,0x0000000087ec6d38,0x00000000d5580000)
 Metaspace       used 75290K, committed 76544K, reserved 1179648K
  class space    used 7886K, committed 8448K, reserved 1048576K
}
Event: 57.754 GC heap before
{Heap before GC invocations=192 (full 5):
 PSYoungGen      total 8192K, used 8161K [0x00000000d5580000, 0x00000000d6100000, 0x0000000100000000)
  eden space 5120K, 100% used [0x00000000d5580000,0x00000000d5a80000,0x00000000d5a80000)
  from space 3072K, 99% used [0x00000000d5e00000,0x00000000d60f8770,0x00000000d6100000)
  to   space 3072K, 0% used [0x00000000d5a80000,0x00000000d5a80000,0x00000000d5d80000)
 ParOldGen       total 1398272K, used 129819K [0x0000000080000000, 0x00000000d5580000, 0x00000000d5580000)
  object space 1398272K, 9% used [0x0000000080000000,0x0000000087ec6d38,0x00000000d5580000)
 Metaspace       used 75291K, committed 76544K, reserved 1179648K
  class space    used 7886K, committed 8448K, reserved 1048576K
}

Dll operation events (20 events):
Event: 0.238 Attempting to load shared library C:\Users\HP\.antigravity-ide\extensions\redhat.java-1.56.0-win32-x64\jre\21.0.12.1-win32-x86_64\bin\instrument.dll
Event: 0.238 Loaded shared library C:\Users\HP\.antigravity-ide\extensions\redhat.java-1.56.0-win32-x64\jre\21.0.12.1-win32-x86_64\bin\instrument.dll
Event: 0.266 Attempting to load shared library C:\Users\HP\.antigravity-ide\extensions\redhat.java-1.56.0-win32-x64\jre\21.0.12.1-win32-x86_64\bin\net.dll
Event: 0.288 Loaded shared library C:\Users\HP\.antigravity-ide\extensions\redhat.java-1.56.0-win32-x64\jre\21.0.12.1-win32-x86_64\bin\net.dll
Event: 0.290 Attempting to load shared library C:\Users\HP\.antigravity-ide\extensions\redhat.java-1.56.0-win32-x64\jre\21.0.12.1-win32-x86_64\bin\nio.dll
Event: 0.291 Loaded shared library C:\Users\HP\.antigravity-ide\extensions\redhat.java-1.56.0-win32-x64\jre\21.0.12.1-win32-x86_64\bin\nio.dll
Event: 0.321 Attempting to load shared library C:\Users\HP\.antigravity-ide\extensions\redhat.java-1.56.0-win32-x64\jre\21.0.12.1-win32-x86_64\bin\zip.dll
Event: 0.321 Loaded shared library C:\Users\HP\.antigravity-ide\extensions\redhat.java-1.56.0-win32-x64\jre\21.0.12.1-win32-x86_64\bin\zip.dll
Event: 0.369 Attempting to load shared library C:\Users\HP\.antigravity-ide\extensions\redhat.java-1.56.0-win32-x64\jre\21.0.12.1-win32-x86_64\bin\jimage.dll
Event: 0.369 Loaded shared library C:\Users\HP\.antigravity-ide\extensions\redhat.java-1.56.0-win32-x64\jre\21.0.12.1-win32-x86_64\bin\jimage.dll
Event: 2.018 Attempting to load shared library c:\Users\HP\.antigravity-ide\extensions\redhat.java-1.56.0-win32-x64\jre\21.0.12.1-win32-x86_64\bin\verify.dll
Event: 2.018 Loaded shared library c:\Users\HP\.antigravity-ide\extensions\redhat.java-1.56.0-win32-x64\jre\21.0.12.1-win32-x86_64\bin\verify.dll
Event: 6.819 Attempting to load shared library C:\Users\HP\AppData\Roaming\Antigravity IDE\User\globalStorage\redhat.java\1.56.0\config_win\org.eclipse.equinox.launcher\org.eclipse.equinox.launcher.win32.win32.x86_64_1.3.100.v20260804-1928\eclipse_11924.dll
Event: 6.825 Loaded shared library C:\Users\HP\AppData\Roaming\Antigravity IDE\User\globalStorage\redhat.java\1.56.0\config_win\org.eclipse.equinox.launcher\org.eclipse.equinox.launcher.win32.win32.x86_64_1.3.100.v20260804-1928\eclipse_11924.dll
Event: 17.103 Attempting to load shared library C:\Users\HP\AppData\Local\Temp\jna-2312\jna1697752047003216127.dll
Event: 17.852 Loaded shared library C:\Users\HP\AppData\Local\Temp\jna-2312\jna1697752047003216127.dll
Event: 22.565 Attempting to load shared library C:\Users\HP\.antigravity-ide\extensions\redhat.java-1.56.0-win32-x64\jre\21.0.12.1-win32-x86_64\bin\sunmscapi.dll
Event: 22.778 Loaded shared library C:\Users\HP\.antigravity-ide\extensions\redhat.java-1.56.0-win32-x64\jre\21.0.12.1-win32-x86_64\bin\sunmscapi.dll
Event: 24.240 Attempting to load shared library C:\Users\HP\.antigravity-ide\extensions\redhat.java-1.56.0-win32-x64\jre\21.0.12.1-win32-x86_64\bin\extnet.dll
Event: 24.341 Loaded shared library C:\Users\HP\.antigravity-ide\extensions\redhat.java-1.56.0-win32-x64\jre\21.0.12.1-win32-x86_64\bin\extnet.dll

Deoptimization events (20 events):
Event: 56.910 Thread 0x0000017d769eefd0 Uncommon trap: trap_request=0xffffff45 fr.pc=0x0000017d28348344 relative=0x0000000000009164
Event: 56.910 Thread 0x0000017d769eefd0 Uncommon trap: reason=unstable_if action=reinterpret pc=0x0000017d28348344 method=org.eclipse.jdt.core.compiler.CharOperation.equals([C[CIIZ)Z @ 22 c2
Event: 56.910 Thread 0x0000017d769eefd0 DEOPT PACKING pc=0x0000017d28348344 sp=0x0000006498afd310
Event: 56.910 Thread 0x0000017d769eefd0 DEOPT UNPACKING pc=0x0000017d27563aa2 sp=0x0000006498afd260 mode 2
Event: 57.185 Thread 0x0000017d769ecf00 Uncommon trap: trap_request=0xffffffbe fr.pc=0x0000017d2839c374 relative=0x0000000000001354
Event: 57.185 Thread 0x0000017d769ecf00 Uncommon trap: reason=profile_predicate action=maybe_recompile pc=0x0000017d2839c374 method=java.util.regex.Pattern.compile()V @ 78 c2
Event: 57.185 Thread 0x0000017d769ecf00 DEOPT PACKING pc=0x0000017d2839c374 sp=0x00000064985fd400
Event: 57.185 Thread 0x0000017d769ecf00 DEOPT UNPACKING pc=0x0000017d27563aa2 sp=0x00000064985fd3c0 mode 2
Event: 57.185 Thread 0x0000017d769ecf00 Uncommon trap: trap_request=0xffffffbe fr.pc=0x0000017d2839c374 relative=0x0000000000001354
Event: 57.185 Thread 0x0000017d769ecf00 Uncommon trap: reason=profile_predicate action=maybe_recompile pc=0x0000017d2839c374 method=java.util.regex.Pattern.compile()V @ 78 c2
Event: 57.185 Thread 0x0000017d769ecf00 DEOPT PACKING pc=0x0000017d2839c374 sp=0x00000064985fd0d0
Event: 57.185 Thread 0x0000017d769ecf00 DEOPT UNPACKING pc=0x0000017d27563aa2 sp=0x00000064985fd090 mode 2
Event: 57.185 Thread 0x0000017d769ecf00 Uncommon trap: trap_request=0xffffffbe fr.pc=0x0000017d2839c374 relative=0x0000000000001354
Event: 57.185 Thread 0x0000017d769ecf00 Uncommon trap: reason=profile_predicate action=maybe_recompile pc=0x0000017d2839c374 method=java.util.regex.Pattern.compile()V @ 78 c2
Event: 57.185 Thread 0x0000017d769ecf00 DEOPT PACKING pc=0x0000017d2839c374 sp=0x00000064985fd0d0
Event: 57.185 Thread 0x0000017d769ecf00 DEOPT UNPACKING pc=0x0000017d27563aa2 sp=0x00000064985fd090 mode 2
Event: 57.360 Thread 0x0000017d769ecf00 Uncommon trap: trap_request=0xffffffbe fr.pc=0x0000017d2839c374 relative=0x0000000000001354
Event: 57.360 Thread 0x0000017d769ecf00 Uncommon trap: reason=profile_predicate action=maybe_recompile pc=0x0000017d2839c374 method=java.util.regex.Pattern.compile()V @ 78 c2
Event: 57.360 Thread 0x0000017d769ecf00 DEOPT PACKING pc=0x0000017d2839c374 sp=0x00000064985fd690
Event: 57.360 Thread 0x0000017d769ecf00 DEOPT UNPACKING pc=0x0000017d27563aa2 sp=0x00000064985fd650 mode 2

Classes loaded (20 events):
Event: 47.585 Loading class java/util/Collections$1Customizer
Event: 47.585 Loading class java/util/Collections$1Customizer done
Event: 47.585 Loading class java/util/Collections$1Customizer
Event: 47.585 Loading class java/util/Collections$1Customizer done
Event: 47.586 Loading class java/util/Collections$1Customizer
Event: 47.586 Loading class java/util/Collections$1Customizer done
Event: 47.586 Loading class java/util/Collections$1Customizer
Event: 47.586 Loading class java/util/Collections$1Customizer done
Event: 47.586 Loading class java/util/Collections$1Customizer
Event: 47.586 Loading class java/util/Collections$1Customizer done
Event: 47.586 Loading class java/lang/Class$EnclosingMethodInfo
Event: 47.586 Loading class java/lang/Class$EnclosingMethodInfo done
Event: 48.258 Loading class java/util/concurrent/ArrayBlockingQueue
Event: 48.260 Loading class java/util/concurrent/ArrayBlockingQueue done
Event: 49.302 Loading class java/util/Hashtable$ValueCollection
Event: 49.303 Loading class java/util/Hashtable$ValueCollection done
Event: 49.308 Loading class java/util/concurrent/ConcurrentHashMap$KeySpliterator
Event: 49.309 Loading class java/util/concurrent/ConcurrentHashMap$KeySpliterator done
Event: 55.130 Loading class jdk/internal/module/IllegalAccessLogger
Event: 55.130 Loading class jdk/internal/module/IllegalAccessLogger done

Classes unloaded (20 events):
Event: 45.467 Thread 0x0000017d1cd1e920 Unloading class 0x0000017d35014800 'java/lang/invoke/LambdaForm$MH+0x0000017d35014800'
Event: 45.467 Thread 0x0000017d1cd1e920 Unloading class 0x0000017d3500d800 'java/lang/invoke/LambdaForm$MH+0x0000017d3500d800'
Event: 45.467 Thread 0x0000017d1cd1e920 Unloading class 0x0000017d3500d400 'java/lang/invoke/LambdaForm$MH+0x0000017d3500d400'
Event: 45.467 Thread 0x0000017d1cd1e920 Unloading class 0x0000017d3500d000 'java/lang/invoke/LambdaForm$MH+0x0000017d3500d000'
Event: 45.467 Thread 0x0000017d1cd1e920 Unloading class 0x0000017d3500cc00 'java/lang/invoke/LambdaForm$MH+0x0000017d3500cc00'
Event: 45.467 Thread 0x0000017d1cd1e920 Unloading class 0x0000017d3500c800 'java/lang/invoke/LambdaForm$BMH+0x0000017d3500c800'
Event: 45.467 Thread 0x0000017d1cd1e920 Unloading class 0x0000017d3500c000 'java/lang/invoke/LambdaForm$DMH+0x0000017d3500c000'
Event: 45.467 Thread 0x0000017d1cd1e920 Unloading class 0x0000017d35008c00 'java/lang/invoke/LambdaForm$MH+0x0000017d35008c00'
Event: 45.467 Thread 0x0000017d1cd1e920 Unloading class 0x0000017d35008800 'java/lang/invoke/LambdaForm$MH+0x0000017d35008800'
Event: 45.467 Thread 0x0000017d1cd1e920 Unloading class 0x0000017d35008400 'java/lang/invoke/LambdaForm$MH+0x0000017d35008400'
Event: 45.467 Thread 0x0000017d1cd1e920 Unloading class 0x0000017d35007000 'java/lang/invoke/LambdaForm$MH+0x0000017d35007000'
Event: 45.467 Thread 0x0000017d1cd1e920 Unloading class 0x0000017d35006c00 'java/lang/invoke/LambdaForm$MH+0x0000017d35006c00'
Event: 45.467 Thread 0x0000017d1cd1e920 Unloading class 0x0000017d35006800 'java/lang/invoke/LambdaForm$MH+0x0000017d35006800'
Event: 45.467 Thread 0x0000017d1cd1e920 Unloading class 0x0000017d35006400 'java/lang/invoke/LambdaForm$MH+0x0000017d35006400'
Event: 45.467 Thread 0x0000017d1cd1e920 Unloading class 0x0000017d35005c00 'java/lang/invoke/LambdaForm$BMH+0x0000017d35005c00'
Event: 45.467 Thread 0x0000017d1cd1e920 Unloading class 0x0000017d35004800 'java/lang/invoke/LambdaForm$DMH+0x0000017d35004800'
Event: 45.467 Thread 0x0000017d1cd1e920 Unloading class 0x0000017d35002400 'java/lang/invoke/LambdaForm$MH+0x0000017d35002400'
Event: 45.467 Thread 0x0000017d1cd1e920 Unloading class 0x0000017d35002000 'java/lang/invoke/LambdaForm$MH+0x0000017d35002000'
Event: 45.467 Thread 0x0000017d1cd1e920 Unloading class 0x0000017d35001800 'java/lang/invoke/LambdaForm$MH+0x0000017d35001800'
Event: 45.467 Thread 0x0000017d1cd1e920 Unloading class 0x0000017d35000400 'java/lang/invoke/LambdaForm$MH+0x0000017d35000400'

Classes redefined (0 events):
No events

Internal exceptions (20 events):
Event: 51.143 Thread 0x0000017d7bfbc700 Exception <a 'java/lang/NullPointerException'{0x00000000d5bb37c0}> (0x00000000d5bb37c0) 
thrown [s\src\hotspot\share\runtime\sharedRuntime.cpp, line 625]
Event: 51.143 Thread 0x0000017d7bfbc700 Implicit null exception at 0x0000017d213b5475 to 0x0000017d213b6653
Event: 51.143 Thread 0x0000017d7bfbc700 Exception <a 'java/lang/NullPointerException'{0x00000000d5bb4870}> (0x00000000d5bb4870) 
thrown [s\src\hotspot\share\runtime\sharedRuntime.cpp, line 625]
Event: 51.144 Thread 0x0000017d7bfbc700 Implicit null exception at 0x0000017d213b5475 to 0x0000017d213b6653
Event: 51.144 Thread 0x0000017d7bfbc700 Exception <a 'java/lang/NullPointerException'{0x00000000d5bb5478}> (0x00000000d5bb5478) 
thrown [s\src\hotspot\share\runtime\sharedRuntime.cpp, line 625]
Event: 51.144 Thread 0x0000017d7bfbc700 Implicit null exception at 0x0000017d213b5475 to 0x0000017d213b6653
Event: 51.144 Thread 0x0000017d7bfbc700 Exception <a 'java/lang/NullPointerException'{0x00000000d5bb60e8}> (0x00000000d5bb60e8) 
thrown [s\src\hotspot\share\runtime\sharedRuntime.cpp, line 625]
Event: 53.235 Thread 0x0000017d769ecf00 Exception <a 'sun/nio/fs/WindowsException'{0x00000000d5a8fdd0}> (0x00000000d5a8fdd0) 
thrown [s\src\hotspot\share\prims\jni.cpp, line 520]
Event: 55.148 Thread 0x0000017d769ecf00 Exception <a 'sun/nio/fs/WindowsException'{0x00000000d5770230}> (0x00000000d5770230) 
thrown [s\src\hotspot\share\prims\jni.cpp, line 520]
Event: 55.148 Thread 0x0000017d769ecf00 Exception <a 'sun/nio/fs/WindowsException'{0x00000000d5770890}> (0x00000000d5770890) 
thrown [s\src\hotspot\share\prims\jni.cpp, line 520]
Event: 56.230 Thread 0x0000017d769ecf00 Exception <a 'java/lang/NoSuchMethodError'{0x00000000d5683b58}: 'void java.lang.invoke.DirectMethodHandle$Holder.invokeStatic(java.lang.Object, java.lang.Object, java.lang.Object, int)'> (0x00000000d5683b58) 
thrown [s\src\hotspot\share\interpreter\linkResolver.cpp, line 773]
Event: 56.245 Thread 0x0000017d769ecf00 Exception <a 'java/lang/NoSuchMethodError'{0x00000000d56dde38}: 'void java.lang.invoke.DirectMethodHandle$Holder.invokeVirtual(java.lang.Object, java.lang.Object, int)'> (0x00000000d56dde38) 
thrown [s\src\hotspot\share\interpreter\linkResolver.cpp, line 773]
Event: 57.222 Thread 0x0000017d769eefd0 Implicit null exception at 0x0000017d2196819b to 0x0000017d2196ba0b
Event: 57.222 Thread 0x0000017d769eefd0 Exception <a 'java/lang/NullPointerException'{0x00000000d5b82db8}> (0x00000000d5b82db8) 
thrown [s\src\hotspot\share\runtime\sharedRuntime.cpp, line 625]
Event: 57.222 Thread 0x0000017d769eefd0 Implicit null exception at 0x0000017d2196819b to 0x0000017d2196ba0b
Event: 57.222 Thread 0x0000017d769eefd0 Exception <a 'java/lang/NullPointerException'{0x00000000d5b83e68}> (0x00000000d5b83e68) 
thrown [s\src\hotspot\share\runtime\sharedRuntime.cpp, line 625]
Event: 57.222 Thread 0x0000017d769eefd0 Implicit null exception at 0x0000017d2196819b to 0x0000017d2196ba0b
Event: 57.222 Thread 0x0000017d769eefd0 Exception <a 'java/lang/NullPointerException'{0x00000000d5b84a70}> (0x00000000d5b84a70) 
thrown [s\src\hotspot\share\runtime\sharedRuntime.cpp, line 625]
Event: 57.222 Thread 0x0000017d769eefd0 Implicit null exception at 0x0000017d2196819b to 0x0000017d2196ba0b
Event: 57.222 Thread 0x0000017d769eefd0 Exception <a 'java/lang/NullPointerException'{0x00000000d5b856e0}> (0x00000000d5b856e0) 
thrown [s\src\hotspot\share\runtime\sharedRuntime.cpp, line 625]

ZGC Phase Switch (0 events):
No events

VM Operations (20 events):
Event: 56.722 Executing safepoint VM operation: ParallelGCFailedAllocation (Allocation Failure) done
Event: 56.861 Executing safepoint VM operation: ParallelGCFailedAllocation (Allocation Failure)
Event: 56.867 Executing safepoint VM operation: ParallelGCFailedAllocation (Allocation Failure) done
Event: 56.905 Executing non-safepoint VM operation: HandshakeAllThreads (Deoptimize)
Event: 56.905 Executing non-safepoint VM operation: HandshakeAllThreads (Deoptimize) done
Event: 57.013 Executing safepoint VM operation: ParallelGCFailedAllocation (Allocation Failure)
Event: 57.017 Executing safepoint VM operation: ParallelGCFailedAllocation (Allocation Failure) done
Event: 57.278 Executing safepoint VM operation: ParallelGCFailedAllocation (Allocation Failure)
Event: 57.286 Executing safepoint VM operation: ParallelGCFailedAllocation (Allocation Failure) done
Event: 57.381 Executing safepoint VM operation: ParallelGCFailedAllocation (Allocation Failure)
Event: 57.391 Executing safepoint VM operation: ParallelGCFailedAllocation (Allocation Failure) done
Event: 57.417 Executing safepoint VM operation: ParallelGCFailedAllocation (Allocation Failure)
Event: 57.426 Executing safepoint VM operation: ParallelGCFailedAllocation (Allocation Failure) done
Event: 57.457 Executing safepoint VM operation: ParallelGCFailedAllocation (Allocation Failure)
Event: 57.463 Executing safepoint VM operation: ParallelGCFailedAllocation (Allocation Failure) done
Event: 57.514 Executing safepoint VM operation: ParallelGCFailedAllocation (Allocation Failure)
Event: 57.520 Executing safepoint VM operation: ParallelGCFailedAllocation (Allocation Failure) done
Event: 57.699 Executing safepoint VM operation: ParallelGCFailedAllocation (Allocation Failure)
Event: 57.706 Executing safepoint VM operation: ParallelGCFailedAllocation (Allocation Failure) done
Event: 57.754 Executing safepoint VM operation: ParallelGCFailedAllocation (Allocation Failure)

Memory protections (0 events):
No events

Nmethod flushes (20 events):
Event: 45.507 Thread 0x0000017d1cd1e920 flushing  nmethod 0x0000017d21665210
Event: 45.507 Thread 0x0000017d1cd1e920 flushing  nmethod 0x0000017d21701810
Event: 45.507 Thread 0x0000017d1cd1e920 flushing  nmethod 0x0000017d21709110
Event: 45.507 Thread 0x0000017d1cd1e920 flushing  nmethod 0x0000017d2170b710
Event: 45.507 Thread 0x0000017d1cd1e920 flushing  nmethod 0x0000017d2170bb90
Event: 45.507 Thread 0x0000017d1cd1e920 flushing  nmethod 0x0000017d2170c210
Event: 45.507 Thread 0x0000017d1cd1e920 flushing  nmethod 0x0000017d2170e410
Event: 45.507 Thread 0x0000017d1cd1e920 flushing  nmethod 0x0000017d2170ed10
Event: 45.507 Thread 0x0000017d1cd1e920 flushing  nmethod 0x0000017d21756e90
Event: 45.507 Thread 0x0000017d1cd1e920 flushing  nmethod 0x0000017d21784910
Event: 45.507 Thread 0x0000017d1cd1e920 flushing  nmethod 0x0000017d2179e790
Event: 45.507 Thread 0x0000017d1cd1e920 flushing  nmethod 0x0000017d2179ed10
Event: 45.507 Thread 0x0000017d1cd1e920 flushing  nmethod 0x0000017d217a5010
Event: 45.507 Thread 0x0000017d1cd1e920 flushing  nmethod 0x0000017d217a5d10
Event: 45.507 Thread 0x0000017d1cd1e920 flushing  nmethod 0x0000017d217a6a10
Event: 45.507 Thread 0x0000017d1cd1e920 flushing  nmethod 0x0000017d217aab10
Event: 45.507 Thread 0x0000017d1cd1e920 flushing  nmethod 0x0000017d217ac890
Event: 45.507 Thread 0x0000017d1cd1e920 flushing  nmethod 0x0000017d217af710
Event: 45.507 Thread 0x0000017d1cd1e920 flushing  nmethod 0x0000017d217c9f10
Event: 45.507 Thread 0x0000017d1cd1e920 flushing  nmethod 0x0000017d217e2590

Events (20 events):
Event: 30.099 Thread 0x0000017d769ecf00 Thread added: 0x0000017d7e722cf0
Event: 30.099 Thread 0x0000017d769ecf00 Thread added: 0x0000017d7e720c20
Event: 30.099 Thread 0x0000017d769ecf00 Thread added: 0x0000017d7e7212b0
Event: 30.099 Thread 0x0000017d769ecf00 Thread added: 0x0000017d7e721940
Event: 35.647 Thread 0x0000017d1cd4f6f0 Thread added: 0x0000017d7c515090
Event: 35.912 Thread 0x0000017d1cd42280 Thread added: 0x0000017d7c513c20
Event: 39.104 Thread 0x0000017d7c513c20 Thread exited: 0x0000017d7c513c20
Event: 39.115 Thread 0x0000017d7c515090 Thread exited: 0x0000017d7c515090
Event: 39.212 Thread 0x0000017d1cd4f6f0 Thread added: 0x0000017d7c515760
Event: 41.424 Thread 0x0000017d7e721fd0 Thread exited: 0x0000017d7e721fd0
Event: 45.146 Thread 0x0000017d769eefd0 Thread added: 0x0000017d7bfbb9e0
Event: 48.262 Thread 0x0000017d769ecf00 Thread added: 0x0000017d7bfbc700
Event: 49.162 Thread 0x0000017d7c515760 Thread exited: 0x0000017d7c515760
Event: 49.314 Thread 0x0000017d769ecf00 Thread added: 0x0000017d7bfba630
Event: 49.319 Thread 0x0000017d769ecf00 Thread added: 0x0000017d7bfc0f30
Event: 49.353 Thread 0x0000017d1cd4f6f0 Thread added: 0x0000017d7c515090
Event: 49.560 Thread 0x0000017d769ecf00 Thread added: 0x0000017d7bfbe7d0
Event: 49.786 Thread 0x0000017d769ecf00 Thread added: 0x0000017d7bfc08a0
Event: 50.115 Thread 0x0000017d769ecf00 Thread added: 0x0000017d769ee2b0
Event: 50.174 Thread 0x0000017d769ecf00 Thread added: 0x0000017d7e721fd0


Dynamic libraries:
0x00007ff7c5a00000 - 0x00007ff7c5a0e000 	c:\Users\HP\.antigravity-ide\extensions\redhat.java-1.56.0-win32-x64\jre\21.0.12.1-win32-x86_64\bin\java.exe
0x00007ffcf9720000 - 0x00007ffcf9929000 	C:\Windows\SYSTEM32\ntdll.dll
0x00007ffcf8e00000 - 0x00007ffcf8ebd000 	C:\Windows\System32\KERNEL32.DLL
0x00007ffcf6f20000 - 0x00007ffcf72a4000 	C:\Windows\System32\KERNELBASE.dll
0x00007ffcf72b0000 - 0x00007ffcf73c1000 	C:\Windows\System32\ucrtbase.dll
0x00007ffcc08c0000 - 0x00007ffcc08d8000 	c:\Users\HP\.antigravity-ide\extensions\redhat.java-1.56.0-win32-x64\jre\21.0.12.1-win32-x86_64\bin\jli.dll
0x00007ffcf7960000 - 0x00007ffcf7b0d000 	C:\Windows\System32\USER32.dll
0x00007ffcf7540000 - 0x00007ffcf7566000 	C:\Windows\System32\win32u.dll
0x00007ffcf7b10000 - 0x00007ffcf7b3a000 	C:\Windows\System32\GDI32.dll
0x00007ffcf6d40000 - 0x00007ffcf6e5e000 	C:\Windows\System32\gdi32full.dll
0x00007ffcf6bb0000 - 0x00007ffcf6c4d000 	C:\Windows\System32\msvcp_win.dll
0x00007ffcdc840000 - 0x00007ffcdcae5000 	C:\Windows\WinSxS\amd64_microsoft.windows.common-controls_6595b64144ccf1df_6.0.22000.120_none_9d947278b86cc467\COMCTL32.dll
0x00007ffcf78b0000 - 0x00007ffcf7953000 	C:\Windows\System32\msvcrt.dll
0x00007ffcc08e0000 - 0x00007ffcc08fe000 	c:\Users\HP\.antigravity-ide\extensions\redhat.java-1.56.0-win32-x64\jre\21.0.12.1-win32-x86_64\bin\VCRUNTIME140.dll
0x00007ffcf7ec0000 - 0x00007ffcf7ef1000 	C:\Windows\System32\IMM32.DLL
0x00007ffcd39f0000 - 0x00007ffcd39fc000 	c:\Users\HP\.antigravity-ide\extensions\redhat.java-1.56.0-win32-x64\jre\21.0.12.1-win32-x86_64\bin\vcruntime140_1.dll
0x00007ffcc0830000 - 0x00007ffcc08bd000 	c:\Users\HP\.antigravity-ide\extensions\redhat.java-1.56.0-win32-x64\jre\21.0.12.1-win32-x86_64\bin\msvcp140.dll
0x00007ffc3d2f0000 - 0x00007ffc3e092000 	c:\Users\HP\.antigravity-ide\extensions\redhat.java-1.56.0-win32-x64\jre\21.0.12.1-win32-x86_64\bin\server\jvm.dll
0x00007ffcf8470000 - 0x00007ffcf851e000 	C:\Windows\System32\ADVAPI32.dll
0x00007ffcf9360000 - 0x00007ffcf93fe000 	C:\Windows\System32\sechost.dll
0x00007ffcf8f20000 - 0x00007ffcf9041000 	C:\Windows\System32\RPCRT4.dll
0x00007ffcf8400000 - 0x00007ffcf846f000 	C:\Windows\System32\WS2_32.dll
0x00007ffcedc90000 - 0x00007ffcedcc3000 	C:\Windows\SYSTEM32\WINMM.dll
0x00007ffcf0a40000 - 0x00007ffcf0a4a000 	C:\Windows\SYSTEM32\VERSION.dll
0x00007ffcf6a80000 - 0x00007ffcf6acd000 	C:\Windows\SYSTEM32\POWRPROF.dll
0x00007ffcf6a60000 - 0x00007ffcf6a73000 	C:\Windows\SYSTEM32\UMPDC.dll
0x00007ffcf5be0000 - 0x00007ffcf5bf8000 	C:\Windows\SYSTEM32\kernel.appcore.dll
0x00007ffcd2140000 - 0x00007ffcd214a000 	c:\Users\HP\.antigravity-ide\extensions\redhat.java-1.56.0-win32-x64\jre\21.0.12.1-win32-x86_64\bin\jimage.dll
0x00007ffce71a0000 - 0x00007ffce73c1000 	C:\Windows\SYSTEM32\DBGHELP.DLL
0x00007ffcd4ed0000 - 0x00007ffcd4f01000 	C:\Windows\SYSTEM32\dbgcore.DLL
0x00007ffcf6cc0000 - 0x00007ffcf6d3f000 	C:\Windows\System32\bcryptPrimitives.dll
0x00007ffcd2020000 - 0x00007ffcd202f000 	c:\Users\HP\.antigravity-ide\extensions\redhat.java-1.56.0-win32-x64\jre\21.0.12.1-win32-x86_64\bin\instrument.dll
0x00007ffcc0810000 - 0x00007ffcc0830000 	c:\Users\HP\.antigravity-ide\extensions\redhat.java-1.56.0-win32-x64\jre\21.0.12.1-win32-x86_64\bin\java.dll
0x00007ffcf8530000 - 0x00007ffcf8cf5000 	C:\Windows\System32\SHELL32.dll
0x00007ffcf4c40000 - 0x00007ffcf54a2000 	C:\Windows\SYSTEM32\windows.storage.dll
0x00007ffcf7b40000 - 0x00007ffcf7eb6000 	C:\Windows\System32\combase.dll
0x00007ffcf4ad0000 - 0x00007ffcf4c37000 	C:\Windows\SYSTEM32\wintypes.dll
0x00007ffcf77a0000 - 0x00007ffcf788a000 	C:\Windows\System32\SHCORE.dll
0x00007ffcf9050000 - 0x00007ffcf90ad000 	C:\Windows\System32\shlwapi.dll
0x00007ffcf6ae0000 - 0x00007ffcf6b05000 	C:\Windows\SYSTEM32\profapi.dll
0x00007ffcc07f0000 - 0x00007ffcc0808000 	c:\Users\HP\.antigravity-ide\extensions\redhat.java-1.56.0-win32-x64\jre\21.0.12.1-win32-x86_64\bin\zip.dll
0x00007ffcd0ce0000 - 0x00007ffcd0cf0000 	C:\Users\HP\.antigravity-ide\extensions\redhat.java-1.56.0-win32-x64\jre\21.0.12.1-win32-x86_64\bin\net.dll
0x00007ffcf1310000 - 0x00007ffcf1424000 	C:\Windows\SYSTEM32\WINHTTP.dll
0x00007ffcf6080000 - 0x00007ffcf60e7000 	C:\Windows\system32\mswsock.dll
0x00007ffcc07d0000 - 0x00007ffcc07e6000 	C:\Users\HP\.antigravity-ide\extensions\redhat.java-1.56.0-win32-x64\jre\21.0.12.1-win32-x86_64\bin\nio.dll
0x00007ffccb100000 - 0x00007ffccb110000 	c:\Users\HP\.antigravity-ide\extensions\redhat.java-1.56.0-win32-x64\jre\21.0.12.1-win32-x86_64\bin\verify.dll
0x00007ffc98d90000 - 0x00007ffc98dd5000 	C:\Users\HP\AppData\Roaming\Antigravity IDE\User\globalStorage\redhat.java\1.56.0\config_win\org.eclipse.equinox.launcher\org.eclipse.equinox.launcher.win32.win32.x86_64_1.3.100.v20260804-1928\eclipse_11924.dll
0x00007ffcf9420000 - 0x00007ffcf95ba000 	C:\Windows\System32\ole32.dll
0x00007ffcf6350000 - 0x00007ffcf6368000 	C:\Windows\SYSTEM32\CRYPTSP.dll
0x00007ffcf5b40000 - 0x00007ffcf5b75000 	C:\Windows\system32\rsaenh.dll
0x00007ffcf6120000 - 0x00007ffcf614c000 	C:\Windows\SYSTEM32\USERENV.dll
0x00007ffcf6500000 - 0x00007ffcf6527000 	C:\Windows\SYSTEM32\bcrypt.dll
0x00007ffcf6270000 - 0x00007ffcf627c000 	C:\Windows\SYSTEM32\CRYPTBASE.dll
0x00007ffcf5700000 - 0x00007ffcf572d000 	C:\Windows\SYSTEM32\IPHLPAPI.DLL
0x00007ffcf90b0000 - 0x00007ffcf90b9000 	C:\Windows\System32\NSI.dll
0x00007ffcd5280000 - 0x00007ffcd52c9000 	C:\Users\HP\AppData\Local\Temp\jna-2312\jna1697752047003216127.dll
0x00007ffcf8520000 - 0x00007ffcf8528000 	C:\Windows\System32\PSAPI.DLL
0x00007ffcf1550000 - 0x00007ffcf1569000 	C:\Windows\SYSTEM32\dhcpcsvc6.DLL
0x00007ffcf1700000 - 0x00007ffcf171e000 	C:\Windows\SYSTEM32\dhcpcsvc.DLL
0x00007ffcef350000 - 0x00007ffcef35e000 	C:\Users\HP\.antigravity-ide\extensions\redhat.java-1.56.0-win32-x64\jre\21.0.12.1-win32-x86_64\bin\sunmscapi.dll
0x00007ffcf73d0000 - 0x00007ffcf7532000 	C:\Windows\System32\CRYPT32.dll
0x00007ffcf64d0000 - 0x00007ffcf64f8000 	C:\Windows\SYSTEM32\ncrypt.dll
0x00007ffcf6490000 - 0x00007ffcf64c7000 	C:\Windows\SYSTEM32\NTASN1.dll
0x00007ffcf5770000 - 0x00007ffcf5857000 	C:\Windows\SYSTEM32\DNSAPI.dll
0x00007ffcec3b0000 - 0x00007ffcec3ba000 	C:\Windows\System32\rasadhlp.dll
0x00007ffceefa0000 - 0x00007ffcef021000 	C:\Windows\System32\fwpuclnt.dll
0x00007ffcf1c60000 - 0x00007ffcf1c69000 	C:\Users\HP\.antigravity-ide\extensions\redhat.java-1.56.0-win32-x64\jre\21.0.12.1-win32-x86_64\bin\extnet.dll

JVMTI agents:
c:\Users\HP\.antigravity-ide\extensions\redhat.java-1.56.0-win32-x64\lombok\lombok-1.18.39-4050.jar path:c:\Users\HP\.antigravity-ide\extensions\redhat.java-1.56.0-win32-x64\jre\21.0.12.1-win32-x86_64\bin\instrument.dll, loaded, initialized, instrumentlib options:none

dbghelp: loaded successfully - version: 4.0.5 - missing functions: none
symbol engine: initialized successfully - sym options: 0x614 - pdb path: .;c:\Users\HP\.antigravity-ide\extensions\redhat.java-1.56.0-win32-x64\jre\21.0.12.1-win32-x86_64\bin;C:\Windows\SYSTEM32;C:\Windows\WinSxS\amd64_microsoft.windows.common-controls_6595b64144ccf1df_6.0.22000.120_none_9d947278b86cc467;c:\Users\HP\.antigravity-ide\extensions\redhat.java-1.56.0-win32-x64\jre\21.0.12.1-win32-x86_64\bin\server;C:\Users\HP\AppData\Roaming\Antigravity IDE\User\globalStorage\redhat.java\1.56.0\config_win\org.eclipse.equinox.launcher\org.eclipse.equinox.launcher.win32.win32.x86_64_1.3.100.v20260804-1928;C:\Users\HP\AppData\Local\Temp\jna-2312

VM Arguments:
jvm_args: --add-modules=ALL-SYSTEM --add-opens=java.base/java.util=ALL-UNNAMED --add-opens=java.base/java.lang=ALL-UNNAMED --add-opens=java.base/sun.nio.fs=ALL-UNNAMED -Declipse.application=org.eclipse.jdt.ls.core.id1 -Dosgi.bundles.defaultStartLevel=4 -Declipse.product=org.eclipse.jdt.ls.core.product -Djava.import.generatesMetadataFilesAtProjectRoot=false -Dm2e.project.cache.size=50 -DDetectVMInstallationsJob.disabled=true -Dfile.encoding=utf8 -XX:+UseParallelGC -XX:GCTimeRatio=4 -XX:AdaptiveSizePolicyWeight=90 -Dsun.zip.disableMemoryMapping=true -Xmx2G -Xms100m -Xlog:disable -javaagent:c:\Users\HP\.antigravity-ide\extensions\redhat.java-1.56.0-win32-x64\lombok\lombok-1.18.39-4050.jar -XX:+HeapDumpOnOutOfMemoryError -XX:HeapDumpPath=c:\Users\HP\AppData\Roaming\Antigravity IDE\User\workspaceStorage\358c0adacc1ca2f638e7db5389758dbc\redhat.java -Daether.dependencyCollector.impl=bf 
java_command: c:\Users\HP\.antigravity-ide\extensions\redhat.java-1.56.0-win32-x64\server\plugins\org.eclipse.equinox.launcher_1.8.0.v20260804-1928.jar -configuration c:\Users\HP\AppData\Roaming\Antigravity IDE\User\globalStorage\redhat.java\1.56.0\config_win -data c:\Users\HP\AppData\Roaming\Antigravity IDE\User\workspaceStorage\358c0adacc1ca2f638e7db5389758dbc\redhat.java\jdt_ws --stdio
java_class_path (initial): c:\Users\HP\.antigravity-ide\extensions\redhat.java-1.56.0-win32-x64\server\plugins\org.eclipse.equinox.launcher_1.8.0.v20260804-1928.jar
Launcher Type: SUN_STANDARD

[Global flags]
    uintx AdaptiveSizePolicyWeight                 = 90                                        {product} {command line}
     intx CICompilerCount                          = 4                                         {product} {ergonomic}
    uintx GCTimeRatio                              = 4                                         {product} {command line}
     bool HeapDumpOnOutOfMemoryError               = true                                   {manageable} {command line}
    ccstr HeapDumpPath                             = c:\Users\HP\AppData\Roaming\Antigravity IDE\User\workspaceStorage\358c0adacc1ca2f638e7db5389758dbc\redhat.java         {manageable} {command line}
   size_t InitialHeapSize                          = 104857600                                 {product} {command line}
   size_t MaxHeapSize                              = 2147483648                                {product} {command line}
   size_t MaxNewSize                               = 715653120                                 {product} {ergonomic}
   size_t MinHeapDeltaBytes                        = 524288                                    {product} {ergonomic}
   size_t MinHeapSize                              = 104857600                                 {product} {command line}
   size_t NewSize                                  = 34603008                                  {product} {ergonomic}
    uintx NonNMethodCodeHeapSize                   = 5839372                                {pd product} {ergonomic}
    uintx NonProfiledCodeHeapSize                  = 122909434                              {pd product} {ergonomic}
   size_t OldSize                                  = 70254592                                  {product} {ergonomic}
    uintx ProfiledCodeHeapSize                     = 122909434                              {pd product} {ergonomic}
    uintx ReservedCodeCacheSize                    = 251658240                              {pd product} {ergonomic}
     bool SegmentedCodeCache                       = true                                      {product} {ergonomic}
   size_t SoftMaxHeapSize                          = 2147483648                             {manageable} {ergonomic}
     bool UseCompressedOops                        = true                           {product lp64_product} {ergonomic}
     bool UseLargePagesIndividualAllocation        = false                                  {pd product} {ergonomic}
     bool UseParallelGC                            = true                                      {product} {command line}

Logging:
Log output configuration:
 #0: stdout all=off uptime,level,tags foldmultilines=false
 #1: stderr all=off uptime,level,tags foldmultilines=false

Release file:
JAVA_VERSION="21.0.12.1" 
MODULES="java.base java.compiler java.datatransfer java.xml java.prefs java.desktop java.instrument java.logging java.management java.security.sasl java.naming java.rmi java.management.rmi java.net.http java.scripting java.security.jgss java.transaction.xa java.sql java.sql.rowset java.xml.crypto java.se java.smartcardio jdk.accessibility jdk.internal.jvmstat jdk.attach jdk.charsets jdk.internal.opt jdk.zipfs jdk.compiler jdk.crypto.ec jdk.crypto.cryptoki jdk.crypto.mscapi jdk.dynalink jdk.internal.ed jdk.editpad jdk.hotspot.agent jdk.httpserver jdk.internal.le jdk.internal.vm.ci jdk.internal.vm.compiler jdk.internal.vm.compiler.management jdk.jartool jdk.javadoc jdk.jcmd jdk.management jdk.management.agent jdk.jconsole jdk.jdeps jdk.jdwp.agent jdk.jdi jdk.jfr jdk.jshell jdk.jsobject jdk.jstatd jdk.localedata jdk.management.jfr jdk.naming.dns jdk.naming.rmi jdk.net jdk.nio.mapmode jdk.random jdk.sctp jdk.security.auth jdk.security.jgss jdk.unsupported jdk.unsupported.desktop jdk.xml.dom" 

Environment Variables:
JAVA_HOME=C:\Program Files\Java\jdk-21.0.12.1
PATH=C:\Program Files\Common Files\Oracle\Java\javapath;C:\Windows\system32;C:\Windows;C:\Windows\System32\Wbem;C:\Windows\System32\WindowsPowerShell\v1.0\;C:\Windows\System32\OpenSSH\;C:\Program Files\Docker\Docker\resources\bin;C:\Program Files\Git\cmd;C:\Program Files\nodejs\;C:\Users\HP\Documents\flutter\bin;C:\Program Files\Java\jdk-21.0.12.1\bin;C:\Users\HP\AppData\Local\Microsoft\WindowsApps;C:\Users\HP\AppData\Local\Programs\Antigravity IDE\bin;C:\Users\HP\AppData\Roaming\npm;C:\Users\HP\AppData\Local\Programs\Microsoft VS Code\bin;C:\Users\HP\AppData\Local\Python\bin;C:\Users\HP\Documents\flutter\bin;C:\Program Files\Java\jdk-21.0.12.1\bin;
USERNAME=HP
OS=Windows_NT
PROCESSOR_IDENTIFIER=Intel64 Family 6 Model 142 Stepping 12, GenuineIntel
TMP=C:\Users\HP\AppData\Local\Temp
TEMP=C:\Users\HP\AppData\Local\Temp




Periodic native trim disabled

---------------  S Y S T E M  ---------------

OS:
 Windows 11 , 64 bit Build 22000 (10.0.22000.2538)
OS uptime: 0 days 12:59 hours
Hyper-V role detected

CPU: total 8 (initial active 8) (4 cores per cpu, 2 threads per core) family 6 model 142 stepping 12 microcode 0x100, cx8, cmov, fxsr, ht, mmx, 3dnowpref, sse, sse2, sse3, ssse3, sse4.1, sse4.2, popcnt, lzcnt, tsc, tscinvbit, avx, avx2, aes, erms, clmul, bmi1, bmi2, adx, fma, vzeroupper, clflush, clflushopt, hv, rdtscp, f16c
Processor Information for the first 8 processors :
  Max Mhz: 1896, Current Mhz: 1596, Mhz Limit: 1592

Memory: 4k page, system-wide physical 7998M (288M free)
TotalPageFile size 21007M (AvailPageFile size 2M)
current process WorkingSet (physical memory assigned to process): 427M, peak: 427M
current process commit charge ("private bytes"): 1731M, peak: 1749M

vm_info: OpenJDK 64-Bit Server VM (21.0.12.1+1-LTS) for windows-amd64 JRE (21.0.12.1+1-LTS), built on 2026-08-18T00:00:00Z by "admin" with MS VC++ 17.12 (VS2022)

END.
