#
# There is insufficient memory for the Java Runtime Environment to continue.
# Native memory allocation (malloc) failed to allocate 1048576 bytes. Error detail: AllocateHeap
# Possible reasons:
#   The system is out of physical RAM or swap space
#   This process is running with CompressedOops enabled, and the Java Heap may be blocking the growth of the native heap
# Possible solutions:
#   Reduce memory load on the system
#   Increase physical memory or swap space
#   Check if swap backing store is full
#   Decrease Java heap size (-Xmx/-Xms)
#   Decrease number of Java threads
#   Decrease Java thread stack sizes (-Xss)
#   Set larger code cache with -XX:ReservedCodeCacheSize=
#   JVM is running with Unscaled Compressed Oops mode in which the Java heap is
#     placed in the first 4GB address space. The Java Heap base address is the
#     maximum limit for the native heap growth. Please use -XX:HeapBaseMinAddress
#     to set the Java Heap base and to place the Java Heap above 4GB virtual address.
# This output file may be truncated or incomplete.
#
#  Out of Memory Error (allocation.cpp:44), pid=18752, tid=21500
#
# JRE version: OpenJDK Runtime Environment Temurin-21.0.12.1+1 (21.0.12.1+1) (build 21.0.12.1+1-LTS)
# Java VM: OpenJDK 64-Bit Server VM Temurin-21.0.12.1+1 (21.0.12.1+1-LTS, mixed mode, sharing, tiered, compressed oops, compressed class ptrs, parallel gc, windows-amd64)
# No core dump will be written. Minidumps are not enabled by default on client versions of Windows
#

---------------  S U M M A R Y ------------

Command Line: --add-modules=ALL-SYSTEM --add-opens=java.base/java.util=ALL-UNNAMED --add-opens=java.base/java.lang=ALL-UNNAMED --add-opens=java.base/sun.nio.fs=ALL-UNNAMED -Declipse.application=org.eclipse.jdt.ls.core.id1 -Dosgi.bundles.defaultStartLevel=4 -Declipse.product=org.eclipse.jdt.ls.core.product -Djava.import.generatesMetadataFilesAtProjectRoot=false -Dm2e.project.cache.size=50 -DDetectVMInstallationsJob.disabled=true -Dfile.encoding=utf8 -XX:+UseParallelGC -XX:GCTimeRatio=4 -XX:AdaptiveSizePolicyWeight=90 -Dsun.zip.disableMemoryMapping=true -Xmx2G -Xms100m -Xlog:disable -javaagent:c:\Users\HP\.antigravity-ide\extensions\redhat.java-1.56.0-win32-x64\lombok\lombok-1.18.39-4050.jar -XX:+HeapDumpOnOutOfMemoryError -XX:HeapDumpPath=c:\Users\HP\AppData\Roaming\Antigravity IDE\User\workspaceStorage\358c0adacc1ca2f638e7db5389758dbc\redhat.java -Daether.dependencyCollector.impl=bf c:\Users\HP\.antigravity-ide\extensions\redhat.java-1.56.0-win32-x64\server\plugins\org.eclipse.equinox.launcher_1.8.0.v20260804-1928.jar -configuration c:\Users\HP\AppData\Roaming\Antigravity IDE\User\globalStorage\redhat.java\1.56.0\config_win -data c:\Users\HP\AppData\Roaming\Antigravity IDE\User\workspaceStorage\358c0adacc1ca2f638e7db5389758dbc\redhat.java\jdt_ws --pipe=\\.\pipe\lsp-24e8882626be77054ce1cf2d2d96861a-sock

Host: Intel(R) Core(TM) i5-8365U CPU @ 1.60GHz, 8 cores, 7G,  Windows 11 , 64 bit Build 22000 (10.0.22000.2538)
Time: Fri Sep 11 02:45:10 2026 Greenwich elapsed time: 13980.171047 seconds (0d 3h 53m 0s)

---------------  T H R E A D  ---------------

Current thread (0x0000021971b193a0):  JavaThread "Attach Listener" daemon [_thread_in_vm, id=21500, stack(0x0000003004400000,0x0000003004500000) (1024K)]

Stack: [0x0000003004400000,0x0000003004500000]
Native frames: (J=compiled Java code, j=interpreted, Vv=VM code, C=native code)
V  [jvm.dll+0x6d83e9]
V  [jvm.dll+0x8b5736]
V  [jvm.dll+0x8b7cee]
V  [jvm.dll+0x8b83d3]
V  [jvm.dll+0x284596]
V  [jvm.dll+0xc13c7]
V  [jvm.dll+0x6d8c99]
V  [jvm.dll+0x133616]
V  [jvm.dll+0x3f8aae]
V  [jvm.dll+0x8600cd]
V  [jvm.dll+0x6d6c1d]
C  [ucrtbase.dll+0x26c0c]
C  [KERNEL32.DLL+0x153e0]
C  [ntdll.dll+0x485b]


---------------  P R O C E S S  ---------------

Threads class SMR info:
_java_thread_list=0x0000021951a6df90, length=65, elements={
0x0000021971ba9250, 0x0000021971b12920, 0x0000021971b160b0, 0x0000021971b181f0,
0x0000021971b193a0, 0x0000021971b1a0c0, 0x0000021971b1cb40, 0x0000021971b1d980,
0x0000021971b6e3b0, 0x000002197f220760, 0x000002197f22bf90, 0x00000219501cefd0,
0x00000219501dbf90, 0x00000219501809e0, 0x000002197fbe6710, 0x00000219503a01d0,
0x000002195076f1a0, 0x000002197f97c720, 0x0000021950548cb0, 0x0000021950547f90,
0x0000021950546550, 0x0000021950546be0, 0x00000219524c3ad0, 0x00000219524c2db0,
0x00000219524c4e80, 0x00000219524c47f0, 0x00000219524c5510, 0x00000219524c2090,
0x00000219524c4160, 0x00000219524c2720, 0x00000219513ebf70, 0x00000219513ec600,
0x0000021954e3cf30, 0x0000021966df1750, 0x0000021966dec890, 0x0000021966ded5b0,
0x0000021966df2b00, 0x0000021966dedc40, 0x0000021966dee2d0, 0x00000219555bb7f0,
0x00000219555b8a00, 0x00000219555b9720, 0x00000219555ba440, 0x00000219555b9db0,
0x0000021953b49170, 0x0000021953b442b0, 0x0000021953b45660, 0x0000021954e3e2e0,
0x0000021954e3e970, 0x0000021954e3a7d0, 0x0000021954e39ab0, 0x000002195591ff70,
0x000002195591ebc0, 0x000002195591f8e0, 0x0000021955920c90, 0x0000021955921320,
0x000002195591dea0, 0x0000021966df2470, 0x0000021966deeff0, 0x0000021966def680,
0x0000021966df03a0, 0x0000021953b44fd0, 0x0000021954e38070, 0x0000021954e3f690,
0x0000021950548620
}

Java Threads: ( => current thread )
  0x0000021971ba9250 JavaThread "main"                              [_thread_blocked, id=19752, stack(0x0000003003d00000,0x0000003003e00000) (1024K)]
  0x0000021971b12920 JavaThread "Reference Handler"          daemon [_thread_blocked, id=5648, stack(0x0000003004100000,0x0000003004200000) (1024K)]
  0x0000021971b160b0 JavaThread "Finalizer"                  daemon [_thread_blocked, id=8424, stack(0x0000003004200000,0x0000003004300000) (1024K)]
  0x0000021971b181f0 JavaThread "Signal Dispatcher"          daemon [_thread_blocked, id=17680, stack(0x0000003004300000,0x0000003004400000) (1024K)]
=>0x0000021971b193a0 JavaThread "Attach Listener"            daemon [_thread_in_vm, id=21500, stack(0x0000003004400000,0x0000003004500000) (1024K)]
  0x0000021971b1a0c0 JavaThread "Service Thread"             daemon [_thread_blocked, id=4436, stack(0x0000003004500000,0x0000003004600000) (1024K)]
  0x0000021971b1cb40 JavaThread "Monitor Deflation Thread"   daemon [_thread_blocked, id=10528, stack(0x0000003004600000,0x0000003004700000) (1024K)]
  0x0000021971b1d980 JavaThread "C2 CompilerThread0"         daemon [_thread_blocked, id=8844, stack(0x0000003004700000,0x0000003004800000) (1024K)]
  0x0000021971b6e3b0 JavaThread "C1 CompilerThread0"         daemon [_thread_blocked, id=11880, stack(0x0000003004800000,0x0000003004900000) (1024K)]
  0x000002197f220760 JavaThread "Common-Cleaner"             daemon [_thread_blocked, id=1184, stack(0x0000003004900000,0x0000003004a00000) (1024K)]
  0x000002197f22bf90 JavaThread "Notification Thread"        daemon [_thread_blocked, id=15828, stack(0x0000003004a00000,0x0000003004b00000) (1024K)]
  0x00000219501cefd0 JavaThread "Active Thread: Equinox Container: 08eff3d1-9bc8-48e3-a502-7f13a65b7e3e"        [_thread_blocked, id=3484, stack(0x0000003004c00000,0x0000003004d00000) (1024K)]
  0x00000219501dbf90 JavaThread "Refresh Thread: Equinox Container: 08eff3d1-9bc8-48e3-a502-7f13a65b7e3e" daemon [_thread_blocked, id=8116, stack(0x0000003005400000,0x0000003005500000) (1024K)]
  0x00000219501809e0 JavaThread "Framework Event Dispatcher: Equinox Container: 08eff3d1-9bc8-48e3-a502-7f13a65b7e3e" daemon [_thread_blocked, id=13944, stack(0x0000003005500000,0x0000003005600000) (1024K)]
  0x000002197fbe6710 JavaThread "Start Level: Equinox Container: 08eff3d1-9bc8-48e3-a502-7f13a65b7e3e" daemon [_thread_blocked, id=16892, stack(0x0000003004b00000,0x0000003004c00000) (1024K)]
  0x00000219503a01d0 JavaThread "Bundle File Closer"         daemon [_thread_blocked, id=2924, stack(0x0000003005800000,0x0000003005900000) (1024K)]
  0x000002195076f1a0 JavaThread "SCR Component Actor"        daemon [_thread_blocked, id=1060, stack(0x0000003005600000,0x0000003005700000) (1024K)]
  0x000002197f97c720 JavaThread "Worker-JM"                         [_thread_blocked, id=4840, stack(0x0000003005900000,0x0000003005a00000) (1024K)]
  0x0000021950548cb0 JavaThread "JNA Cleaner"                daemon [_thread_blocked, id=1424, stack(0x0000003005700000,0x0000003005800000) (1024K)]
  0x0000021950547f90 JavaThread "Java indexing"              daemon [_thread_blocked, id=5096, stack(0x0000003005f00000,0x0000003006000000) (1024K)]
  0x0000021950546550 JavaThread "Thread-1"                   daemon [_thread_in_native, id=3028, stack(0x0000003006400000,0x0000003006500000) (1024K)]
  0x0000021950546be0 JavaThread "Thread-2"                   daemon [_thread_in_native, id=21420, stack(0x0000003006500000,0x0000003006600000) (1024K)]
  0x00000219524c3ad0 JavaThread "Thread-3"                   daemon [_thread_in_native, id=8740, stack(0x0000003006600000,0x0000003006700000) (1024K)]
  0x00000219524c2db0 JavaThread "Thread-4"                   daemon [_thread_in_native, id=14068, stack(0x0000003006700000,0x0000003006800000) (1024K)]
  0x00000219524c4e80 JavaThread "Thread-5"                   daemon [_thread_in_native, id=1800, stack(0x0000003006800000,0x0000003006900000) (1024K)]
  0x00000219524c47f0 JavaThread "Thread-6"                   daemon [_thread_in_native, id=21016, stack(0x0000003006900000,0x0000003006a00000) (1024K)]
  0x00000219524c5510 JavaThread "Thread-7"                   daemon [_thread_in_native, id=2324, stack(0x0000003006a00000,0x0000003006b00000) (1024K)]
  0x00000219524c2090 JavaThread "Thread-8"                   daemon [_thread_in_native, id=19892, stack(0x0000003006b00000,0x0000003006c00000) (1024K)]
  0x00000219524c4160 JavaThread "Thread-9"                   daemon [_thread_in_native, id=20912, stack(0x0000003006c00000,0x0000003006d00000) (1024K)]
  0x00000219524c2720 JavaThread "pool-2-thread-1"                   [_thread_blocked, id=12188, stack(0x0000003006d00000,0x0000003006e00000) (1024K)]
  0x00000219513ebf70 JavaThread "WorkspaceEventsHandler"            [_thread_blocked, id=3108, stack(0x0000003006e00000,0x0000003006f00000) (1024K)]
  0x00000219513ec600 JavaThread "pool-1-thread-1"                   [_thread_blocked, id=18028, stack(0x0000003006f00000,0x0000003007000000) (1024K)]
  0x0000021954e3cf30 JavaThread "Cleaner-0"                  daemon [_thread_blocked, id=16092, stack(0x0000003007e00000,0x0000003007f00000) (1024K)]
  0x0000021966df1750 JavaThread "Worker-58: Updating workspace"        [_thread_blocked, id=21392, stack(0x0000003003c00000,0x0000003003d00000) (1024K)]
  0x0000021966dec890 JavaThread "ForkJoinPool.commonPool-worker-90" daemon [_thread_blocked, id=18140, stack(0x0000003005d00000,0x0000003005e00000) (1024K)]
  0x0000021966ded5b0 JavaThread "ForkJoinPool.commonPool-worker-92" daemon [_thread_blocked, id=21196, stack(0x0000003006000000,0x0000003006100000) (1024K)]
  0x0000021966df2b00 JavaThread "ForkJoinPool.commonPool-worker-94" daemon [_thread_blocked, id=16564, stack(0x0000003006200000,0x0000003006300000) (1024K)]
  0x0000021966dedc40 JavaThread "ForkJoinPool.commonPool-worker-95" daemon [_thread_blocked, id=9556, stack(0x0000003006300000,0x0000003006400000) (1024K)]
  0x0000021966dee2d0 JavaThread "ForkJoinPool.commonPool-worker-96" daemon [_thread_blocked, id=21068, stack(0x0000003007000000,0x0000003007100000) (1024K)]
  0x00000219555bb7f0 JavaThread "Worker-59"                         [_thread_blocked, id=5396, stack(0x0000003005a00000,0x0000003005b00000) (1024K)]
  0x00000219555b8a00 JavaThread "Compiler Source File Reader" daemon [_thread_blocked, id=6940, stack(0x0000003005c00000,0x0000003005d00000) (1024K)]
  0x00000219555b9720 JavaThread "Compiler Source File Reader" daemon [_thread_blocked, id=13880, stack(0x0000003007100000,0x0000003007200000) (1024K)]
  0x00000219555ba440 JavaThread "Compiler Source File Reader" daemon [_thread_blocked, id=3828, stack(0x0000003007200000,0x0000003007300000) (1024K)]
  0x00000219555b9db0 JavaThread "Compiler Source File Reader" daemon [_thread_blocked, id=20896, stack(0x0000003007300000,0x0000003007400000) (1024K)]
  0x0000021953b49170 JavaThread "Compiler Source File Reader" daemon [_thread_blocked, id=20956, stack(0x0000003007400000,0x0000003007500000) (1024K)]
  0x0000021953b442b0 JavaThread "Compiler Source File Reader" daemon [_thread_blocked, id=6556, stack(0x0000003007500000,0x0000003007600000) (1024K)]
  0x0000021953b45660 JavaThread "LocalFile Deleter"          daemon [_thread_blocked, id=10964, stack(0x0000003007900000,0x0000003007a00000) (1024K)]
  0x0000021954e3e2e0 JavaThread "LocalFile Deleter"          daemon [_thread_blocked, id=15556, stack(0x0000003007a00000,0x0000003007b00000) (1024K)]
  0x0000021954e3e970 JavaThread "LocalFile Deleter"          daemon [_thread_blocked, id=19028, stack(0x0000003007b00000,0x0000003007c00000) (1024K)]
  0x0000021954e3a7d0 JavaThread "LocalFile Deleter"          daemon [_thread_blocked, id=2944, stack(0x0000003007c00000,0x0000003007d00000) (1024K)]
  0x0000021954e39ab0 JavaThread "LocalFile Deleter"          daemon [_thread_blocked, id=10308, stack(0x0000003007d00000,0x0000003007e00000) (1024K)]
  0x000002195591ff70 JavaThread "Compiler Class File Writer" daemon [_thread_blocked, id=12136, stack(0x0000003008100000,0x0000003008200000) (1024K)]
  0x000002195591ebc0 JavaThread "Compiler Class File Writer" daemon [_thread_blocked, id=9972, stack(0x0000003008200000,0x0000003008300000) (1024K)]
  0x000002195591f8e0 JavaThread "Compiler Class File Writer" daemon [_thread_blocked, id=19712, stack(0x0000003008300000,0x0000003008400000) (1024K)]
  0x0000021955920c90 JavaThread "Compiler Class File Writer" daemon [_thread_blocked, id=8784, stack(0x0000003008400000,0x0000003008500000) (1024K)]
  0x0000021955921320 JavaThread "Compiler Class File Writer" daemon [_thread_blocked, id=10472, stack(0x0000003008500000,0x0000003008600000) (1024K)]
  0x000002195591dea0 JavaThread "Compiler Class File Writer" daemon [_thread_blocked, id=17084, stack(0x0000003008600000,0x0000003008700000) (1024K)]
  0x0000021966df2470 JavaThread "Compiler Processing Task"   daemon [_thread_blocked, id=5392, stack(0x0000003003b00000,0x0000003003c00000) (1024K)]
  0x0000021966deeff0 JavaThread "Worker-60: Building"               [_thread_in_Java, id=20628, stack(0x0000003005b00000,0x0000003005c00000) (1024K)]
  0x0000021966def680 JavaThread "ForkJoinPool.commonPool-worker-97" daemon [_thread_blocked, id=20560, stack(0x0000003006100000,0x0000003006200000) (1024K)]
  0x0000021966df03a0 JavaThread "ForkJoinPool.commonPool-worker-98" daemon [_thread_blocked, id=9028, stack(0x0000003007600000,0x0000003007700000) (1024K)]
  0x0000021953b44fd0 JavaThread "LocalFile Deleter"          daemon [_thread_blocked, id=21144, stack(0x0000003005e00000,0x0000003005f00000) (1024K)]
  0x0000021954e38070 JavaThread "LocalFile Deleter"          daemon [_thread_blocked, id=13632, stack(0x0000003007700000,0x0000003007800000) (1024K)]
  0x0000021954e3f690 JavaThread "LocalFile Deleter"          daemon [_thread_blocked, id=4380, stack(0x0000003007800000,0x0000003007900000) (1024K)]
  0x0000021950548620 JavaThread "Worker-61: Java indexing... "        [_thread_blocked, id=5176, stack(0x0000003007f00000,0x0000003008000000) (1024K)]
Total: 65

Other Threads:
  0x0000021971afe6f0 VMThread "VM Thread"                           [id=4348, stack(0x0000003004000000,0x0000003004100000) (1024K)]
  0x0000021971c74720 WatcherThread "VM Periodic Task Thread"        [id=6868, stack(0x0000003003f00000,0x0000003004000000) (1024K)]
  0x0000021971bc9560 WorkerThread "GC Thread#0"                     [id=4000, stack(0x0000003003e00000,0x0000003003f00000) (1024K)]
  0x000002197fbf29b0 WorkerThread "GC Thread#1"                     [id=20976, stack(0x0000003004d00000,0x0000003004e00000) (1024K)]
  0x000002197fbf4d70 WorkerThread "GC Thread#2"                     [id=17516, stack(0x0000003004e00000,0x0000003004f00000) (1024K)]
  0x000002197f97ce60 WorkerThread "GC Thread#3"                     [id=3420, stack(0x0000003004f00000,0x0000003005000000) (1024K)]
  0x000002197f97d210 WorkerThread "GC Thread#4"                     [id=8656, stack(0x0000003005000000,0x0000003005100000) (1024K)]
  0x000002197f97d5c0 WorkerThread "GC Thread#5"                     [id=1872, stack(0x0000003005100000,0x0000003005200000) (1024K)]
  0x000002197f97d970 WorkerThread "GC Thread#6"                     [id=8516, stack(0x0000003005200000,0x0000003005300000) (1024K)]
  0x00000219501dfa10 WorkerThread "GC Thread#7"                     [id=17388, stack(0x0000003005300000,0x0000003005400000) (1024K)]
Total: 10

Threads with active compile tasks:
Total: 0

VM state: not at safepoint (normal execution)

VM Mutex/Monitor currently owned by a thread: None

Heap address: 0x0000000080000000, size: 2048 MB, Compressed Oops mode: 32-bit

CDS archive(s) mapped at: [0x000002190f000000-0x000002190fba0000-0x000002190fba0000), size 12189696, SharedBaseAddress: 0x000002190f000000, ArchiveRelocationMode: 1.
Compressed class space mapped at: 0x0000021910000000-0x0000021950000000, reserved size: 1073741824
Narrow klass base: 0x000002190f000000, Narrow klass shift: 0, Narrow klass range: 0x100000000

GC Precious Log:
 CardTable entry size: 512
 CPUs: 8 total, 8 available
 Memory: 7998M
 Large Page Support: Disabled
 NUMA Support: Disabled
 Compressed Oops: Enabled (32-bit)
 Alignments: Space 512K, Generation 512K, Heap 2M
 Heap Min Capacity: 100M
 Heap Initial Capacity: 100M
 Heap Max Capacity: 2G
 Pre-touch: Disabled
 Parallel Workers: 8

Heap:
 PSYoungGen      total 4608K, used 1689K [0x00000000d5580000, 0x00000000d5a80000, 0x0000000100000000)
  eden space 4096K, 33% used [0x00000000d5580000,0x00000000d56d71f0,0x00000000d5980000)
  from space 512K, 61% used [0x00000000d5a00000,0x00000000d5a4f418,0x00000000d5a80000)
  to   space 512K, 0% used [0x00000000d5980000,0x00000000d5980000,0x00000000d5a00000)
 ParOldGen       total 1168384K, used 1168071K [0x0000000080000000, 0x00000000c7500000, 0x00000000d5580000)
  object space 1168384K, 99% used [0x0000000080000000,0x00000000c74b1f58,0x00000000c7500000)
 Metaspace       used 203585K, committed 206336K, reserved 1245184K
  class space    used 23044K, committed 24448K, reserved 1048576K

Card table byte_map: [0x0000021971560000,0x0000021971970000] _byte_map_base: 0x0000021971160000

Marking Bits: (ParMarkBitMap*) 0x00007ff864aa44a0
 Begin Bits: [0x0000021975070000, 0x0000021977070000)
 End Bits:   [0x0000021977070000, 0x0000021979070000)

Polling page: 0x000002196f9d0000

Metaspace:

Usage:
  Non-class:    176.31 MB used.
      Class:     22.50 MB used.
       Both:    198.81 MB used.

Virtual space:
  Non-class space:      192.00 MB reserved,     177.62 MB ( 93%) committed,  3 nodes.
      Class space:        1.00 GB reserved,      23.88 MB (  2%) committed,  1 nodes.
             Both:        1.19 GB reserved,     201.50 MB ( 17%) committed. 

Chunk freelists:
   Non-Class:  13.78 MB
       Class:  8.12 MB
        Both:  21.90 MB

MaxMetaspaceSize: unlimited
CompressedClassSpaceSize: 1.00 GB
Initial GC threshold: 21.00 MB
Current GC threshold: 334.69 MB
CDS: on
 - commit_granule_bytes: 65536.
 - commit_granule_words: 8192.
 - virtual_space_node_default_size: 8388608.
 - enlarge_chunks_in_place: 1.
 - use_allocation_guard: 0.


Internal statistics:

num_allocs_failed_limit: 13.
num_arena_births: 4898.
num_arena_deaths: 1328.
num_vsnodes_births: 4.
num_vsnodes_deaths: 0.
num_space_committed: 3222.
num_space_uncommitted: 1.
num_chunks_returned_to_freelist: 1844.
num_chunks_taken_from_freelist: 15035.
num_chunk_merges: 666.
num_chunk_splits: 9640.
num_chunks_enlarged: 6054.
num_inconsistent_stats: 0.

CodeHeap 'non-profiled nmethods': size=120000Kb used=44749Kb max_used=44749Kb free=75250Kb
 bounds [0x0000021907ad0000, 0x000002190a690000, 0x000002190f000000]
CodeHeap 'profiled nmethods': size=120000Kb used=57065Kb max_used=70015Kb free=62934Kb
 bounds [0x0000021900000000, 0x0000021904560000, 0x0000021907530000]
CodeHeap 'non-nmethods': size=5760Kb used=1596Kb max_used=1742Kb free=4163Kb
 bounds [0x0000021907530000, 0x00000219077a0000, 0x0000021907ad0000]
CodeCache: size=245760Kb, used=103410Kb, max_used=116506Kb, free=142347Kb
 total_blobs=28743, nmethods=27817, adapters=826, full_count=0
Compilation: enabled, stopped_count=0, restarted_count=0

Compilation events (20 events):
Event: 13976.648 Thread 0x0000021971b6e3b0 nmethod 65629 0x0000021900e14210 code [0x0000021900e144a0, 0x0000021900e150d8]
Event: 13976.649 Thread 0x0000021971b6e3b0 65630       3       org.eclipse.core.internal.resources.LocalMetaArea::getWorkingLocation (12 bytes)
Event: 13976.649 Thread 0x0000021971b6e3b0 nmethod 65630 0x0000021900e13d10 code [0x0000021900e13ee0, 0x0000021900e140c8]
Event: 13977.169 Thread 0x0000021971b1d980 nmethod 65625 0x000002190a66f910 code [0x000002190a670480, 0x000002190a678070]
Event: 13977.171 Thread 0x0000021971b1d980 65628   !   4       org.eclipse.core.internal.preferences.EclipsePreferences::getInt (27 bytes)
Event: 13977.231 Thread 0x0000021971b1d980 nmethod 65628 0x000002190a67e910 code [0x000002190a67ec20, 0x000002190a680510]
Event: 13979.150 Thread 0x0000021971b1d980 65631       4       java.util.regex.Pattern$Ques::study (61 bytes)
Event: 13979.154 Thread 0x0000021971b1d980 nmethod 65631 0x000002190a681110 code [0x000002190a6812c0, 0x000002190a6814b8]
Event: 13979.225 Thread 0x0000021971b6e3b0 65632   !   3       org.eclipse.core.internal.utils.FileUtil::getCharset (22 bytes)
Event: 13979.226 Thread 0x0000021971b6e3b0 nmethod 65632 0x0000021900e13490 code [0x0000021900e136a0, 0x0000021900e13a70]
Event: 13979.256 Thread 0x0000021971b1d980 65633       4       org.eclipse.jdt.internal.compiler.parser.Parser::consumeClassDeclaration (248 bytes)
Event: 13979.328 Thread 0x0000021971b1d980 nmethod 65633 0x000002190a681690 code [0x000002190a6818e0, 0x000002190a682b08]
Event: 13979.522 Thread 0x0000021971b1d980 65634       4       org.eclipse.core.runtime.NullProgressMonitor::beginTask (1 bytes)
Event: 13979.523 Thread 0x0000021971b1d980 nmethod 65634 0x000002190a683310 code [0x000002190a6834a0, 0x000002190a683528]
Event: 13979.872 Thread 0x0000021971b6e3b0 65635   !   3       org.eclipse.jdt.internal.core.util.Util::getResourceContentsAsCharArray (20 bytes)
Event: 13979.876 Thread 0x0000021971b6e3b0 nmethod 65635 0x0000021900e12610 code [0x0000021900e12860, 0x0000021900e12fb0]
Event: 13979.876 Thread 0x0000021971b6e3b0 65636       3       org.eclipse.core.resources.IFile::readAllChars (5 bytes)
Event: 13979.877 Thread 0x0000021971b6e3b0 nmethod 65636 0x0000021900e11b10 code [0x0000021900e11d40, 0x0000021900e12290]
Event: 13979.877 Thread 0x0000021971b6e3b0 65637       3       org.eclipse.core.internal.utils.FileUtil::readAllChars (19 bytes)
Event: 13979.921 Thread 0x0000021971b6e3b0 nmethod 65637 0x0000021900e11110 code [0x0000021900e11340, 0x0000021900e11810]

GC Heap History (20 events):
Event: 13979.641 GC heap before
{Heap before GC invocations=8920 (full 14):
 PSYoungGen      total 2560K, used 2336K [0x00000000d5580000, 0x00000000d5900000, 0x0000000100000000)
  eden space 2048K, 100% used [0x00000000d5580000,0x00000000d5780000,0x00000000d5780000)
  from space 512K, 56% used [0x00000000d5880000,0x00000000d58c8000,0x00000000d5900000)
  to   space 512K, 0% used [0x00000000d5800000,0x00000000d5800000,0x00000000d5880000)
 ParOldGen       total 1166848K, used 1166326K [0x0000000080000000, 0x00000000c7380000, 0x00000000d5580000)
  object space 1166848K, 99% used [0x0000000080000000,0x00000000c72fd918,0x00000000c7380000)
 Metaspace       used 203585K, committed 206336K, reserved 1245184K
  class space    used 23044K, committed 24448K, reserved 1048576K
}
Event: 13979.646 GC heap after
{Heap after GC invocations=8920 (full 14):
 PSYoungGen      total 3072K, used 339K [0x00000000d5580000, 0x00000000d5900000, 0x0000000100000000)
  eden space 2560K, 0% used [0x00000000d5580000,0x00000000d5580000,0x00000000d5800000)
  from space 512K, 66% used [0x00000000d5800000,0x00000000d5854eb0,0x00000000d5880000)
  to   space 512K, 0% used [0x00000000d5880000,0x00000000d5880000,0x00000000d5900000)
 ParOldGen       total 1166848K, used 1166410K [0x0000000080000000, 0x00000000c7380000, 0x00000000d5580000)
  object space 1166848K, 99% used [0x0000000080000000,0x00000000c7312ab8,0x00000000c7380000)
 Metaspace       used 203585K, committed 206336K, reserved 1245184K
  class space    used 23044K, committed 24448K, reserved 1048576K
}
Event: 13979.667 GC heap before
{Heap before GC invocations=8921 (full 14):
 PSYoungGen      total 3072K, used 2899K [0x00000000d5580000, 0x00000000d5900000, 0x0000000100000000)
  eden space 2560K, 100% used [0x00000000d5580000,0x00000000d5800000,0x00000000d5800000)
  from space 512K, 66% used [0x00000000d5800000,0x00000000d5854eb0,0x00000000d5880000)
  to   space 512K, 0% used [0x00000000d5880000,0x00000000d5880000,0x00000000d5900000)
 ParOldGen       total 1166848K, used 1166410K [0x0000000080000000, 0x00000000c7380000, 0x00000000d5580000)
  object space 1166848K, 99% used [0x0000000080000000,0x00000000c7312ab8,0x00000000c7380000)
 Metaspace       used 203585K, committed 206336K, reserved 1245184K
  class space    used 23044K, committed 24448K, reserved 1048576K
}
Event: 13979.672 GC heap after
{Heap after GC invocations=8921 (full 14):
 PSYoungGen      total 2560K, used 503K [0x00000000d5580000, 0x00000000d5a80000, 0x0000000100000000)
  eden space 2048K, 0% used [0x00000000d5580000,0x00000000d5580000,0x00000000d5780000)
  from space 512K, 98% used [0x00000000d5880000,0x00000000d58fdf80,0x00000000d5900000)
  to   space 1024K, 0% used [0x00000000d5780000,0x00000000d5780000,0x00000000d5880000)
 ParOldGen       total 1166848K, used 1166622K [0x0000000080000000, 0x00000000c7380000, 0x00000000d5580000)
  object space 1166848K, 99% used [0x0000000080000000,0x00000000c7347968,0x00000000c7380000)
 Metaspace       used 203585K, committed 206336K, reserved 1245184K
  class space    used 23044K, committed 24448K, reserved 1048576K
}
Event: 13979.681 GC heap before
{Heap before GC invocations=8922 (full 14):
 PSYoungGen      total 2560K, used 2551K [0x00000000d5580000, 0x00000000d5a80000, 0x0000000100000000)
  eden space 2048K, 100% used [0x00000000d5580000,0x00000000d5780000,0x00000000d5780000)
  from space 512K, 98% used [0x00000000d5880000,0x00000000d58fdf80,0x00000000d5900000)
  to   space 1024K, 0% used [0x00000000d5780000,0x00000000d5780000,0x00000000d5880000)
 ParOldGen       total 1166848K, used 1166622K [0x0000000080000000, 0x00000000c7380000, 0x00000000d5580000)
  object space 1166848K, 99% used [0x0000000080000000,0x00000000c7347968,0x00000000c7380000)
 Metaspace       used 203585K, committed 206336K, reserved 1245184K
  class space    used 23044K, committed 24448K, reserved 1048576K
}
Event: 13979.686 GC heap after
{Heap after GC invocations=8922 (full 14):
 PSYoungGen      total 3072K, used 371K [0x00000000d5580000, 0x00000000d5900000, 0x0000000100000000)
  eden space 2048K, 0% used [0x00000000d5580000,0x00000000d5580000,0x00000000d5780000)
  from space 1024K, 36% used [0x00000000d5780000,0x00000000d57dcd18,0x00000000d5880000)
  to   space 512K, 0% used [0x00000000d5880000,0x00000000d5880000,0x00000000d5900000)
 ParOldGen       total 1167360K, used 1166976K [0x0000000080000000, 0x00000000c7400000, 0x00000000d5580000)
  object space 1167360K, 99% used [0x0000000080000000,0x00000000c73a02c8,0x00000000c7400000)
 Metaspace       used 203585K, committed 206336K, reserved 1245184K
  class space    used 23044K, committed 24448K, reserved 1048576K
}
Event: 13979.693 GC heap before
{Heap before GC invocations=8923 (full 14):
 PSYoungGen      total 3072K, used 2419K [0x00000000d5580000, 0x00000000d5900000, 0x0000000100000000)
  eden space 2048K, 100% used [0x00000000d5580000,0x00000000d5780000,0x00000000d5780000)
  from space 1024K, 36% used [0x00000000d5780000,0x00000000d57dcd18,0x00000000d5880000)
  to   space 512K, 0% used [0x00000000d5880000,0x00000000d5880000,0x00000000d5900000)
 ParOldGen       total 1167360K, used 1166976K [0x0000000080000000, 0x00000000c7400000, 0x00000000d5580000)
  object space 1167360K, 99% used [0x0000000080000000,0x00000000c73a02c8,0x00000000c7400000)
 Metaspace       used 203585K, committed 206336K, reserved 1245184K
  class space    used 23044K, committed 24448K, reserved 1048576K
}
Event: 13979.698 GC heap after
{Heap after GC invocations=8923 (full 14):
 PSYoungGen      total 3072K, used 399K [0x00000000d5580000, 0x00000000d5900000, 0x0000000100000000)
  eden space 2560K, 0% used [0x00000000d5580000,0x00000000d5580000,0x00000000d5800000)
  from space 512K, 78% used [0x00000000d5880000,0x00000000d58e3e38,0x00000000d5900000)
  to   space 512K, 0% used [0x00000000d5800000,0x00000000d5800000,0x00000000d5880000)
 ParOldGen       total 1167360K, used 1167178K [0x0000000080000000, 0x00000000c7400000, 0x00000000d5580000)
  object space 1167360K, 99% used [0x0000000080000000,0x00000000c73d2ab0,0x00000000c7400000)
 Metaspace       used 203585K, committed 206336K, reserved 1245184K
  class space    used 23044K, committed 24448K, reserved 1048576K
}
Event: 13979.705 GC heap before
{Heap before GC invocations=8924 (full 14):
 PSYoungGen      total 3072K, used 2959K [0x00000000d5580000, 0x00000000d5900000, 0x0000000100000000)
  eden space 2560K, 100% used [0x00000000d5580000,0x00000000d5800000,0x00000000d5800000)
  from space 512K, 78% used [0x00000000d5880000,0x00000000d58e3e38,0x00000000d5900000)
  to   space 512K, 0% used [0x00000000d5800000,0x00000000d5800000,0x00000000d5880000)
 ParOldGen       total 1167360K, used 1167178K [0x0000000080000000, 0x00000000c7400000, 0x00000000d5580000)
  object space 1167360K, 99% used [0x0000000080000000,0x00000000c73d2ab0,0x00000000c7400000)
 Metaspace       used 203585K, committed 206336K, reserved 1245184K
  class space    used 23044K, committed 24448K, reserved 1048576K
}
Event: 13979.710 GC heap after
{Heap after GC invocations=8924 (full 14):
 PSYoungGen      total 3072K, used 256K [0x00000000d5580000, 0x00000000d5980000, 0x0000000100000000)
  eden space 2560K, 0% used [0x00000000d5580000,0x00000000d5580000,0x00000000d5800000)
  from space 512K, 50% used [0x00000000d5800000,0x00000000d5840000,0x00000000d5880000)
  to   space 512K, 0% used [0x00000000d5900000,0x00000000d5900000,0x00000000d5980000)
 ParOldGen       total 1167872K, used 1167421K [0x0000000080000000, 0x00000000c7480000, 0x00000000d5580000)
  object space 1167872K, 99% used [0x0000000080000000,0x00000000c740f798,0x00000000c7480000)
 Metaspace       used 203585K, committed 206336K, reserved 1245184K
  class space    used 23044K, committed 24448K, reserved 1048576K
}
Event: 13979.852 GC heap before
{Heap before GC invocations=8925 (full 14):
 PSYoungGen      total 3072K, used 2816K [0x00000000d5580000, 0x00000000d5980000, 0x0000000100000000)
  eden space 2560K, 100% used [0x00000000d5580000,0x00000000d5800000,0x00000000d5800000)
  from space 512K, 50% used [0x00000000d5800000,0x00000000d5840000,0x00000000d5880000)
  to   space 512K, 0% used [0x00000000d5900000,0x00000000d5900000,0x00000000d5980000)
 ParOldGen       total 1167872K, used 1167421K [0x0000000080000000, 0x00000000c7480000, 0x00000000d5580000)
  object space 1167872K, 99% used [0x0000000080000000,0x00000000c740f798,0x00000000c7480000)
 Metaspace       used 203585K, committed 206336K, reserved 1245184K
  class space    used 23044K, committed 24448K, reserved 1048576K
}
Event: 13979.861 GC heap after
{Heap after GC invocations=8925 (full 14):
 PSYoungGen      total 3584K, used 288K [0x00000000d5580000, 0x00000000d5980000, 0x0000000100000000)
  eden space 3072K, 0% used [0x00000000d5580000,0x00000000d5580000,0x00000000d5880000)
  from space 512K, 56% used [0x00000000d5900000,0x00000000d5948000,0x00000000d5980000)
  to   space 512K, 0% used [0x00000000d5880000,0x00000000d5880000,0x00000000d5900000)
 ParOldGen       total 1167872K, used 1167469K [0x0000000080000000, 0x00000000c7480000, 0x00000000d5580000)
  object space 1167872K, 99% used [0x0000000080000000,0x00000000c741b798,0x00000000c7480000)
 Metaspace       used 203585K, committed 206336K, reserved 1245184K
  class space    used 23044K, committed 24448K, reserved 1048576K
}
Event: 13979.877 GC heap before
{Heap before GC invocations=8926 (full 14):
 PSYoungGen      total 3584K, used 3360K [0x00000000d5580000, 0x00000000d5980000, 0x0000000100000000)
  eden space 3072K, 100% used [0x00000000d5580000,0x00000000d5880000,0x00000000d5880000)
  from space 512K, 56% used [0x00000000d5900000,0x00000000d5948000,0x00000000d5980000)
  to   space 512K, 0% used [0x00000000d5880000,0x00000000d5880000,0x00000000d5900000)
 ParOldGen       total 1167872K, used 1167469K [0x0000000080000000, 0x00000000c7480000, 0x00000000d5580000)
  object space 1167872K, 99% used [0x0000000080000000,0x00000000c741b798,0x00000000c7480000)
 Metaspace       used 203585K, committed 206336K, reserved 1245184K
  class space    used 23044K, committed 24448K, reserved 1048576K
}
Event: 13979.920 GC heap after
{Heap after GC invocations=8926 (full 14):
 PSYoungGen      total 3584K, used 320K [0x00000000d5580000, 0x00000000d5a80000, 0x0000000100000000)
  eden space 3072K, 0% used [0x00000000d5580000,0x00000000d5580000,0x00000000d5880000)
  from space 512K, 62% used [0x00000000d5880000,0x00000000d58d0000,0x00000000d5900000)
  to   space 512K, 0% used [0x00000000d5a00000,0x00000000d5a00000,0x00000000d5a80000)
 ParOldGen       total 1167872K, used 1167613K [0x0000000080000000, 0x00000000c7480000, 0x00000000d5580000)
  object space 1167872K, 99% used [0x0000000080000000,0x00000000c743f410,0x00000000c7480000)
 Metaspace       used 203585K, committed 206336K, reserved 1245184K
  class space    used 23044K, committed 24448K, reserved 1048576K
}
Event: 13979.930 GC heap before
{Heap before GC invocations=8927 (full 14):
 PSYoungGen      total 3584K, used 3392K [0x00000000d5580000, 0x00000000d5a80000, 0x0000000100000000)
  eden space 3072K, 100% used [0x00000000d5580000,0x00000000d5880000,0x00000000d5880000)
  from space 512K, 62% used [0x00000000d5880000,0x00000000d58d0000,0x00000000d5900000)
  to   space 512K, 0% used [0x00000000d5a00000,0x00000000d5a00000,0x00000000d5a80000)
 ParOldGen       total 1167872K, used 1167613K [0x0000000080000000, 0x00000000c7480000, 0x00000000d5580000)
  object space 1167872K, 99% used [0x0000000080000000,0x00000000c743f410,0x00000000c7480000)
 Metaspace       used 203585K, committed 206336K, reserved 1245184K
  class space    used 23044K, committed 24448K, reserved 1048576K
}
Event: 13979.953 GC heap after
{Heap after GC invocations=8927 (full 14):
 PSYoungGen      total 4608K, used 288K [0x00000000d5580000, 0x00000000d5a80000, 0x0000000100000000)
  eden space 4096K, 0% used [0x00000000d5580000,0x00000000d5580000,0x00000000d5980000)
  from space 512K, 56% used [0x00000000d5a00000,0x00000000d5a48000,0x00000000d5a80000)
  to   space 512K, 0% used [0x00000000d5980000,0x00000000d5980000,0x00000000d5a00000)
 ParOldGen       total 1167872K, used 1167797K [0x0000000080000000, 0x00000000c7480000, 0x00000000d5580000)
  object space 1167872K, 99% used [0x0000000080000000,0x00000000c746d580,0x00000000c7480000)
 Metaspace       used 203585K, committed 206336K, reserved 1245184K
  class space    used 23044K, committed 24448K, reserved 1048576K
}
Event: 13980.128 GC heap before
{Heap before GC invocations=8928 (full 14):
 PSYoungGen      total 4608K, used 4384K [0x00000000d5580000, 0x00000000d5a80000, 0x0000000100000000)
  eden space 4096K, 100% used [0x00000000d5580000,0x00000000d5980000,0x00000000d5980000)
  from space 512K, 56% used [0x00000000d5a00000,0x00000000d5a48000,0x00000000d5a80000)
  to   space 512K, 0% used [0x00000000d5980000,0x00000000d5980000,0x00000000d5a00000)
 ParOldGen       total 1167872K, used 1167797K [0x0000000080000000, 0x00000000c7480000, 0x00000000d5580000)
  object space 1167872K, 99% used [0x0000000080000000,0x00000000c746d580,0x00000000c7480000)
 Metaspace       used 203585K, committed 206336K, reserved 1245184K
  class space    used 23044K, committed 24448K, reserved 1048576K
}
Event: 13980.141 GC heap after
{Heap after GC invocations=8928 (full 14):
 PSYoungGen      total 4608K, used 320K [0x00000000d5580000, 0x00000000d5a80000, 0x0000000100000000)
  eden space 4096K, 0% used [0x00000000d5580000,0x00000000d5580000,0x00000000d5980000)
  from space 512K, 62% used [0x00000000d5980000,0x00000000d59d0000,0x00000000d5a00000)
  to   space 512K, 0% used [0x00000000d5a00000,0x00000000d5a00000,0x00000000d5a80000)
 ParOldGen       total 1168384K, used 1167906K [0x0000000080000000, 0x00000000c7500000, 0x00000000d5580000)
  object space 1168384K, 99% used [0x0000000080000000,0x00000000c7488a88,0x00000000c7500000)
 Metaspace       used 203585K, committed 206336K, reserved 1245184K
  class space    used 23044K, committed 24448K, reserved 1048576K
}
Event: 13980.158 GC heap before
{Heap before GC invocations=8929 (full 14):
 PSYoungGen      total 4608K, used 4416K [0x00000000d5580000, 0x00000000d5a80000, 0x0000000100000000)
  eden space 4096K, 100% used [0x00000000d5580000,0x00000000d5980000,0x00000000d5980000)
  from space 512K, 62% used [0x00000000d5980000,0x00000000d59d0000,0x00000000d5a00000)
  to   space 512K, 0% used [0x00000000d5a00000,0x00000000d5a00000,0x00000000d5a80000)
 ParOldGen       total 1168384K, used 1167906K [0x0000000080000000, 0x00000000c7500000, 0x00000000d5580000)
  object space 1168384K, 99% used [0x0000000080000000,0x00000000c7488a88,0x00000000c7500000)
 Metaspace       used 203585K, committed 206336K, reserved 1245184K
  class space    used 23044K, committed 24448K, reserved 1048576K
}
Event: 13980.164 GC heap after
{Heap after GC invocations=8929 (full 14):
 PSYoungGen      total 4608K, used 317K [0x00000000d5580000, 0x00000000d5a80000, 0x0000000100000000)
  eden space 4096K, 0% used [0x00000000d5580000,0x00000000d5580000,0x00000000d5980000)
  from space 512K, 61% used [0x00000000d5a00000,0x00000000d5a4f418,0x00000000d5a80000)
  to   space 512K, 0% used [0x00000000d5980000,0x00000000d5980000,0x00000000d5a00000)
 ParOldGen       total 1168384K, used 1168071K [0x0000000080000000, 0x00000000c7500000, 0x00000000d5580000)
  object space 1168384K, 99% used [0x0000000080000000,0x00000000c74b1f58,0x00000000c7500000)
 Metaspace       used 203585K, committed 206336K, reserved 1245184K
  class space    used 23044K, committed 24448K, reserved 1048576K
}

Dll operation events (20 events):
Event: 0.301 Attempting to load shared library C:\Users\HP\.antigravity-ide\extensions\redhat.java-1.56.0-win32-x64\jre\21.0.12.1-win32-x86_64\bin\instrument.dll
Event: 0.301 Loaded shared library C:\Users\HP\.antigravity-ide\extensions\redhat.java-1.56.0-win32-x64\jre\21.0.12.1-win32-x86_64\bin\instrument.dll
Event: 0.316 Attempting to load shared library C:\Users\HP\.antigravity-ide\extensions\redhat.java-1.56.0-win32-x64\jre\21.0.12.1-win32-x86_64\bin\net.dll
Event: 0.318 Loaded shared library C:\Users\HP\.antigravity-ide\extensions\redhat.java-1.56.0-win32-x64\jre\21.0.12.1-win32-x86_64\bin\net.dll
Event: 0.321 Attempting to load shared library C:\Users\HP\.antigravity-ide\extensions\redhat.java-1.56.0-win32-x64\jre\21.0.12.1-win32-x86_64\bin\nio.dll
Event: 0.322 Loaded shared library C:\Users\HP\.antigravity-ide\extensions\redhat.java-1.56.0-win32-x64\jre\21.0.12.1-win32-x86_64\bin\nio.dll
Event: 0.329 Attempting to load shared library C:\Users\HP\.antigravity-ide\extensions\redhat.java-1.56.0-win32-x64\jre\21.0.12.1-win32-x86_64\bin\zip.dll
Event: 0.329 Loaded shared library C:\Users\HP\.antigravity-ide\extensions\redhat.java-1.56.0-win32-x64\jre\21.0.12.1-win32-x86_64\bin\zip.dll
Event: 0.386 Attempting to load shared library C:\Users\HP\.antigravity-ide\extensions\redhat.java-1.56.0-win32-x64\jre\21.0.12.1-win32-x86_64\bin\jimage.dll
Event: 0.387 Loaded shared library C:\Users\HP\.antigravity-ide\extensions\redhat.java-1.56.0-win32-x64\jre\21.0.12.1-win32-x86_64\bin\jimage.dll
Event: 0.610 Attempting to load shared library c:\Users\HP\.antigravity-ide\extensions\redhat.java-1.56.0-win32-x64\jre\21.0.12.1-win32-x86_64\bin\verify.dll
Event: 0.610 Loaded shared library c:\Users\HP\.antigravity-ide\extensions\redhat.java-1.56.0-win32-x64\jre\21.0.12.1-win32-x86_64\bin\verify.dll
Event: 3.751 Attempting to load shared library C:\Users\HP\AppData\Roaming\Antigravity IDE\User\globalStorage\redhat.java\1.56.0\config_win\org.eclipse.equinox.launcher\org.eclipse.equinox.launcher.win32.win32.x86_64_1.3.100.v20260804-1928\eclipse_11924.dll
Event: 3.756 Loaded shared library C:\Users\HP\AppData\Roaming\Antigravity IDE\User\globalStorage\redhat.java\1.56.0\config_win\org.eclipse.equinox.launcher\org.eclipse.equinox.launcher.win32.win32.x86_64_1.3.100.v20260804-1928\eclipse_11924.dll
Event: 8.934 Attempting to load shared library C:\Users\HP\AppData\Local\Temp\jna-2312\jna7662043402544172840.dll
Event: 9.043 Loaded shared library C:\Users\HP\AppData\Local\Temp\jna-2312\jna7662043402544172840.dll
Event: 1399.876 Attempting to load shared library C:\Users\HP\.antigravity-ide\extensions\redhat.java-1.56.0-win32-x64\jre\21.0.12.1-win32-x86_64\bin\sunmscapi.dll
Event: 1399.883 Loaded shared library C:\Users\HP\.antigravity-ide\extensions\redhat.java-1.56.0-win32-x64\jre\21.0.12.1-win32-x86_64\bin\sunmscapi.dll
Event: 1400.022 Attempting to load shared library C:\Users\HP\.antigravity-ide\extensions\redhat.java-1.56.0-win32-x64\jre\21.0.12.1-win32-x86_64\bin\extnet.dll
Event: 1400.024 Loaded shared library C:\Users\HP\.antigravity-ide\extensions\redhat.java-1.56.0-win32-x64\jre\21.0.12.1-win32-x86_64\bin\extnet.dll

Deoptimization events (20 events):
Event: 13964.644 Thread 0x0000021950547f90 DEOPT PACKING pc=0x0000021900daeb91 sp=0x0000003005ffec10
Event: 13964.644 Thread 0x0000021950547f90 DEOPT UNPACKING pc=0x0000021907584242 sp=0x0000003005ffe0f0 mode 0
Event: 13964.857 Thread 0x0000021950547f90 DEOPT PACKING pc=0x0000021900daeb91 sp=0x0000003005ffec10
Event: 13964.857 Thread 0x0000021950547f90 DEOPT UNPACKING pc=0x0000021907584242 sp=0x0000003005ffe0f0 mode 0
Event: 13964.867 Thread 0x0000021950547f90 DEOPT PACKING pc=0x0000021900daeb91 sp=0x0000003005ffec10
Event: 13964.867 Thread 0x0000021950547f90 DEOPT UNPACKING pc=0x0000021907584242 sp=0x0000003005ffe0f0 mode 0
Event: 13966.183 Thread 0x0000021966deeff0 DEOPT PACKING pc=0x0000021900daeb91 sp=0x0000003005bfddd0
Event: 13966.183 Thread 0x0000021966deeff0 DEOPT UNPACKING pc=0x0000021907584242 sp=0x0000003005bfd2b0 mode 0
Event: 13966.226 Thread 0x0000021966deeff0 DEOPT PACKING pc=0x0000021900daeb91 sp=0x0000003005bfddd0
Event: 13966.226 Thread 0x0000021966deeff0 DEOPT UNPACKING pc=0x0000021907584242 sp=0x0000003005bfd2b0 mode 0
Event: 13966.424 Thread 0x0000021966deeff0 DEOPT PACKING pc=0x0000021900daeb91 sp=0x0000003005bfddd0
Event: 13966.424 Thread 0x0000021966deeff0 DEOPT UNPACKING pc=0x0000021907584242 sp=0x0000003005bfd2b0 mode 0
Event: 13967.505 Thread 0x0000021966df2470 DEOPT PACKING pc=0x00000219041635d9 sp=0x0000003003bfe920
Event: 13967.506 Thread 0x0000021966df2470 DEOPT UNPACKING pc=0x0000021907584242 sp=0x0000003003bfdf68 mode 0
Event: 13976.058 Thread 0x0000021966deeff0 DEOPT PACKING pc=0x0000021903e7e29d sp=0x0000003005bfd010
Event: 13976.058 Thread 0x0000021966deeff0 DEOPT UNPACKING pc=0x0000021907584242 sp=0x0000003005bfc528 mode 0
Event: 13979.216 Thread 0x0000021950547f90 Uncommon trap: trap_request=0xffffff45 fr.pc=0x0000021909027210 relative=0x00000000000006f0
Event: 13979.216 Thread 0x0000021950547f90 Uncommon trap: reason=unstable_if action=reinterpret pc=0x0000021909027210 method=org.eclipse.core.internal.resources.File.getCharset(Z)Ljava/lang/String; @ 19 c2
Event: 13979.216 Thread 0x0000021950547f90 DEOPT PACKING pc=0x0000021909027210 sp=0x0000003005fff020
Event: 13979.216 Thread 0x0000021950547f90 DEOPT UNPACKING pc=0x0000021907583aa2 sp=0x0000003005ffeda8 mode 2

Classes loaded (20 events):
Event: 13786.175 Loading class jdk/internal/module/IllegalAccessLogger
Event: 13786.175 Loading class jdk/internal/module/IllegalAccessLogger done
Event: 13788.430 Loading class jdk/internal/module/IllegalAccessLogger
Event: 13788.430 Loading class jdk/internal/module/IllegalAccessLogger done
Event: 13789.634 Loading class jdk/internal/module/IllegalAccessLogger
Event: 13789.634 Loading class jdk/internal/module/IllegalAccessLogger done
Event: 13793.065 Loading class jdk/internal/module/IllegalAccessLogger
Event: 13793.065 Loading class jdk/internal/module/IllegalAccessLogger done
Event: 13939.092 Loading class jdk/internal/module/IllegalAccessLogger
Event: 13939.092 Loading class jdk/internal/module/IllegalAccessLogger done
Event: 13940.615 Loading class jdk/internal/module/IllegalAccessLogger
Event: 13940.615 Loading class jdk/internal/module/IllegalAccessLogger done
Event: 13950.699 Loading class jdk/internal/module/IllegalAccessLogger
Event: 13950.699 Loading class jdk/internal/module/IllegalAccessLogger done
Event: 13955.610 Loading class jdk/internal/module/IllegalAccessLogger
Event: 13955.610 Loading class jdk/internal/module/IllegalAccessLogger done
Event: 13960.586 Loading class jdk/internal/module/IllegalAccessLogger
Event: 13960.586 Loading class jdk/internal/module/IllegalAccessLogger done
Event: 13967.281 Loading class jdk/internal/module/IllegalAccessLogger
Event: 13967.281 Loading class jdk/internal/module/IllegalAccessLogger done

Classes unloaded (20 events):
Event: 13724.381 Thread 0x0000021971afe6f0 Unloading class 0x00000219115dfc00 'java/lang/invoke/LambdaForm$MH+0x00000219115dfc00'
Event: 13724.382 Thread 0x0000021971afe6f0 Unloading class 0x00000219115df800 'java/lang/invoke/LambdaForm$MH+0x00000219115df800'
Event: 13724.382 Thread 0x0000021971afe6f0 Unloading class 0x00000219115df400 'java/lang/invoke/LambdaForm$MH+0x00000219115df400'
Event: 13724.382 Thread 0x0000021971afe6f0 Unloading class 0x00000219115df000 'java/lang/invoke/LambdaForm$MH+0x00000219115df000'
Event: 13724.383 Thread 0x0000021971afe6f0 Unloading class 0x00000219115dec00 'java/lang/invoke/LambdaForm$MH+0x00000219115dec00'
Event: 13724.383 Thread 0x0000021971afe6f0 Unloading class 0x00000219115de800 'java/lang/invoke/LambdaForm$MH+0x00000219115de800'
Event: 13724.383 Thread 0x0000021971afe6f0 Unloading class 0x00000219115de400 'java/lang/invoke/LambdaForm$MH+0x00000219115de400'
Event: 13724.383 Thread 0x0000021971afe6f0 Unloading class 0x00000219115de000 'java/lang/invoke/LambdaForm$MH+0x00000219115de000'
Event: 13724.383 Thread 0x0000021971afe6f0 Unloading class 0x00000219115ddc00 'java/lang/invoke/LambdaForm$MH+0x00000219115ddc00'
Event: 13724.383 Thread 0x0000021971afe6f0 Unloading class 0x00000219115dd800 'java/lang/invoke/LambdaForm$MH+0x00000219115dd800'
Event: 13724.383 Thread 0x0000021971afe6f0 Unloading class 0x00000219115dd400 'java/lang/invoke/LambdaForm$MH+0x00000219115dd400'
Event: 13724.383 Thread 0x0000021971afe6f0 Unloading class 0x00000219115dd000 'java/lang/invoke/LambdaForm$MH+0x00000219115dd000'
Event: 13724.383 Thread 0x0000021971afe6f0 Unloading class 0x00000219115dcc00 'java/lang/invoke/LambdaForm$MH+0x00000219115dcc00'
Event: 13724.383 Thread 0x0000021971afe6f0 Unloading class 0x00000219115dc800 'java/lang/invoke/LambdaForm$MH+0x00000219115dc800'
Event: 13724.383 Thread 0x0000021971afe6f0 Unloading class 0x00000219115dc400 'java/lang/invoke/LambdaForm$MH+0x00000219115dc400'
Event: 13724.383 Thread 0x0000021971afe6f0 Unloading class 0x00000219115dc000 'java/lang/invoke/LambdaForm$MH+0x00000219115dc000'
Event: 13724.383 Thread 0x0000021971afe6f0 Unloading class 0x0000021910bec800 'java/lang/invoke/LambdaForm$MH+0x0000021910bec800'
Event: 13724.385 Thread 0x0000021971afe6f0 Unloading class 0x000002191079c000 'java/lang/invoke/LambdaForm$MH+0x000002191079c000'
Event: 13724.386 Thread 0x0000021971afe6f0 Unloading class 0x0000021910118000 'java/lang/invoke/LambdaForm$MH+0x0000021910118000'
Event: 13724.386 Thread 0x0000021971afe6f0 Unloading class 0x0000021910000400 'java/lang/invoke/LambdaForm$MH+0x0000021910000400'

Classes redefined (0 events):
No events

Internal exceptions (20 events):
Event: 13973.459 Thread 0x0000021950547f90 Exception <a 'sun/nio/fs/WindowsException'{0x00000000d55895e0}> (0x00000000d55895e0) 
thrown [s\src\hotspot\share\prims\jni.cpp, line 520]
Event: 13975.036 Thread 0x0000021950547f90 Exception <a 'sun/nio/fs/WindowsException'{0x00000000d5622b38}> (0x00000000d5622b38) 
thrown [s\src\hotspot\share\prims\jni.cpp, line 520]
Event: 13977.542 Thread 0x0000021966deeff0 Exception <a 'sun/nio/fs/WindowsException'{0x00000000d5632cc8}> (0x00000000d5632cc8) 
thrown [s\src\hotspot\share\prims\jni.cpp, line 520]
Event: 13977.542 Thread 0x0000021954e3e970 Exception <a 'sun/nio/fs/WindowsException'{0x00000000d563ac98}> (0x00000000d563ac98) 
thrown [s\src\hotspot\share\prims\jni.cpp, line 520]
Event: 13977.543 Thread 0x0000021954e3a7d0 Exception <a 'sun/nio/fs/WindowsException'{0x00000000d563e148}> (0x00000000d563e148) 
thrown [s\src\hotspot\share\prims\jni.cpp, line 520]
Event: 13977.543 Thread 0x0000021953b44fd0 Exception <a 'sun/nio/fs/WindowsException'{0x00000000d563ebc0}> (0x00000000d563ebc0) 
thrown [s\src\hotspot\share\prims\jni.cpp, line 520]
Event: 13977.544 Thread 0x0000021953b44fd0 Exception <a 'sun/nio/fs/WindowsException'{0x00000000d56425f0}> (0x00000000d56425f0) 
thrown [s\src\hotspot\share\prims\jni.cpp, line 520]
Event: 13977.546 Thread 0x0000021953b44fd0 Exception <a 'sun/nio/fs/WindowsException'{0x00000000d5644af8}> (0x00000000d5644af8) 
thrown [s\src\hotspot\share\prims\jni.cpp, line 520]
Event: 13977.554 Thread 0x0000021953b44fd0 Exception <a 'sun/nio/fs/WindowsException'{0x00000000d564a108}> (0x00000000d564a108) 
thrown [s\src\hotspot\share\prims\jni.cpp, line 520]
Event: 13977.556 Thread 0x0000021954e3a7d0 Exception <a 'sun/nio/fs/WindowsException'{0x00000000d5658590}> (0x00000000d5658590) 
thrown [s\src\hotspot\share\prims\jni.cpp, line 520]
Event: 13977.556 Thread 0x0000021953b44fd0 Exception <a 'sun/nio/fs/WindowsException'{0x00000000d5657c68}> (0x00000000d5657c68) 
thrown [s\src\hotspot\share\prims\jni.cpp, line 520]
Event: 13977.559 Thread 0x0000021953b44fd0 Exception <a 'sun/nio/fs/WindowsException'{0x00000000d565f620}> (0x00000000d565f620) 
thrown [s\src\hotspot\share\prims\jni.cpp, line 520]
Event: 13977.565 Thread 0x0000021954e3a7d0 Exception <a 'sun/nio/fs/WindowsException'{0x00000000d56657e0}> (0x00000000d56657e0) 
thrown [s\src\hotspot\share\prims\jni.cpp, line 520]
Event: 13977.570 Thread 0x0000021953b44fd0 Exception <a 'sun/nio/fs/WindowsException'{0x00000000d5670108}> (0x00000000d5670108) 
thrown [s\src\hotspot\share\prims\jni.cpp, line 520]
Event: 13977.663 Thread 0x0000021954e38070 Exception <a 'sun/nio/fs/WindowsException'{0x00000000d567be88}> (0x00000000d567be88) 
thrown [s\src\hotspot\share\prims\jni.cpp, line 520]
Event: 13977.803 Thread 0x0000021954e3f690 Exception <a 'sun/nio/fs/WindowsException'{0x00000000d56ead30}> (0x00000000d56ead30) 
thrown [s\src\hotspot\share\prims\jni.cpp, line 520]
Event: 13977.844 Thread 0x0000021966deeff0 Exception <a 'sun/nio/fs/WindowsException'{0x00000000d5638198}> (0x00000000d5638198) 
thrown [s\src\hotspot\share\prims\jni.cpp, line 520]
Event: 13977.849 Thread 0x0000021954e3e970 Exception <a 'sun/nio/fs/WindowsException'{0x00000000d56ac2d8}> (0x00000000d56ac2d8) 
thrown [s\src\hotspot\share\prims\jni.cpp, line 520]
Event: 13977.850 Thread 0x0000021954e3e970 Exception <a 'sun/nio/fs/WindowsException'{0x00000000d56f1b90}> (0x00000000d56f1b90) 
thrown [s\src\hotspot\share\prims\jni.cpp, line 520]
Event: 13979.216 Thread 0x0000021950547f90 Implicit null exception at 0x0000021909026c40 to 0x00000219090271fc

ZGC Phase Switch (0 events):
No events

VM Operations (20 events):
Event: 13979.617 Executing safepoint VM operation: ParallelGCFailedAllocation (Allocation Failure)
Event: 13979.646 Executing safepoint VM operation: ParallelGCFailedAllocation (Allocation Failure) done
Event: 13979.667 Executing safepoint VM operation: ParallelGCFailedAllocation (Allocation Failure)
Event: 13979.672 Executing safepoint VM operation: ParallelGCFailedAllocation (Allocation Failure) done
Event: 13979.681 Executing safepoint VM operation: ParallelGCFailedAllocation (Allocation Failure)
Event: 13979.686 Executing safepoint VM operation: ParallelGCFailedAllocation (Allocation Failure) done
Event: 13979.693 Executing safepoint VM operation: ParallelGCFailedAllocation (Allocation Failure)
Event: 13979.698 Executing safepoint VM operation: ParallelGCFailedAllocation (Allocation Failure) done
Event: 13979.705 Executing safepoint VM operation: ParallelGCFailedAllocation (Allocation Failure)
Event: 13979.710 Executing safepoint VM operation: ParallelGCFailedAllocation (Allocation Failure) done
Event: 13979.760 Executing safepoint VM operation: ParallelGCFailedAllocation (Allocation Failure)
Event: 13979.861 Executing safepoint VM operation: ParallelGCFailedAllocation (Allocation Failure) done
Event: 13979.877 Executing safepoint VM operation: ParallelGCFailedAllocation (Allocation Failure)
Event: 13979.920 Executing safepoint VM operation: ParallelGCFailedAllocation (Allocation Failure) done
Event: 13979.930 Executing safepoint VM operation: ParallelGCFailedAllocation (Allocation Failure)
Event: 13979.953 Executing safepoint VM operation: ParallelGCFailedAllocation (Allocation Failure) done
Event: 13980.128 Executing safepoint VM operation: ParallelGCFailedAllocation (Allocation Failure)
Event: 13980.141 Executing safepoint VM operation: ParallelGCFailedAllocation (Allocation Failure) done
Event: 13980.158 Executing safepoint VM operation: ParallelGCFailedAllocation (Allocation Failure)
Event: 13980.165 Executing safepoint VM operation: ParallelGCFailedAllocation (Allocation Failure) done

Memory protections (0 events):
No events

Nmethod flushes (20 events):
Event: 13726.431 Thread 0x0000021971afe6f0 flushing  nmethod 0x00000219043e0490
Event: 13726.431 Thread 0x0000021971afe6f0 flushing  nmethod 0x00000219043e1b10
Event: 13726.431 Thread 0x0000021971afe6f0 flushing  nmethod 0x00000219043e2410
Event: 13726.431 Thread 0x0000021971afe6f0 flushing  nmethod 0x00000219043e2910
Event: 13726.431 Thread 0x0000021971afe6f0 flushing  nmethod 0x00000219043e2f10
Event: 13726.431 Thread 0x0000021971afe6f0 flushing  nmethod 0x00000219043e4810
Event: 13726.431 Thread 0x0000021971afe6f0 flushing  nmethod 0x00000219043e4c90
Event: 13726.431 Thread 0x0000021971afe6f0 flushing  nmethod 0x00000219043e9b90
Event: 13726.431 Thread 0x0000021971afe6f0 flushing  nmethod 0x00000219043ef110
Event: 13726.431 Thread 0x0000021971afe6f0 flushing  nmethod 0x00000219043ef590
Event: 13726.431 Thread 0x0000021971afe6f0 flushing  nmethod 0x00000219043f9090
Event: 13726.431 Thread 0x0000021971afe6f0 flushing  nmethod 0x00000219043f9410
Event: 13726.431 Thread 0x0000021971afe6f0 flushing  nmethod 0x00000219043fa210
Event: 13726.431 Thread 0x0000021971afe6f0 flushing  nmethod 0x00000219043fa910
Event: 13726.431 Thread 0x0000021971afe6f0 flushing  nmethod 0x0000021904401f10
Event: 13726.431 Thread 0x0000021971afe6f0 flushing  nmethod 0x0000021904405c90
Event: 13726.431 Thread 0x0000021971afe6f0 flushing  nmethod 0x0000021904427090
Event: 13726.431 Thread 0x0000021971afe6f0 flushing  nmethod 0x000002190442bc90
Event: 13726.431 Thread 0x0000021971afe6f0 flushing  nmethod 0x000002190444ab10
Event: 13726.431 Thread 0x0000021971afe6f0 flushing  nmethod 0x000002190444e010

Events (20 events):
Event: 13848.256 Thread 0x0000021953b44fd0 Thread exited: 0x0000021953b44fd0
Event: 13848.256 Thread 0x0000021954e38070 Thread exited: 0x0000021954e38070
Event: 13850.725 Thread 0x0000021966def680 Thread exited: 0x0000021966def680
Event: 13853.372 Thread 0x0000021953b421e0 Thread exited: 0x0000021953b421e0
Event: 13870.040 Thread 0x0000021966df2470 Thread exited: 0x0000021966df2470
Event: 13908.260 Thread 0x0000021954e3f690 Thread exited: 0x0000021954e3f690
Event: 13910.731 Thread 0x0000021966df03a0 Thread exited: 0x0000021966df03a0
Event: 13930.047 Thread 0x00000219513e5670 Thread exited: 0x00000219513e5670
Event: 13939.208 Thread 0x0000021966df1750 Thread added: 0x0000021966df2470
Event: 13940.747 Thread 0x00000219555bb7f0 Thread added: 0x0000021966deeff0
Event: 13941.743 Thread 0x0000021971b6e3b0 Thread added: 0x00000219650f48d0
Event: 13941.866 Thread 0x0000021966deeff0 Thread added: 0x0000021966def680
Event: 13941.869 Thread 0x0000021966deeff0 Thread added: 0x0000021966df03a0
Event: 13942.500 Thread 0x00000219650f48d0 Thread exited: 0x00000219650f48d0
Event: 13947.299 Thread 0x0000021954e3e2e0 Thread added: 0x0000021953b44fd0
Event: 13947.299 Thread 0x0000021953b45660 Thread added: 0x0000021954e38070
Event: 13947.299 Thread 0x0000021954e3a7d0 Thread added: 0x0000021954e3f690
Event: 13948.826 Thread 0x0000021966df1750 Thread added: 0x0000021950548620
Event: 13959.960 Thread 0x0000021971b1d980 Thread added: 0x0000021951f3f990
Event: 13960.373 Thread 0x0000021951f3f990 Thread exited: 0x0000021951f3f990


Dynamic libraries:
0x00007ff677760000 - 0x00007ff67776e000 	c:\Users\HP\.antigravity-ide\extensions\redhat.java-1.56.0-win32-x64\jre\21.0.12.1-win32-x86_64\bin\java.exe
0x00007ff91b880000 - 0x00007ff91ba89000 	C:\Windows\SYSTEM32\ntdll.dll
0x00007ff919c50000 - 0x00007ff919d0d000 	C:\Windows\System32\KERNEL32.DLL
0x00007ff919090000 - 0x00007ff919414000 	C:\Windows\System32\KERNELBASE.dll
0x00007ff9195b0000 - 0x00007ff9196c1000 	C:\Windows\System32\ucrtbase.dll
0x00007ff8ffc30000 - 0x00007ff8ffc48000 	c:\Users\HP\.antigravity-ide\extensions\redhat.java-1.56.0-win32-x64\jre\21.0.12.1-win32-x86_64\bin\jli.dll
0x00007ff91a2c0000 - 0x00007ff91a46d000 	C:\Windows\System32\USER32.dll
0x00007ff918f00000 - 0x00007ff918f26000 	C:\Windows\System32\win32u.dll
0x00007ff91b810000 - 0x00007ff91b83a000 	C:\Windows\System32\GDI32.dll
0x00007ff919420000 - 0x00007ff91953e000 	C:\Windows\System32\gdi32full.dll
0x00007ff918ff0000 - 0x00007ff91908d000 	C:\Windows\System32\msvcp_win.dll
0x00007ff8ffc10000 - 0x00007ff8ffc2e000 	c:\Users\HP\.antigravity-ide\extensions\redhat.java-1.56.0-win32-x64\jre\21.0.12.1-win32-x86_64\bin\VCRUNTIME140.dll
0x00007ff8fcc10000 - 0x00007ff8fceb5000 	C:\Windows\WinSxS\amd64_microsoft.windows.common-controls_6595b64144ccf1df_6.0.22000.120_none_9d947278b86cc467\COMCTL32.dll
0x00007ff91b570000 - 0x00007ff91b613000 	C:\Windows\System32\msvcrt.dll
0x00007ff91a6b0000 - 0x00007ff91a6e1000 	C:\Windows\System32\IMM32.DLL
0x00007ff914f00000 - 0x00007ff914f0c000 	c:\Users\HP\.antigravity-ide\extensions\redhat.java-1.56.0-win32-x64\jre\21.0.12.1-win32-x86_64\bin\vcruntime140_1.dll
0x00007ff8ee430000 - 0x00007ff8ee4bd000 	c:\Users\HP\.antigravity-ide\extensions\redhat.java-1.56.0-win32-x64\jre\21.0.12.1-win32-x86_64\bin\msvcp140.dll
0x00007ff863de0000 - 0x00007ff864b82000 	c:\Users\HP\.antigravity-ide\extensions\redhat.java-1.56.0-win32-x64\jre\21.0.12.1-win32-x86_64\bin\server\jvm.dll
0x00007ff9197c0000 - 0x00007ff91986e000 	C:\Windows\System32\ADVAPI32.dll
0x00007ff91a220000 - 0x00007ff91a2be000 	C:\Windows\System32\sechost.dll
0x00007ff9199d0000 - 0x00007ff919af1000 	C:\Windows\System32\RPCRT4.dll
0x00007ff91aec0000 - 0x00007ff91af2f000 	C:\Windows\System32\WS2_32.dll
0x00007ff918bf0000 - 0x00007ff918c3d000 	C:\Windows\SYSTEM32\POWRPROF.dll
0x00007ff9131a0000 - 0x00007ff9131d3000 	C:\Windows\SYSTEM32\WINMM.dll
0x00007ff912650000 - 0x00007ff91265a000 	C:\Windows\SYSTEM32\VERSION.dll
0x00007ff918bc0000 - 0x00007ff918bd3000 	C:\Windows\SYSTEM32\UMPDC.dll
0x00007ff917d40000 - 0x00007ff917d58000 	C:\Windows\SYSTEM32\kernel.appcore.dll
0x00007ff901120000 - 0x00007ff90112a000 	c:\Users\HP\.antigravity-ide\extensions\redhat.java-1.56.0-win32-x64\jre\21.0.12.1-win32-x86_64\bin\jimage.dll
0x00007ff9166c0000 - 0x00007ff9168e1000 	C:\Windows\SYSTEM32\DBGHELP.DLL
0x00007ff8f7dc0000 - 0x00007ff8f7df1000 	C:\Windows\SYSTEM32\dbgcore.DLL
0x00007ff918d10000 - 0x00007ff918d8f000 	C:\Windows\System32\bcryptPrimitives.dll
0x00007ff900e60000 - 0x00007ff900e6f000 	c:\Users\HP\.antigravity-ide\extensions\redhat.java-1.56.0-win32-x64\jre\21.0.12.1-win32-x86_64\bin\instrument.dll
0x00007ff8ffbf0000 - 0x00007ff8ffc10000 	c:\Users\HP\.antigravity-ide\extensions\redhat.java-1.56.0-win32-x64\jre\21.0.12.1-win32-x86_64\bin\java.dll
0x00007ff91a6f0000 - 0x00007ff91aeb5000 	C:\Windows\System32\SHELL32.dll
0x00007ff916da0000 - 0x00007ff917602000 	C:\Windows\SYSTEM32\windows.storage.dll
0x00007ff919d10000 - 0x00007ff91a086000 	C:\Windows\System32\combase.dll
0x00007ff916c30000 - 0x00007ff916d97000 	C:\Windows\SYSTEM32\wintypes.dll
0x00007ff9196d0000 - 0x00007ff9197ba000 	C:\Windows\System32\SHCORE.dll
0x00007ff919b00000 - 0x00007ff919b5d000 	C:\Windows\System32\shlwapi.dll
0x00007ff918c40000 - 0x00007ff918c65000 	C:\Windows\SYSTEM32\profapi.dll
0x00007ff8fa650000 - 0x00007ff8fa668000 	c:\Users\HP\.antigravity-ide\extensions\redhat.java-1.56.0-win32-x64\jre\21.0.12.1-win32-x86_64\bin\zip.dll
0x00007ff900380000 - 0x00007ff900390000 	C:\Users\HP\.antigravity-ide\extensions\redhat.java-1.56.0-win32-x64\jre\21.0.12.1-win32-x86_64\bin\net.dll
0x00007ff913420000 - 0x00007ff913534000 	C:\Windows\SYSTEM32\WINHTTP.dll
0x00007ff9181e0000 - 0x00007ff918247000 	C:\Windows\system32\mswsock.dll
0x00007ff8fa5f0000 - 0x00007ff8fa606000 	C:\Users\HP\.antigravity-ide\extensions\redhat.java-1.56.0-win32-x64\jre\21.0.12.1-win32-x86_64\bin\nio.dll
0x00007ff8ffbe0000 - 0x00007ff8ffbf0000 	c:\Users\HP\.antigravity-ide\extensions\redhat.java-1.56.0-win32-x64\jre\21.0.12.1-win32-x86_64\bin\verify.dll
0x00007ff8fa020000 - 0x00007ff8fa065000 	C:\Users\HP\AppData\Roaming\Antigravity IDE\User\globalStorage\redhat.java\1.56.0\config_win\org.eclipse.equinox.launcher\org.eclipse.equinox.launcher.win32.win32.x86_64_1.3.100.v20260804-1928\eclipse_11924.dll
0x00007ff91a4e0000 - 0x00007ff91a67a000 	C:\Windows\System32\ole32.dll
0x00007ff9184b0000 - 0x00007ff9184c8000 	C:\Windows\SYSTEM32\CRYPTSP.dll
0x00007ff917ca0000 - 0x00007ff917cd5000 	C:\Windows\system32\rsaenh.dll
0x00007ff918280000 - 0x00007ff9182ac000 	C:\Windows\SYSTEM32\USERENV.dll
0x00007ff918660000 - 0x00007ff918687000 	C:\Windows\SYSTEM32\bcrypt.dll
0x00007ff9183d0000 - 0x00007ff9183dc000 	C:\Windows\SYSTEM32\CRYPTBASE.dll
0x00007ff917860000 - 0x00007ff91788d000 	C:\Windows\SYSTEM32\IPHLPAPI.DLL
0x00007ff91a690000 - 0x00007ff91a699000 	C:\Windows\System32\NSI.dll
0x00007ff8e4320000 - 0x00007ff8e4369000 	C:\Users\HP\AppData\Local\Temp\jna-2312\jna7662043402544172840.dll
0x00007ff91a680000 - 0x00007ff91a688000 	C:\Windows\System32\PSAPI.DLL
0x00007ff912ff0000 - 0x00007ff913009000 	C:\Windows\SYSTEM32\dhcpcsvc6.DLL
0x00007ff913740000 - 0x00007ff91375e000 	C:\Windows\SYSTEM32\dhcpcsvc.DLL
0x00007ff9044d0000 - 0x00007ff9044de000 	C:\Users\HP\.antigravity-ide\extensions\redhat.java-1.56.0-win32-x64\jre\21.0.12.1-win32-x86_64\bin\sunmscapi.dll
0x00007ff918d90000 - 0x00007ff918ef2000 	C:\Windows\System32\CRYPT32.dll
0x00007ff918630000 - 0x00007ff918658000 	C:\Windows\SYSTEM32\ncrypt.dll
0x00007ff9185f0000 - 0x00007ff918627000 	C:\Windows\SYSTEM32\NTASN1.dll
0x00007ff8b0ac0000 - 0x00007ff8b0ac8000 	C:\Windows\system32\wshunix.dll
0x00007ff9011e0000 - 0x00007ff9011e9000 	C:\Users\HP\.antigravity-ide\extensions\redhat.java-1.56.0-win32-x64\jre\21.0.12.1-win32-x86_64\bin\extnet.dll
0x00007ff9178d0000 - 0x00007ff9179b7000 	C:\Windows\SYSTEM32\DNSAPI.dll
0x00007ff90e2d0000 - 0x00007ff90e2da000 	C:\Windows\System32\rasadhlp.dll
0x00007ff910c90000 - 0x00007ff910d11000 	C:\Windows\System32\fwpuclnt.dll

JVMTI agents:
c:\Users\HP\.antigravity-ide\extensions\redhat.java-1.56.0-win32-x64\lombok\lombok-1.18.39-4050.jar path:c:\Users\HP\.antigravity-ide\extensions\redhat.java-1.56.0-win32-x64\jre\21.0.12.1-win32-x86_64\bin\instrument.dll, loaded, initialized, instrumentlib options:none

dbghelp: loaded successfully - version: 4.0.5 - missing functions: none
symbol engine: initialized successfully - sym options: 0x614 - pdb path: .;c:\Users\HP\.antigravity-ide\extensions\redhat.java-1.56.0-win32-x64\jre\21.0.12.1-win32-x86_64\bin;C:\Windows\SYSTEM32;C:\Windows\WinSxS\amd64_microsoft.windows.common-controls_6595b64144ccf1df_6.0.22000.120_none_9d947278b86cc467;c:\Users\HP\.antigravity-ide\extensions\redhat.java-1.56.0-win32-x64\jre\21.0.12.1-win32-x86_64\bin\server;C:\Users\HP\AppData\Roaming\Antigravity IDE\User\globalStorage\redhat.java\1.56.0\config_win\org.eclipse.equinox.launcher\org.eclipse.equinox.launcher.win32.win32.x86_64_1.3.100.v20260804-1928;C:\Users\HP\AppData\Local\Temp\jna-2312

VM Arguments:
jvm_args: --add-modules=ALL-SYSTEM --add-opens=java.base/java.util=ALL-UNNAMED --add-opens=java.base/java.lang=ALL-UNNAMED --add-opens=java.base/sun.nio.fs=ALL-UNNAMED -Declipse.application=org.eclipse.jdt.ls.core.id1 -Dosgi.bundles.defaultStartLevel=4 -Declipse.product=org.eclipse.jdt.ls.core.product -Djava.import.generatesMetadataFilesAtProjectRoot=false -Dm2e.project.cache.size=50 -DDetectVMInstallationsJob.disabled=true -Dfile.encoding=utf8 -XX:+UseParallelGC -XX:GCTimeRatio=4 -XX:AdaptiveSizePolicyWeight=90 -Dsun.zip.disableMemoryMapping=true -Xmx2G -Xms100m -Xlog:disable -javaagent:c:\Users\HP\.antigravity-ide\extensions\redhat.java-1.56.0-win32-x64\lombok\lombok-1.18.39-4050.jar -XX:+HeapDumpOnOutOfMemoryError -XX:HeapDumpPath=c:\Users\HP\AppData\Roaming\Antigravity IDE\User\workspaceStorage\358c0adacc1ca2f638e7db5389758dbc\redhat.java -Daether.dependencyCollector.impl=bf 
java_command: c:\Users\HP\.antigravity-ide\extensions\redhat.java-1.56.0-win32-x64\server\plugins\org.eclipse.equinox.launcher_1.8.0.v20260804-1928.jar -configuration c:\Users\HP\AppData\Roaming\Antigravity IDE\User\globalStorage\redhat.java\1.56.0\config_win -data c:\Users\HP\AppData\Roaming\Antigravity IDE\User\workspaceStorage\358c0adacc1ca2f638e7db5389758dbc\redhat.java\jdt_ws --pipe=\\.\pipe\lsp-24e8882626be77054ce1cf2d2d96861a-sock
java_class_path (initial): c:\Users\HP\.antigravity-ide\extensions\redhat.java-1.56.0-win32-x64\server\plugins\org.eclipse.equinox.launcher_1.8.0.v20260804-1928.jar
Launcher Type: SUN_STANDARD

[Global flags]
    uintx AdaptiveSizePolicyWeight                 = 90                                        {product} {command line}
     intx CICompilerCount                          = 4                                         {product} {ergonomic}
    uintx GCTimeRatio                              = 4                                         {product} {command line}
     bool HeapDumpOnOutOfMemoryError               = true                                   {manageable} {command line}
    ccstr HeapDumpPath                             = c:\Users\HP\AppData\Roaming\Antigravity IDE\User\workspaceStorage\358c0adacc1ca2f638e7db5389758dbc\redhat.java         {manageable} {command line}
   size_t InitialHeapSize                          = 104857600                                 {product} {command line}
   size_t MaxHeapSize                              = 2147483648                                {product} {command line}
   size_t MaxNewSize                               = 715653120                                 {product} {ergonomic}
   size_t MinHeapDeltaBytes                        = 524288                                    {product} {ergonomic}
   size_t MinHeapSize                              = 104857600                                 {product} {command line}
   size_t NewSize                                  = 34603008                                  {product} {ergonomic}
    uintx NonNMethodCodeHeapSize                   = 5839372                                {pd product} {ergonomic}
    uintx NonProfiledCodeHeapSize                  = 122909434                              {pd product} {ergonomic}
   size_t OldSize                                  = 70254592                                  {product} {ergonomic}
    uintx ProfiledCodeHeapSize                     = 122909434                              {pd product} {ergonomic}
    uintx ReservedCodeCacheSize                    = 251658240                              {pd product} {ergonomic}
     bool SegmentedCodeCache                       = true                                      {product} {ergonomic}
   size_t SoftMaxHeapSize                          = 2147483648                             {manageable} {ergonomic}
     bool UseCompressedOops                        = true                           {product lp64_product} {ergonomic}
     bool UseLargePagesIndividualAllocation        = false                                  {pd product} {ergonomic}
     bool UseParallelGC                            = true                                      {product} {command line}

Logging:
Log output configuration:
 #0: stdout all=off uptime,level,tags foldmultilines=false
 #1: stderr all=off uptime,level,tags foldmultilines=false

Release file:
JAVA_VERSION="21.0.12.1" 
MODULES="java.base java.compiler java.datatransfer java.xml java.prefs java.desktop java.instrument java.logging java.management java.security.sasl java.naming java.rmi java.management.rmi java.net.http java.scripting java.security.jgss java.transaction.xa java.sql java.sql.rowset java.xml.crypto java.se java.smartcardio jdk.accessibility jdk.internal.jvmstat jdk.attach jdk.charsets jdk.internal.opt jdk.zipfs jdk.compiler jdk.crypto.ec jdk.crypto.cryptoki jdk.crypto.mscapi jdk.dynalink jdk.internal.ed jdk.editpad jdk.hotspot.agent jdk.httpserver jdk.internal.le jdk.internal.vm.ci jdk.internal.vm.compiler jdk.internal.vm.compiler.management jdk.jartool jdk.javadoc jdk.jcmd jdk.management jdk.management.agent jdk.jconsole jdk.jdeps jdk.jdwp.agent jdk.jdi jdk.jfr jdk.jshell jdk.jsobject jdk.jstatd jdk.localedata jdk.management.jfr jdk.naming.dns jdk.naming.rmi jdk.net jdk.nio.mapmode jdk.random jdk.sctp jdk.security.auth jdk.security.jgss jdk.unsupported jdk.unsupported.desktop jdk.xml.dom" 

Environment Variables:
JAVA_HOME=C:\Program Files\Java\jdk-21.0.12.1
PATH=C:\Program Files\Common Files\Oracle\Java\javapath;C:\Windows\system32;C:\Windows;C:\Windows\System32\Wbem;C:\Windows\System32\WindowsPowerShell\v1.0\;C:\Windows\System32\OpenSSH\;C:\Program Files\Docker\Docker\resources\bin;C:\Program Files\Git\cmd;C:\Program Files\nodejs\;C:\Users\HP\Documents\flutter\bin;C:\Program Files\Java\jdk-21.0.12.1\bin;C:\Users\HP\AppData\Local\Microsoft\WindowsApps;C:\Users\HP\AppData\Local\Programs\Antigravity IDE\bin;C:\Users\HP\AppData\Roaming\npm;C:\Users\HP\AppData\Local\Programs\Microsoft VS Code\bin;C:\Users\HP\AppData\Local\Python\bin;C:\Users\HP\Documents\flutter\bin;C:\Program Files\Java\jdk-21.0.12.1\bin;
USERNAME=HP
OS=Windows_NT
PROCESSOR_IDENTIFIER=Intel64 Family 6 Model 142 Stepping 12, GenuineIntel
TMP=C:\Users\HP\AppData\Local\Temp
TEMP=C:\Users\HP\AppData\Local\Temp




Periodic native trim disabled

---------------  S Y S T E M  ---------------

OS:
 Windows 11 , 64 bit Build 22000 (10.0.22000.2538)
OS uptime: 0 days 11:06 hours
Hyper-V role detected

CPU: total 8 (initial active 8) (4 cores per cpu, 2 threads per core) family 6 model 142 stepping 12 microcode 0x100, cx8, cmov, fxsr, ht, mmx, 3dnowpref, sse, sse2, sse3, ssse3, sse4.1, sse4.2, popcnt, lzcnt, tsc, tscinvbit, avx, avx2, aes, erms, clmul, bmi1, bmi2, adx, fma, vzeroupper, clflush, clflushopt, hv, rdtscp, f16c
Processor Information for the first 8 processors :
  Max Mhz: 1896, Current Mhz: 1596, Mhz Limit: 1592

Memory: 4k page, system-wide physical 7998M (489M free)
TotalPageFile size 19848M (AvailPageFile size 3M)
current process WorkingSet (physical memory assigned to process): 1020M, peak: 1317M
current process commit charge ("private bytes"): 1748M, peak: 1983M

vm_info: OpenJDK 64-Bit Server VM (21.0.12.1+1-LTS) for windows-amd64 JRE (21.0.12.1+1-LTS), built on 2026-08-18T00:00:00Z by "admin" with MS VC++ 17.12 (VS2022)

END.
