#
# There is insufficient memory for the Java Runtime Environment to continue.
# Native memory allocation (malloc) failed to allocate 1048576 bytes. Error detail: AllocateHeap
# Possible reasons:
#   The system is out of physical RAM or swap space
#   This process is running with CompressedOops enabled, and the Java Heap may be blocking the growth of the native heap
# Possible solutions:
#   Reduce memory load on the system
#   Increase physical memory or swap space
#   Check if swap backing store is full
#   Decrease Java heap size (-Xmx/-Xms)
#   Decrease number of Java threads
#   Decrease Java thread stack sizes (-Xss)
#   Set larger code cache with -XX:ReservedCodeCacheSize=
#   JVM is running with Unscaled Compressed Oops mode in which the Java heap is
#     placed in the first 4GB address space. The Java Heap base address is the
#     maximum limit for the native heap growth. Please use -XX:HeapBaseMinAddress
#     to set the Java Heap base and to place the Java Heap above 4GB virtual address.
# This output file may be truncated or incomplete.
#
#  Out of Memory Error (allocation.cpp:44), pid=6400, tid=2420
#
# JRE version: OpenJDK Runtime Environment Temurin-21.0.12.1+1 (21.0.12.1+1) (build 21.0.12.1+1-LTS)
# Java VM: OpenJDK 64-Bit Server VM Temurin-21.0.12.1+1 (21.0.12.1+1-LTS, mixed mode, sharing, tiered, compressed oops, compressed class ptrs, parallel gc, windows-amd64)
# No core dump will be written. Minidumps are not enabled by default on client versions of Windows
#

---------------  S U M M A R Y ------------

Command Line: --add-modules=ALL-SYSTEM --add-opens=java.base/java.util=ALL-UNNAMED --add-opens=java.base/java.lang=ALL-UNNAMED --add-opens=java.base/sun.nio.fs=ALL-UNNAMED -Declipse.application=org.eclipse.jdt.ls.core.id1 -Dosgi.bundles.defaultStartLevel=4 -Declipse.product=org.eclipse.jdt.ls.core.product -Djava.import.generatesMetadataFilesAtProjectRoot=false -Dm2e.project.cache.size=50 -DDetectVMInstallationsJob.disabled=true -Dfile.encoding=utf8 -XX:+UseParallelGC -XX:GCTimeRatio=4 -XX:AdaptiveSizePolicyWeight=90 -Dsun.zip.disableMemoryMapping=true -Xmx2G -Xms100m -Xlog:disable -javaagent:c:\Users\HP\.antigravity-ide\extensions\redhat.java-1.56.0-win32-x64\lombok\lombok-1.18.39-4050.jar -XX:+HeapDumpOnOutOfMemoryError -XX:HeapDumpPath=c:\Users\HP\AppData\Roaming\Antigravity IDE\User\workspaceStorage\358c0adacc1ca2f638e7db5389758dbc\redhat.java -Daether.dependencyCollector.impl=bf c:\Users\HP\.antigravity-ide\extensions\redhat.java-1.56.0-win32-x64\server\plugins\org.eclipse.equinox.launcher_1.8.0.v20260804-1928.jar -configuration c:\Users\HP\AppData\Roaming\Antigravity IDE\User\globalStorage\redhat.java\1.56.0\config_win -data c:\Users\HP\AppData\Roaming\Antigravity IDE\User\workspaceStorage\358c0adacc1ca2f638e7db5389758dbc\redhat.java\jdt_ws --pipe=\\.\pipe\lsp-1d8e2b782ea06f8368c4e26cb34496c2-sock

Host: Intel(R) Core(TM) i5-8365U CPU @ 1.60GHz, 8 cores, 7G,  Windows 11 , 64 bit Build 22000 (10.0.22000.2538)
Time: Thu Sep 10 02:27:08 2026 Greenwich elapsed time: 1350.091231 seconds (0d 0h 22m 30s)

---------------  T H R E A D  ---------------

Current thread (0x000002aeee046140):  JavaThread "Attach Listener" daemon [_thread_in_vm, id=2420, stack(0x000000e848e00000,0x000000e848f00000) (1024K)]

Stack: [0x000000e848e00000,0x000000e848f00000]
Native frames: (J=compiled Java code, j=interpreted, Vv=VM code, C=native code)
V  [jvm.dll+0x6d83e9]
V  [jvm.dll+0x8b5736]
V  [jvm.dll+0x8b7cee]
V  [jvm.dll+0x8b83d3]
V  [jvm.dll+0x284596]
V  [jvm.dll+0xc13c7]
V  [jvm.dll+0x6d8c99]
V  [jvm.dll+0x133616]
V  [jvm.dll+0x3f8aae]
V  [jvm.dll+0x8600cd]
V  [jvm.dll+0x6d6c1d]
C  [ucrtbase.dll+0x26c0c]
C  [KERNEL32.DLL+0x153e0]
C  [ntdll.dll+0x485b]


---------------  P R O C E S S  ---------------

Threads class SMR info:
_java_thread_list=0x000002aeefa44a70, length=40, elements={
0x000002aed75d9c20, 0x000002aeee03ed80, 0x000002aeee044370, 0x000002aeee045420,
0x000002aeee046140, 0x000002aeee046e60, 0x000002aeee0498e0, 0x000002aeee04b660,
0x000002aeef94a050, 0x000002aeefb23900, 0x000002aeefc44bf0, 0x000002aef4a7d3e0,
0x000002aef4a7fb40, 0x000002aef4a7e100, 0x000002aef4a7c6c0, 0x000002aef4a7da70,
0x000002aef4a7e790, 0x000002aef4a7cd50, 0x000002aef4a7f4b0, 0x000002aef5f82160,
0x000002aef5f7f370, 0x000002aef5f7e650, 0x000002aef5f7d930, 0x000002aef5f81ad0,
0x000002aef5f84f50, 0x000002aef5f848c0, 0x000002aef5f83ba0, 0x000002aef5f80db0,
0x000002aef5f83510, 0x000002aef5f7ece0, 0x000002aef5f84230, 0x000002aef5f81440,
0x000002aef5f827f0, 0x000002aef6ea1390, 0x000002aef6e9e5a0, 0x000002aef48b3470,
0x000002aef48b68f0, 0x000002aef48b0d10, 0x000002aef48b20c0, 0x000002aef48b6260
}

Java Threads: ( => current thread )
  0x000002aed75d9c20 JavaThread "main"                              [_thread_blocked, id=10608, stack(0x000000e848700000,0x000000e848800000) (1024K)]
  0x000002aeee03ed80 JavaThread "Reference Handler"          daemon [_thread_blocked, id=7564, stack(0x000000e848b00000,0x000000e848c00000) (1024K)]
  0x000002aeee044370 JavaThread "Finalizer"                  daemon [_thread_blocked, id=13276, stack(0x000000e848c00000,0x000000e848d00000) (1024K)]
  0x000002aeee045420 JavaThread "Signal Dispatcher"          daemon [_thread_blocked, id=10164, stack(0x000000e848d00000,0x000000e848e00000) (1024K)]
=>0x000002aeee046140 JavaThread "Attach Listener"            daemon [_thread_in_vm, id=2420, stack(0x000000e848e00000,0x000000e848f00000) (1024K)]
  0x000002aeee046e60 JavaThread "Service Thread"             daemon [_thread_blocked, id=9344, stack(0x000000e848f00000,0x000000e849000000) (1024K)]
  0x000002aeee0498e0 JavaThread "Monitor Deflation Thread"   daemon [_thread_blocked, id=3920, stack(0x000000e849000000,0x000000e849100000) (1024K)]
  0x000002aeee04b660 JavaThread "C2 CompilerThread0"         daemon [_thread_blocked, id=3960, stack(0x000000e849100000,0x000000e849200000) (1024K)]
  0x000002aeef94a050 JavaThread "C1 CompilerThread0"         daemon [_thread_blocked, id=15424, stack(0x000000e849200000,0x000000e849300000) (1024K)]
  0x000002aeefb23900 JavaThread "Common-Cleaner"             daemon [_thread_blocked, id=11032, stack(0x000000e849300000,0x000000e849400000) (1024K)]
  0x000002aeefc44bf0 JavaThread "Notification Thread"        daemon [_thread_blocked, id=10068, stack(0x000000e849400000,0x000000e849500000) (1024K)]
  0x000002aef4a7d3e0 JavaThread "Active Thread: Equinox Container: 24d936e3-3718-448b-b77a-1a06ddf95ab9"        [_thread_blocked, id=8912, stack(0x000000e849d00000,0x000000e849e00000) (1024K)]
  0x000002aef4a7fb40 JavaThread "Refresh Thread: Equinox Container: 24d936e3-3718-448b-b77a-1a06ddf95ab9" daemon [_thread_blocked, id=11872, stack(0x000000e849e00000,0x000000e849f00000) (1024K)]
  0x000002aef4a7e100 JavaThread "Framework Event Dispatcher: Equinox Container: 24d936e3-3718-448b-b77a-1a06ddf95ab9" daemon [_thread_blocked, id=6300, stack(0x000000e849500000,0x000000e849600000) (1024K)]
  0x000002aef4a7c6c0 JavaThread "Start Level: Equinox Container: 24d936e3-3718-448b-b77a-1a06ddf95ab9" daemon [_thread_blocked, id=6056, stack(0x000000e849f00000,0x000000e84a000000) (1024K)]
  0x000002aef4a7da70 JavaThread "Bundle File Closer"         daemon [_thread_blocked, id=12768, stack(0x000000e84a200000,0x000000e84a300000) (1024K)]
  0x000002aef4a7e790 JavaThread "SCR Component Actor"        daemon [_thread_blocked, id=6304, stack(0x000000e84a000000,0x000000e84a100000) (1024K)]
  0x000002aef4a7cd50 JavaThread "Worker-JM"                         [_thread_blocked, id=14352, stack(0x000000e84a400000,0x000000e84a500000) (1024K)]
  0x000002aef4a7f4b0 JavaThread "JNA Cleaner"                daemon [_thread_blocked, id=16056, stack(0x000000e84a100000,0x000000e84a200000) (1024K)]
  0x000002aef5f82160 JavaThread "Worker-1"                          [_thread_blocked, id=16960, stack(0x000000e84a600000,0x000000e84a700000) (1024K)]
  0x000002aef5f7f370 JavaThread "Java indexing"              daemon [_thread_blocked, id=1672, stack(0x000000e84a900000,0x000000e84aa00000) (1024K)]
  0x000002aef5f7e650 JavaThread "Thread-1"                   daemon [_thread_in_native, id=2908, stack(0x000000e84ae00000,0x000000e84af00000) (1024K)]
  0x000002aef5f7d930 JavaThread "Thread-2"                   daemon [_thread_in_native, id=15468, stack(0x000000e84af00000,0x000000e84b000000) (1024K)]
  0x000002aef5f81ad0 JavaThread "Thread-3"                   daemon [_thread_in_native, id=4864, stack(0x000000e84b000000,0x000000e84b100000) (1024K)]
  0x000002aef5f84f50 JavaThread "Thread-4"                   daemon [_thread_in_native, id=16364, stack(0x000000e84b100000,0x000000e84b200000) (1024K)]
  0x000002aef5f848c0 JavaThread "Thread-5"                   daemon [_thread_in_native, id=13096, stack(0x000000e84b200000,0x000000e84b300000) (1024K)]
  0x000002aef5f83ba0 JavaThread "Thread-6"                   daemon [_thread_in_native, id=16836, stack(0x000000e84b300000,0x000000e84b400000) (1024K)]
  0x000002aef5f80db0 JavaThread "Thread-7"                   daemon [_thread_in_native, id=16700, stack(0x000000e84b400000,0x000000e84b500000) (1024K)]
  0x000002aef5f83510 JavaThread "Thread-8"                   daemon [_thread_in_native, id=6028, stack(0x000000e84b500000,0x000000e84b600000) (1024K)]
  0x000002aef5f7ece0 JavaThread "Thread-9"                   daemon [_thread_in_native, id=5272, stack(0x000000e84b600000,0x000000e84b700000) (1024K)]
  0x000002aef5f84230 JavaThread "pool-2-thread-1"                   [_thread_blocked, id=10700, stack(0x000000e84b700000,0x000000e84b800000) (1024K)]
  0x000002aef5f81440 JavaThread "WorkspaceEventsHandler"            [_thread_blocked, id=18844, stack(0x000000e84b800000,0x000000e84b900000) (1024K)]
  0x000002aef5f827f0 JavaThread "pool-1-thread-1"                   [_thread_blocked, id=5412, stack(0x000000e84b900000,0x000000e84ba00000) (1024K)]
  0x000002aef6ea1390 JavaThread "PatternSearchJob-worker-1"  daemon [_thread_blocked, id=1644, stack(0x000000e84bf00000,0x000000e84c000000) (1024K)]
  0x000002aef6e9e5a0 JavaThread "Worker-5"                          [_thread_blocked, id=16120, stack(0x000000e84c500000,0x000000e84c600000) (1024K)]
  0x000002aef48b3470 JavaThread "PatternSearchJob-worker-2"  daemon [_thread_blocked, id=6784, stack(0x000000e84c000000,0x000000e84c100000) (1024K)]
  0x000002aef48b68f0 JavaThread "PatternSearchJob-worker-3"  daemon [_thread_blocked, id=5084, stack(0x000000e84c100000,0x000000e84c200000) (1024K)]
  0x000002aef48b0d10 JavaThread "PatternSearchJob-worker-7"  daemon [_thread_blocked, id=11708, stack(0x000000e84c600000,0x000000e84c700000) (1024K)]
  0x000002aef48b20c0 JavaThread "PatternSearchJob-worker-8"  daemon [_thread_blocked, id=16812, stack(0x000000e84a300000,0x000000e84a400000) (1024K)]
  0x000002aef48b6260 JavaThread "PatternSearchJob-worker-9"  daemon [_thread_blocked, id=2676, stack(0x000000e84a500000,0x000000e84a600000) (1024K)]
Total: 40

Other Threads:
  0x000002aed76aebf0 VMThread "VM Thread"                           [id=11276, stack(0x000000e848a00000,0x000000e848b00000) (1024K)]
  0x000002aed76a0b50 WatcherThread "VM Periodic Task Thread"        [id=8272, stack(0x000000e848900000,0x000000e848a00000) (1024K)]
  0x000002aed75f8f80 WorkerThread "GC Thread#0"                     [id=3264, stack(0x000000e848800000,0x000000e848900000) (1024K)]
  0x000002aef40af340 WorkerThread "GC Thread#1"                     [id=8728, stack(0x000000e849700000,0x000000e849800000) (1024K)]
  0x000002aef4177220 WorkerThread "GC Thread#2"                     [id=5696, stack(0x000000e849800000,0x000000e849900000) (1024K)]
  0x000002aef417ca70 WorkerThread "GC Thread#3"                     [id=5500, stack(0x000000e849900000,0x000000e849a00000) (1024K)]
  0x000002aef45877e0 WorkerThread "GC Thread#4"                     [id=13076, stack(0x000000e849a00000,0x000000e849b00000) (1024K)]
  0x000002aef4587b90 WorkerThread "GC Thread#5"                     [id=1324, stack(0x000000e849b00000,0x000000e849c00000) (1024K)]
  0x000002aef44547b0 WorkerThread "GC Thread#6"                     [id=14076, stack(0x000000e849c00000,0x000000e849d00000) (1024K)]
  0x000002aef4823850 WorkerThread "GC Thread#7"                     [id=11332, stack(0x000000e849600000,0x000000e849700000) (1024K)]
Total: 10

Threads with active compile tasks:
Total: 0

VM state: not at safepoint (normal execution)

VM Mutex/Monitor currently owned by a thread: None

Heap address: 0x0000000080000000, size: 2048 MB, Compressed Oops mode: 32-bit

CDS archive(s) mapped at: [0x000002ae80000000-0x000002ae80ba0000-0x000002ae80ba0000), size 12189696, SharedBaseAddress: 0x000002ae80000000, ArchiveRelocationMode: 1.
Compressed class space mapped at: 0x000002ae81000000-0x000002aec1000000, reserved size: 1073741824
Narrow klass base: 0x000002ae80000000, Narrow klass shift: 0, Narrow klass range: 0x100000000

GC Precious Log:
 CardTable entry size: 512
 CPUs: 8 total, 8 available
 Memory: 7998M
 Large Page Support: Disabled
 NUMA Support: Disabled
 Compressed Oops: Enabled (32-bit)
 Alignments: Space 512K, Generation 512K, Heap 2M
 Heap Min Capacity: 100M
 Heap Initial Capacity: 100M
 Heap Max Capacity: 2G
 Pre-touch: Disabled
 Parallel Workers: 8

Heap:
 PSYoungGen      total 5120K, used 1590K [0x00000000d5580000, 0x00000000d5c00000, 0x0000000100000000)
  eden space 4608K, 23% used [0x00000000d5580000,0x00000000d5694298,0x00000000d5a00000)
  from space 512K, 94% used [0x00000000d5b80000,0x00000000d5bf9940,0x00000000d5c00000)
  to   space 1024K, 0% used [0x00000000d5a00000,0x00000000d5a00000,0x00000000d5b00000)
 ParOldGen       total 292864K, used 292754K [0x0000000080000000, 0x0000000091e00000, 0x00000000d5580000)
  object space 292864K, 99% used [0x0000000080000000,0x0000000091de4940,0x0000000091e00000)
 Metaspace       used 67586K, committed 69184K, reserved 1114112K
  class space    used 6999K, committed 7680K, reserved 1048576K

Card table byte_map: [0x000002aed6fc0000,0x000002aed73d0000] _byte_map_base: 0x000002aed6bc0000

Marking Bits: (ParMarkBitMap*) 0x00007ffecd4244a0
 Begin Bits: [0x000002aee9aa0000, 0x000002aeebaa0000)
 End Bits:   [0x000002aeebaa0000, 0x000002aeedaa0000)

Polling page: 0x000002aed6db0000

Metaspace:

Usage:
  Non-class:     59.17 MB used.
      Class:      6.84 MB used.
       Both:     66.00 MB used.

Virtual space:
  Non-class space:       64.00 MB reserved,      60.06 MB ( 94%) committed,  1 nodes.
      Class space:        1.00 GB reserved,       7.50 MB ( <1%) committed,  1 nodes.
             Both:        1.06 GB reserved,      67.56 MB (  6%) committed. 

Chunk freelists:
   Non-Class:  3.42 MB
       Class:  8.52 MB
        Both:  11.94 MB

MaxMetaspaceSize: unlimited
CompressedClassSpaceSize: 1.00 GB
Initial GC threshold: 21.00 MB
Current GC threshold: 97.31 MB
CDS: on
 - commit_granule_bytes: 65536.
 - commit_granule_words: 8192.
 - virtual_space_node_default_size: 8388608.
 - enlarge_chunks_in_place: 1.
 - use_allocation_guard: 0.


Internal statistics:

num_allocs_failed_limit: 9.
num_arena_births: 1430.
num_arena_deaths: 14.
num_vsnodes_births: 2.
num_vsnodes_deaths: 0.
num_space_committed: 1081.
num_space_uncommitted: 0.
num_chunks_returned_to_freelist: 23.
num_chunks_taken_from_freelist: 4953.
num_chunk_merges: 13.
num_chunk_splits: 2895.
num_chunks_enlarged: 1443.
num_inconsistent_stats: 0.

CodeHeap 'non-profiled nmethods': size=120000Kb used=11789Kb max_used=11789Kb free=108210Kb
 bounds [0x000002aee22c0000, 0x000002aee2e50000, 0x000002aee97f0000]
CodeHeap 'profiled nmethods': size=120000Kb used=35622Kb max_used=35622Kb free=84377Kb
 bounds [0x000002aeda7f0000, 0x000002aedcac0000, 0x000002aee1d20000]
CodeHeap 'non-nmethods': size=5760Kb used=1435Kb max_used=1663Kb free=4324Kb
 bounds [0x000002aee1d20000, 0x000002aee1f90000, 0x000002aee22c0000]
CodeCache: size=245760Kb, used=48846Kb, max_used=49074Kb, free=196911Kb
 total_blobs=16331, nmethods=15585, adapters=649, full_count=0
Compilation: enabled, stopped_count=0, restarted_count=0

Compilation events (20 events):
Event: 807.090 Thread 0x000002aef93bc170 nmethod 16442 0x000002aee2e23590 code [0x000002aee2e23c20, 0x000002aee2e2c8d0]
Event: 807.092 Thread 0x000002aeee04b660 nmethod 16432 0x000002aee2e2fb90 code [0x000002aee2e30820, 0x000002aee2e3b650]
Event: 825.517 Thread 0x000002aeef94a050 16455       1       java.util.concurrent.ThreadPoolExecutor::getQueue (5 bytes)
Event: 825.518 Thread 0x000002aeef94a050 nmethod 16455 0x000002aee2e41710 code [0x000002aee2e418a0, 0x000002aee2e41968]
Event: 1025.694 Thread 0x000002aeef94a050 16456       3       java.util.concurrent.ScheduledThreadPoolExecutor$ScheduledFutureTask::getDelay (16 bytes)
Event: 1025.715 Thread 0x000002aeef94a050 nmethod 16456 0x000002aedcab7810 code [0x000002aedcab79c0, 0x000002aedcab7b58]
Event: 1075.734 Thread 0x000002aeef94a050 16457   !   3       java.util.concurrent.locks.AbstractQueuedSynchronizer$ConditionObject::newConditionNode (78 bytes)
Event: 1075.772 Thread 0x000002aeef94a050 nmethod 16457 0x000002aedcab7c10 code [0x000002aedcab7e80, 0x000002aedcab8660]
Event: 1075.772 Thread 0x000002aeef94a050 16458       3       java.util.concurrent.locks.AbstractQueuedSynchronizer$ConditionNode::<init> (5 bytes)
Event: 1075.773 Thread 0x000002aeef94a050 nmethod 16458 0x000002aedcab8910 code [0x000002aedcab8ac0, 0x000002aedcab8c88]
Event: 1105.750 Thread 0x000002aeef94a050 16459   !   3       java.util.concurrent.locks.AbstractQueuedSynchronizer::reacquire (64 bytes)
Event: 1105.758 Thread 0x000002aeef94a050 nmethod 16459 0x000002aedcab8d90 code [0x000002aedcab8f60, 0x000002aedcab92d0]
Event: 1175.809 Thread 0x000002aeee04b660 16460       4       java.util.concurrent.locks.AbstractQueuedSynchronizer$ConditionObject::signal (34 bytes)
Event: 1175.841 Thread 0x000002aeee04b660 nmethod 16460 0x000002aee2e41a10 code [0x000002aee2e41bc0, 0x000002aee2e41cf8]
Event: 1210.798 Thread 0x000002aeee04b660 16461       4       org.eclipse.core.internal.resources.MarkerInfo::shareStrings (21 bytes)
Event: 1211.055 Thread 0x000002aeee04b660 nmethod 16461 0x000002aee2e41e10 code [0x000002aee2e42060, 0x000002aee2e42b68]
Event: 1234.416 Thread 0x000002aeef94a050 16462       3       java.util.concurrent.locks.AbstractQueuedSynchronizer$ConditionObject::unlinkCancelledWaiters (91 bytes)
Event: 1234.417 Thread 0x000002aeef94a050 nmethod 16462 0x000002aedcab9490 code [0x000002aedcab9640, 0x000002aedcab99d0]
Event: 1295.915 Thread 0x000002aeef94a050 16463       1       org.eclipse.jdt.ls.core.internal.LanguageServerApplication::getParentProcessId (5 bytes)
Event: 1295.918 Thread 0x000002aeef94a050 nmethod 16463 0x000002aee2e43490 code [0x000002aee2e43620, 0x000002aee2e436e8]

GC Heap History (20 events):
Event: 806.401 GC heap before
{Heap before GC invocations=364 (full 3):
 PSYoungGen      total 7168K, used 6817K [0x00000000d5580000, 0x00000000d5f00000, 0x0000000100000000)
  eden space 4608K, 95% used [0x00000000d5580000,0x00000000d59cfe48,0x00000000d5a00000)
  from space 2560K, 93% used [0x00000000d5c80000,0x00000000d5ed8770,0x00000000d5f00000)
  to   space 2560K, 0% used [0x00000000d5a00000,0x00000000d5a00000,0x00000000d5c80000)
 ParOldGen       total 286720K, used 286647K [0x0000000080000000, 0x0000000091800000, 0x00000000d5580000)
  object space 286720K, 99% used [0x0000000080000000,0x00000000917edeb0,0x0000000091800000)
 Metaspace       used 67542K, committed 69120K, reserved 1114112K
  class space    used 6999K, committed 7680K, reserved 1048576K
}
Event: 806.404 GC heap after
{Heap after GC invocations=364 (full 3):
 PSYoungGen      total 5120K, used 320K [0x00000000d5580000, 0x00000000d5d00000, 0x0000000100000000)
  eden space 4608K, 0% used [0x00000000d5580000,0x00000000d5580000,0x00000000d5a00000)
  from space 512K, 62% used [0x00000000d5a00000,0x00000000d5a50010,0x00000000d5a80000)
  to   space 1536K, 0% used [0x00000000d5b80000,0x00000000d5b80000,0x00000000d5d00000)
 ParOldGen       total 287232K, used 287143K [0x0000000080000000, 0x0000000091880000, 0x00000000d5580000)
  object space 287232K, 99% used [0x0000000080000000,0x0000000091869eb0,0x0000000091880000)
 Metaspace       used 67542K, committed 69120K, reserved 1114112K
  class space    used 6999K, committed 7680K, reserved 1048576K
}
Event: 806.435 GC heap before
{Heap before GC invocations=365 (full 3):
 PSYoungGen      total 5120K, used 4909K [0x00000000d5580000, 0x00000000d5d00000, 0x0000000100000000)
  eden space 4608K, 99% used [0x00000000d5580000,0x00000000d59fb6f0,0x00000000d5a00000)
  from space 512K, 62% used [0x00000000d5a00000,0x00000000d5a50010,0x00000000d5a80000)
  to   space 1536K, 0% used [0x00000000d5b80000,0x00000000d5b80000,0x00000000d5d00000)
 ParOldGen       total 287232K, used 287143K [0x0000000080000000, 0x0000000091880000, 0x00000000d5580000)
  object space 287232K, 99% used [0x0000000080000000,0x0000000091869eb0,0x0000000091880000)
 Metaspace       used 67552K, committed 69120K, reserved 1114112K
  class space    used 6999K, committed 7680K, reserved 1048576K
}
Event: 806.437 GC heap after
{Heap after GC invocations=365 (full 3):
 PSYoungGen      total 5632K, used 590K [0x00000000d5580000, 0x00000000d5c80000, 0x0000000100000000)
  eden space 4608K, 0% used [0x00000000d5580000,0x00000000d5580000,0x00000000d5a00000)
  from space 1024K, 57% used [0x00000000d5b80000,0x00000000d5c13b00,0x00000000d5c80000)
  to   space 1024K, 0% used [0x00000000d5a80000,0x00000000d5a80000,0x00000000d5b80000)
 ParOldGen       total 287232K, used 287191K [0x0000000080000000, 0x0000000091880000, 0x00000000d5580000)
  object space 287232K, 99% used [0x0000000080000000,0x0000000091875eb0,0x0000000091880000)
 Metaspace       used 67552K, committed 69120K, reserved 1114112K
  class space    used 6999K, committed 7680K, reserved 1048576K
}
Event: 806.450 GC heap before
{Heap before GC invocations=366 (full 3):
 PSYoungGen      total 5632K, used 5198K [0x00000000d5580000, 0x00000000d5c80000, 0x0000000100000000)
  eden space 4608K, 100% used [0x00000000d5580000,0x00000000d5a00000,0x00000000d5a00000)
  from space 1024K, 57% used [0x00000000d5b80000,0x00000000d5c13b00,0x00000000d5c80000)
  to   space 1024K, 0% used [0x00000000d5a80000,0x00000000d5a80000,0x00000000d5b80000)
 ParOldGen       total 287232K, used 287191K [0x0000000080000000, 0x0000000091880000, 0x00000000d5580000)
  object space 287232K, 99% used [0x0000000080000000,0x0000000091875eb0,0x0000000091880000)
 Metaspace       used 67552K, committed 69120K, reserved 1114112K
  class space    used 6999K, committed 7680K, reserved 1048576K
}
Event: 806.453 GC heap after
{Heap after GC invocations=366 (full 3):
 PSYoungGen      total 5632K, used 1021K [0x00000000d5580000, 0x00000000d5f00000, 0x0000000100000000)
  eden space 4608K, 0% used [0x00000000d5580000,0x00000000d5580000,0x00000000d5a00000)
  from space 1024K, 99% used [0x00000000d5a80000,0x00000000d5b7f610,0x00000000d5b80000)
  to   space 2560K, 0% used [0x00000000d5c80000,0x00000000d5c80000,0x00000000d5f00000)
 ParOldGen       total 288256K, used 288116K [0x0000000080000000, 0x0000000091980000, 0x00000000d5580000)
  object space 288256K, 99% used [0x0000000080000000,0x000000009195d0b0,0x0000000091980000)
 Metaspace       used 67552K, committed 69120K, reserved 1114112K
  class space    used 6999K, committed 7680K, reserved 1048576K
}
Event: 806.469 GC heap before
{Heap before GC invocations=367 (full 3):
 PSYoungGen      total 5632K, used 5629K [0x00000000d5580000, 0x00000000d5f00000, 0x0000000100000000)
  eden space 4608K, 100% used [0x00000000d5580000,0x00000000d5a00000,0x00000000d5a00000)
  from space 1024K, 99% used [0x00000000d5a80000,0x00000000d5b7f610,0x00000000d5b80000)
  to   space 2560K, 0% used [0x00000000d5c80000,0x00000000d5c80000,0x00000000d5f00000)
 ParOldGen       total 288256K, used 288116K [0x0000000080000000, 0x0000000091980000, 0x00000000d5580000)
  object space 288256K, 99% used [0x0000000080000000,0x000000009195d0b0,0x0000000091980000)
 Metaspace       used 67555K, committed 69120K, reserved 1114112K
  class space    used 6999K, committed 7680K, reserved 1048576K
}
Event: 806.473 GC heap after
{Heap after GC invocations=367 (full 3):
 PSYoungGen      total 6656K, used 1953K [0x00000000d5580000, 0x00000000d5e80000, 0x0000000100000000)
  eden space 4608K, 0% used [0x00000000d5580000,0x00000000d5580000,0x00000000d5a00000)
  from space 2048K, 95% used [0x00000000d5c80000,0x00000000d5e68760,0x00000000d5e80000)
  to   space 2048K, 0% used [0x00000000d5a80000,0x00000000d5a80000,0x00000000d5c80000)
 ParOldGen       total 289280K, used 289169K [0x0000000080000000, 0x0000000091a80000, 0x00000000d5580000)
  object space 289280K, 99% used [0x0000000080000000,0x0000000091a646c0,0x0000000091a80000)
 Metaspace       used 67555K, committed 69120K, reserved 1114112K
  class space    used 6999K, committed 7680K, reserved 1048576K
}
Event: 806.482 GC heap before
{Heap before GC invocations=368 (full 3):
 PSYoungGen      total 6656K, used 6561K [0x00000000d5580000, 0x00000000d5e80000, 0x0000000100000000)
  eden space 4608K, 100% used [0x00000000d5580000,0x00000000d5a00000,0x00000000d5a00000)
  from space 2048K, 95% used [0x00000000d5c80000,0x00000000d5e68760,0x00000000d5e80000)
  to   space 2048K, 0% used [0x00000000d5a80000,0x00000000d5a80000,0x00000000d5c80000)
 ParOldGen       total 289280K, used 289169K [0x0000000080000000, 0x0000000091a80000, 0x00000000d5580000)
  object space 289280K, 99% used [0x0000000080000000,0x0000000091a646c0,0x0000000091a80000)
 Metaspace       used 67555K, committed 69120K, reserved 1114112K
  class space    used 6999K, committed 7680K, reserved 1048576K
}
Event: 806.484 GC heap after
{Heap after GC invocations=368 (full 3):
 PSYoungGen      total 5120K, used 128K [0x00000000d5580000, 0x00000000d5d00000, 0x0000000100000000)
  eden space 4608K, 0% used [0x00000000d5580000,0x00000000d5580000,0x00000000d5a00000)
  from space 512K, 25% used [0x00000000d5a80000,0x00000000d5aa0000,0x00000000d5b00000)
  to   space 1024K, 0% used [0x00000000d5c00000,0x00000000d5c00000,0x00000000d5d00000)
 ParOldGen       total 290304K, used 289953K [0x0000000080000000, 0x0000000091b80000, 0x00000000d5580000)
  object space 290304K, 99% used [0x0000000080000000,0x0000000091b286c0,0x0000000091b80000)
 Metaspace       used 67555K, committed 69120K, reserved 1114112K
  class space    used 6999K, committed 7680K, reserved 1048576K
}
Event: 806.506 GC heap before
{Heap before GC invocations=369 (full 3):
 PSYoungGen      total 5120K, used 4736K [0x00000000d5580000, 0x00000000d5d00000, 0x0000000100000000)
  eden space 4608K, 100% used [0x00000000d5580000,0x00000000d5a00000,0x00000000d5a00000)
  from space 512K, 25% used [0x00000000d5a80000,0x00000000d5aa0000,0x00000000d5b00000)
  to   space 1024K, 0% used [0x00000000d5c00000,0x00000000d5c00000,0x00000000d5d00000)
 ParOldGen       total 290304K, used 289953K [0x0000000080000000, 0x0000000091b80000, 0x00000000d5580000)
  object space 290304K, 99% used [0x0000000080000000,0x0000000091b286c0,0x0000000091b80000)
 Metaspace       used 67558K, committed 69120K, reserved 1114112K
  class space    used 6999K, committed 7680K, reserved 1048576K
}
Event: 806.507 GC heap after
{Heap after GC invocations=369 (full 3):
 PSYoungGen      total 5632K, used 544K [0x00000000d5580000, 0x00000000d5d00000, 0x0000000100000000)
  eden space 4608K, 0% used [0x00000000d5580000,0x00000000d5580000,0x00000000d5a00000)
  from space 1024K, 53% used [0x00000000d5c00000,0x00000000d5c88000,0x00000000d5d00000)
  to   space 1024K, 0% used [0x00000000d5b00000,0x00000000d5b00000,0x00000000d5c00000)
 ParOldGen       total 290304K, used 289969K [0x0000000080000000, 0x0000000091b80000, 0x00000000d5580000)
  object space 290304K, 99% used [0x0000000080000000,0x0000000091b2c6c0,0x0000000091b80000)
 Metaspace       used 67558K, committed 69120K, reserved 1114112K
  class space    used 6999K, committed 7680K, reserved 1048576K
}
Event: 806.527 GC heap before
{Heap before GC invocations=370 (full 3):
 PSYoungGen      total 5632K, used 5152K [0x00000000d5580000, 0x00000000d5d00000, 0x0000000100000000)
  eden space 4608K, 100% used [0x00000000d5580000,0x00000000d5a00000,0x00000000d5a00000)
  from space 1024K, 53% used [0x00000000d5c00000,0x00000000d5c88000,0x00000000d5d00000)
  to   space 1024K, 0% used [0x00000000d5b00000,0x00000000d5b00000,0x00000000d5c00000)
 ParOldGen       total 290304K, used 289969K [0x0000000080000000, 0x0000000091b80000, 0x00000000d5580000)
  object space 290304K, 99% used [0x0000000080000000,0x0000000091b2c6c0,0x0000000091b80000)
 Metaspace       used 67558K, committed 69120K, reserved 1114112K
  class space    used 6999K, committed 7680K, reserved 1048576K
}
Event: 806.530 GC heap after
{Heap after GC invocations=370 (full 3):
 PSYoungGen      total 5632K, used 1010K [0x00000000d5580000, 0x00000000d5e00000, 0x0000000100000000)
  eden space 4608K, 0% used [0x00000000d5580000,0x00000000d5580000,0x00000000d5a00000)
  from space 1024K, 98% used [0x00000000d5b00000,0x00000000d5bfc810,0x00000000d5c00000)
  to   space 2048K, 0% used [0x00000000d5c00000,0x00000000d5c00000,0x00000000d5e00000)
 ParOldGen       total 290816K, used 290640K [0x0000000080000000, 0x0000000091c00000, 0x00000000d5580000)
  object space 290816K, 99% used [0x0000000080000000,0x0000000091bd4130,0x0000000091c00000)
 Metaspace       used 67558K, committed 69120K, reserved 1114112K
  class space    used 6999K, committed 7680K, reserved 1048576K
}
Event: 806.551 GC heap before
{Heap before GC invocations=371 (full 3):
 PSYoungGen      total 5632K, used 5618K [0x00000000d5580000, 0x00000000d5e00000, 0x0000000100000000)
  eden space 4608K, 100% used [0x00000000d5580000,0x00000000d5a00000,0x00000000d5a00000)
  from space 1024K, 98% used [0x00000000d5b00000,0x00000000d5bfc810,0x00000000d5c00000)
  to   space 2048K, 0% used [0x00000000d5c00000,0x00000000d5c00000,0x00000000d5e00000)
 ParOldGen       total 290816K, used 290640K [0x0000000080000000, 0x0000000091c00000, 0x00000000d5580000)
  object space 290816K, 99% used [0x0000000080000000,0x0000000091bd4130,0x0000000091c00000)
 Metaspace       used 67560K, committed 69120K, reserved 1114112K
  class space    used 6999K, committed 7680K, reserved 1048576K
}
Event: 806.554 GC heap after
{Heap after GC invocations=371 (full 3):
 PSYoungGen      total 6656K, used 1665K [0x00000000d5580000, 0x00000000d5e00000, 0x0000000100000000)
  eden space 4608K, 0% used [0x00000000d5580000,0x00000000d5580000,0x00000000d5a00000)
  from space 2048K, 81% used [0x00000000d5c00000,0x00000000d5da0760,0x00000000d5e00000)
  to   space 2048K, 0% used [0x00000000d5a00000,0x00000000d5a00000,0x00000000d5c00000)
 ParOldGen       total 291840K, used 291674K [0x0000000080000000, 0x0000000091d00000, 0x00000000d5580000)
  object space 291840K, 99% used [0x0000000080000000,0x0000000091cd6940,0x0000000091d00000)
 Metaspace       used 67560K, committed 69120K, reserved 1114112K
  class space    used 6999K, committed 7680K, reserved 1048576K
}
Event: 806.571 GC heap before
{Heap before GC invocations=372 (full 3):
 PSYoungGen      total 6656K, used 6273K [0x00000000d5580000, 0x00000000d5e00000, 0x0000000100000000)
  eden space 4608K, 100% used [0x00000000d5580000,0x00000000d5a00000,0x00000000d5a00000)
  from space 2048K, 81% used [0x00000000d5c00000,0x00000000d5da0760,0x00000000d5e00000)
  to   space 2048K, 0% used [0x00000000d5a00000,0x00000000d5a00000,0x00000000d5c00000)
 ParOldGen       total 291840K, used 291674K [0x0000000080000000, 0x0000000091d00000, 0x00000000d5580000)
  object space 291840K, 99% used [0x0000000080000000,0x0000000091cd6940,0x0000000091d00000)
 Metaspace       used 67560K, committed 69120K, reserved 1114112K
  class space    used 6999K, committed 7680K, reserved 1048576K
}
Event: 806.574 GC heap after
{Heap after GC invocations=372 (full 3):
 PSYoungGen      total 5120K, used 128K [0x00000000d5580000, 0x00000000d5c80000, 0x0000000100000000)
  eden space 4608K, 0% used [0x00000000d5580000,0x00000000d5580000,0x00000000d5a00000)
  from space 512K, 25% used [0x00000000d5a00000,0x00000000d5a20000,0x00000000d5a80000)
  to   space 1024K, 0% used [0x00000000d5b80000,0x00000000d5b80000,0x00000000d5c80000)
 ParOldGen       total 292864K, used 292754K [0x0000000080000000, 0x0000000091e00000, 0x00000000d5580000)
  object space 292864K, 99% used [0x0000000080000000,0x0000000091de4940,0x0000000091e00000)
 Metaspace       used 67560K, committed 69120K, reserved 1114112K
  class space    used 6999K, committed 7680K, reserved 1048576K
}
Event: 806.585 GC heap before
{Heap before GC invocations=373 (full 3):
 PSYoungGen      total 5120K, used 4736K [0x00000000d5580000, 0x00000000d5c80000, 0x0000000100000000)
  eden space 4608K, 100% used [0x00000000d5580000,0x00000000d5a00000,0x00000000d5a00000)
  from space 512K, 25% used [0x00000000d5a00000,0x00000000d5a20000,0x00000000d5a80000)
  to   space 1024K, 0% used [0x00000000d5b80000,0x00000000d5b80000,0x00000000d5c80000)
 ParOldGen       total 292864K, used 292754K [0x0000000080000000, 0x0000000091e00000, 0x00000000d5580000)
  object space 292864K, 99% used [0x0000000080000000,0x0000000091de4940,0x0000000091e00000)
 Metaspace       used 67560K, committed 69120K, reserved 1114112K
  class space    used 6999K, committed 7680K, reserved 1048576K
}
Event: 806.587 GC heap after
{Heap after GC invocations=373 (full 3):
 PSYoungGen      total 5120K, used 486K [0x00000000d5580000, 0x00000000d5c00000, 0x0000000100000000)
  eden space 4608K, 0% used [0x00000000d5580000,0x00000000d5580000,0x00000000d5a00000)
  from space 512K, 94% used [0x00000000d5b80000,0x00000000d5bf9940,0x00000000d5c00000)
  to   space 1024K, 0% used [0x00000000d5a00000,0x00000000d5a00000,0x00000000d5b00000)
 ParOldGen       total 292864K, used 292754K [0x0000000080000000, 0x0000000091e00000, 0x00000000d5580000)
  object space 292864K, 99% used [0x0000000080000000,0x0000000091de4940,0x0000000091e00000)
 Metaspace       used 67560K, committed 69120K, reserved 1114112K
  class space    used 6999K, committed 7680K, reserved 1048576K
}

Dll operation events (20 events):
Event: 0.027 Attempting to load shared library c:\Users\HP\.antigravity-ide\extensions\redhat.java-1.56.0-win32-x64\jre\21.0.12.1-win32-x86_64\bin\java.dll
Event: 0.027 Loaded shared library c:\Users\HP\.antigravity-ide\extensions\redhat.java-1.56.0-win32-x64\jre\21.0.12.1-win32-x86_64\bin\java.dll
Event: 0.110 Attempting to load shared library c:\Users\HP\.antigravity-ide\extensions\redhat.java-1.56.0-win32-x64\jre\21.0.12.1-win32-x86_64\bin\zip.dll
Event: 0.111 Loaded shared library c:\Users\HP\.antigravity-ide\extensions\redhat.java-1.56.0-win32-x64\jre\21.0.12.1-win32-x86_64\bin\zip.dll
Event: 0.366 Attempting to load shared library C:\Users\HP\.antigravity-ide\extensions\redhat.java-1.56.0-win32-x64\jre\21.0.12.1-win32-x86_64\bin\instrument.dll
Event: 0.366 Loaded shared library C:\Users\HP\.antigravity-ide\extensions\redhat.java-1.56.0-win32-x64\jre\21.0.12.1-win32-x86_64\bin\instrument.dll
Event: 0.383 Attempting to load shared library C:\Users\HP\.antigravity-ide\extensions\redhat.java-1.56.0-win32-x64\jre\21.0.12.1-win32-x86_64\bin\net.dll
Event: 0.385 Loaded shared library C:\Users\HP\.antigravity-ide\extensions\redhat.java-1.56.0-win32-x64\jre\21.0.12.1-win32-x86_64\bin\net.dll
Event: 0.389 Attempting to load shared library C:\Users\HP\.antigravity-ide\extensions\redhat.java-1.56.0-win32-x64\jre\21.0.12.1-win32-x86_64\bin\nio.dll
Event: 0.389 Loaded shared library C:\Users\HP\.antigravity-ide\extensions\redhat.java-1.56.0-win32-x64\jre\21.0.12.1-win32-x86_64\bin\nio.dll
Event: 0.430 Attempting to load shared library C:\Users\HP\.antigravity-ide\extensions\redhat.java-1.56.0-win32-x64\jre\21.0.12.1-win32-x86_64\bin\zip.dll
Event: 0.430 Loaded shared library C:\Users\HP\.antigravity-ide\extensions\redhat.java-1.56.0-win32-x64\jre\21.0.12.1-win32-x86_64\bin\zip.dll
Event: 0.526 Attempting to load shared library C:\Users\HP\.antigravity-ide\extensions\redhat.java-1.56.0-win32-x64\jre\21.0.12.1-win32-x86_64\bin\jimage.dll
Event: 0.526 Loaded shared library C:\Users\HP\.antigravity-ide\extensions\redhat.java-1.56.0-win32-x64\jre\21.0.12.1-win32-x86_64\bin\jimage.dll
Event: 0.832 Attempting to load shared library c:\Users\HP\.antigravity-ide\extensions\redhat.java-1.56.0-win32-x64\jre\21.0.12.1-win32-x86_64\bin\verify.dll
Event: 0.832 Loaded shared library c:\Users\HP\.antigravity-ide\extensions\redhat.java-1.56.0-win32-x64\jre\21.0.12.1-win32-x86_64\bin\verify.dll
Event: 4.476 Attempting to load shared library C:\Users\HP\AppData\Roaming\Antigravity IDE\User\globalStorage\redhat.java\1.56.0\config_win\org.eclipse.equinox.launcher\org.eclipse.equinox.launcher.win32.win32.x86_64_1.3.100.v20260804-1928\eclipse_11924.dll
Event: 4.482 Loaded shared library C:\Users\HP\AppData\Roaming\Antigravity IDE\User\globalStorage\redhat.java\1.56.0\config_win\org.eclipse.equinox.launcher\org.eclipse.equinox.launcher.win32.win32.x86_64_1.3.100.v20260804-1928\eclipse_11924.dll
Event: 9.857 Attempting to load shared library C:\Users\HP\AppData\Local\Temp\jna-2312\jna1904594490992101991.dll
Event: 10.006 Loaded shared library C:\Users\HP\AppData\Local\Temp\jna-2312\jna1904594490992101991.dll

Deoptimization events (20 events):
Event: 806.419 Thread 0x000002aef48b6f80 DEOPT PACKING pc=0x000002aee2970f4c sp=0x000000e8485fda40
Event: 806.419 Thread 0x000002aef48b6f80 DEOPT UNPACKING pc=0x000002aee1d73aa2 sp=0x000000e8485fd9d8 mode 2
Event: 806.499 Thread 0x000002aef48b6f80 Uncommon trap: trap_request=0xffffff76 fr.pc=0x000002aee2e1155c relative=0x000000000000039c
Event: 806.499 Thread 0x000002aef48b6f80 Uncommon trap: reason=predicate action=maybe_recompile pc=0x000002aee2e1155c method=java.util.TimSort.reverseRange([Ljava/lang/Object;II)V @ 5 c2
Event: 806.499 Thread 0x000002aef48b6f80 DEOPT PACKING pc=0x000002aee2e1155c sp=0x000000e8485fda70
Event: 806.499 Thread 0x000002aef48b6f80 DEOPT UNPACKING pc=0x000002aee1d73aa2 sp=0x000000e8485fd988 mode 2
Event: 806.511 Thread 0x000002aef48b6f80 DEOPT PACKING pc=0x000002aedc242b6a sp=0x000000e8485fe080
Event: 806.511 Thread 0x000002aef48b6f80 DEOPT UNPACKING pc=0x000002aee1d74242 sp=0x000000e8485fd578 mode 0
Event: 806.512 Thread 0x000002aef48b6f80 DEOPT PACKING pc=0x000002aedc242b6a sp=0x000000e8485fe080
Event: 806.512 Thread 0x000002aef48b6f80 DEOPT UNPACKING pc=0x000002aee1d74242 sp=0x000000e8485fd578 mode 0
Event: 806.514 Thread 0x000002aef48b6f80 DEOPT PACKING pc=0x000002aedc242b6a sp=0x000000e8485fe080
Event: 806.514 Thread 0x000002aef48b6f80 DEOPT UNPACKING pc=0x000002aee1d74242 sp=0x000000e8485fd578 mode 0
Event: 806.515 Thread 0x000002aef48b6f80 DEOPT PACKING pc=0x000002aedc242b6a sp=0x000000e8485fe080
Event: 806.515 Thread 0x000002aef48b6f80 DEOPT UNPACKING pc=0x000002aee1d74242 sp=0x000000e8485fd578 mode 0
Event: 806.516 Thread 0x000002aef48b6f80 DEOPT PACKING pc=0x000002aedc242b6a sp=0x000000e8485fe080
Event: 806.516 Thread 0x000002aef48b6f80 DEOPT UNPACKING pc=0x000002aee1d74242 sp=0x000000e8485fd578 mode 0
Event: 806.517 Thread 0x000002aef48b6f80 DEOPT PACKING pc=0x000002aedc242b6a sp=0x000000e8485fe080
Event: 806.517 Thread 0x000002aef48b6f80 DEOPT UNPACKING pc=0x000002aee1d74242 sp=0x000000e8485fd578 mode 0
Event: 806.518 Thread 0x000002aef48b6f80 DEOPT PACKING pc=0x000002aedc317551 sp=0x000000e8485fdfb0
Event: 806.518 Thread 0x000002aef48b6f80 DEOPT UNPACKING pc=0x000002aee1d74242 sp=0x000000e8485fd450 mode 0

Classes loaded (20 events):
Event: 334.582 Loading class java/util/stream/Nodes$CollectorTask$OfRef
Event: 334.584 Loading class java/util/stream/Nodes$CollectorTask
Event: 334.587 Loading class java/util/stream/Nodes$CollectorTask done
Event: 334.587 Loading class java/util/stream/Nodes$CollectorTask$OfRef done
Event: 334.588 Loading class java/util/function/LongFunction
Event: 334.592 Loading class java/util/function/LongFunction done
Event: 334.595 Loading class java/util/stream/Nodes$ConcNode
Event: 334.596 Loading class java/util/stream/Nodes$AbstractConcNode
Event: 334.597 Loading class java/util/stream/Nodes$AbstractConcNode done
Event: 334.597 Loading class java/util/stream/Nodes$ConcNode done
Event: 334.732 Loading class java/util/stream/Nodes$ToArrayTask$OfRef
Event: 334.732 Loading class java/util/stream/Nodes$ToArrayTask
Event: 334.732 Loading class java/util/stream/Nodes$ToArrayTask done
Event: 334.732 Loading class java/util/stream/Nodes$ToArrayTask$OfRef done
Event: 334.750 Loading class java/io/ObjectOutputStream$BlockDataOutputStream
Event: 334.751 Loading class java/io/ObjectOutputStream$BlockDataOutputStream done
Event: 334.752 Loading class java/io/ObjectOutputStream$HandleTable
Event: 334.752 Loading class java/io/ObjectOutputStream$HandleTable done
Event: 334.753 Loading class java/io/ObjectOutputStream$ReplaceTable
Event: 334.753 Loading class java/io/ObjectOutputStream$ReplaceTable done

Classes unloaded (7 events):
Event: 11.438 Thread 0x000002aed76aebf0 Unloading class 0x000002ae811aa800 'java/lang/invoke/LambdaForm$MH+0x000002ae811aa800'
Event: 11.438 Thread 0x000002aed76aebf0 Unloading class 0x000002ae811aa400 'java/lang/invoke/LambdaForm$MH+0x000002ae811aa400'
Event: 11.438 Thread 0x000002aed76aebf0 Unloading class 0x000002ae811aa000 'java/lang/invoke/LambdaForm$MH+0x000002ae811aa000'
Event: 11.438 Thread 0x000002aed76aebf0 Unloading class 0x000002ae811a9c00 'java/lang/invoke/LambdaForm$MH+0x000002ae811a9c00'
Event: 11.438 Thread 0x000002aed76aebf0 Unloading class 0x000002ae811a9800 'java/lang/invoke/LambdaForm$BMH+0x000002ae811a9800'
Event: 11.438 Thread 0x000002aed76aebf0 Unloading class 0x000002ae811a9400 'java/lang/invoke/LambdaForm$DMH+0x000002ae811a9400'
Event: 11.438 Thread 0x000002aed76aebf0 Unloading class 0x000002ae811a8400 'java/lang/invoke/LambdaForm$DMH+0x000002ae811a8400'

Classes redefined (0 events):
No events

Internal exceptions (20 events):
Event: 37.227 Thread 0x000002aef5f82160 Implicit null exception at 0x000002aedc253421 to 0x000002aedc25361d
Event: 37.227 Thread 0x000002aef5f82160 Exception <a 'java/lang/NullPointerException'{0x00000000d5946cd8}> (0x00000000d5946cd8) 
thrown [s\src\hotspot\share\runtime\sharedRuntime.cpp, line 625]
Event: 334.672 Thread 0x000002aef5f82160 Exception <a 'sun/nio/fs/WindowsException'{0x00000000d58b5158}> (0x00000000d58b5158) 
thrown [s\src\hotspot\share\prims\jni.cpp, line 520]
Event: 334.673 Thread 0x000002aef5f82160 Exception <a 'sun/nio/fs/WindowsException'{0x00000000d58b5a68}> (0x00000000d58b5a68) 
thrown [s\src\hotspot\share\prims\jni.cpp, line 520]
Event: 334.682 Thread 0x000002aef5f82160 Exception <a 'sun/nio/fs/WindowsException'{0x00000000d58b70f0}> (0x00000000d58b70f0) 
thrown [s\src\hotspot\share\prims\jni.cpp, line 520]
Event: 334.683 Thread 0x000002aef5f82160 Exception <a 'sun/nio/fs/WindowsException'{0x00000000d58b7a00}> (0x00000000d58b7a00) 
thrown [s\src\hotspot\share\prims\jni.cpp, line 520]
Event: 334.685 Thread 0x000002aef5f82160 Exception <a 'sun/nio/fs/WindowsException'{0x00000000d58b9088}> (0x00000000d58b9088) 
thrown [s\src\hotspot\share\prims\jni.cpp, line 520]
Event: 334.685 Thread 0x000002aef5f82160 Exception <a 'sun/nio/fs/WindowsException'{0x00000000d58b9998}> (0x00000000d58b9998) 
thrown [s\src\hotspot\share\prims\jni.cpp, line 520]
Event: 334.687 Thread 0x000002aef5f82160 Exception <a 'sun/nio/fs/WindowsException'{0x00000000d58bb020}> (0x00000000d58bb020) 
thrown [s\src\hotspot\share\prims\jni.cpp, line 520]
Event: 334.687 Thread 0x000002aef5f82160 Exception <a 'sun/nio/fs/WindowsException'{0x00000000d58bbb70}> (0x00000000d58bbb70) 
thrown [s\src\hotspot\share\prims\jni.cpp, line 520]
Event: 334.691 Thread 0x000002aef5f82160 Exception <a 'sun/nio/fs/WindowsException'{0x00000000d58bd1f8}> (0x00000000d58bd1f8) 
thrown [s\src\hotspot\share\prims\jni.cpp, line 520]
Event: 334.691 Thread 0x000002aef5f82160 Exception <a 'sun/nio/fs/WindowsException'{0x00000000d58bdb08}> (0x00000000d58bdb08) 
thrown [s\src\hotspot\share\prims\jni.cpp, line 520]
Event: 334.693 Thread 0x000002aef5f82160 Exception <a 'sun/nio/fs/WindowsException'{0x00000000d58bf190}> (0x00000000d58bf190) 
thrown [s\src\hotspot\share\prims\jni.cpp, line 520]
Event: 334.693 Thread 0x000002aef5f82160 Exception <a 'sun/nio/fs/WindowsException'{0x00000000d58bfaa0}> (0x00000000d58bfaa0) 
thrown [s\src\hotspot\share\prims\jni.cpp, line 520]
Event: 334.707 Thread 0x000002aef5f82160 Exception <a 'sun/nio/fs/WindowsException'{0x00000000d58c1128}> (0x00000000d58c1128) 
thrown [s\src\hotspot\share\prims\jni.cpp, line 520]
Event: 334.708 Thread 0x000002aef5f82160 Exception <a 'sun/nio/fs/WindowsException'{0x00000000d58c1a38}> (0x00000000d58c1a38) 
thrown [s\src\hotspot\share\prims\jni.cpp, line 520]
Event: 334.714 Thread 0x000002aef5f82160 Implicit null exception at 0x000002aee29d9910 to 0x000002aee29d9cc8
Event: 335.013 Thread 0x000002aef5f82160 Exception <a 'java/lang/NoSuchMethodError'{0x00000000d59d7818}: static [J.<clinit>()V> (0x00000000d59d7818) 
thrown [s\src\hotspot\share\prims\jni.cpp, line 1111]
Event: 335.280 Thread 0x000002aef5f82160 Exception <a 'java/lang/NoSuchMethodError'{0x00000000d5a50f40}: 'java.lang.Object java.lang.invoke.DirectMethodHandle$Holder.newInvokeSpecial(java.lang.Object, java.lang.Object, java.lang.Object, java.lang.Object, java.lang.Object, java.lang.Object, java.lang.Object, java.lang.Object)'> (0x00000000d5a50f40) 
thrown [s\src\hotspot\share\interpreter\linkResolver.cpp, line 773]
Event: 789.247 Thread 0x000002aef48b6f80 Exception <a 'java/lang/IncompatibleClassChangeError'{0x00000000d592edc0}: Found class java.lang.Object, but interface was expected> (0x00000000d592edc0) 
thrown [s\src\hotspot\share\interpreter\linkResolver.cpp, line 840]

ZGC Phase Switch (0 events):
No events

VM Operations (20 events):
Event: 806.571 Executing safepoint VM operation: ParallelGCFailedAllocation (Allocation Failure)
Event: 806.574 Executing safepoint VM operation: ParallelGCFailedAllocation (Allocation Failure) done
Event: 806.585 Executing safepoint VM operation: ParallelGCFailedAllocation (Allocation Failure)
Event: 806.587 Executing safepoint VM operation: ParallelGCFailedAllocation (Allocation Failure) done
Event: 807.604 Executing safepoint VM operation: Cleanup
Event: 807.604 Executing safepoint VM operation: Cleanup done
Event: 842.099 Executing non-safepoint VM operation: HandshakeAllThreads (HandshakeForDeflation)
Event: 842.099 Executing non-safepoint VM operation: HandshakeAllThreads (HandshakeForDeflation) done
Event: 842.099 Executing non-safepoint VM operation: RendezvousGCThreads
Event: 842.099 Executing non-safepoint VM operation: RendezvousGCThreads done
Event: 1211.307 Executing safepoint VM operation: Cleanup
Event: 1211.311 Executing safepoint VM operation: Cleanup done
Event: 1262.889 Executing non-safepoint VM operation: HandshakeAllThreads (HandshakeForDeflation)
Event: 1262.889 Executing non-safepoint VM operation: HandshakeAllThreads (HandshakeForDeflation) done
Event: 1262.889 Executing non-safepoint VM operation: RendezvousGCThreads
Event: 1262.889 Executing non-safepoint VM operation: RendezvousGCThreads done
Event: 1322.909 Executing non-safepoint VM operation: HandshakeAllThreads (HandshakeForDeflation)
Event: 1322.910 Executing non-safepoint VM operation: HandshakeAllThreads (HandshakeForDeflation) done
Event: 1322.910 Executing non-safepoint VM operation: RendezvousGCThreads
Event: 1322.910 Executing non-safepoint VM operation: RendezvousGCThreads done

Memory protections (0 events):
No events

Nmethod flushes (20 events):
Event: 25.816 Thread 0x000002aed76aebf0 flushing  nmethod 0x000002aedb1b5510
Event: 25.816 Thread 0x000002aed76aebf0 flushing  nmethod 0x000002aedb1b5f90
Event: 25.816 Thread 0x000002aed76aebf0 flushing  nmethod 0x000002aedb1b6f10
Event: 25.816 Thread 0x000002aed76aebf0 flushing  nmethod 0x000002aedb1bc590
Event: 25.816 Thread 0x000002aed76aebf0 flushing  nmethod 0x000002aedb1bca10
Event: 25.816 Thread 0x000002aed76aebf0 flushing  nmethod 0x000002aedb1bcd90
Event: 25.816 Thread 0x000002aed76aebf0 flushing  nmethod 0x000002aedb1bfc90
Event: 25.816 Thread 0x000002aed76aebf0 flushing  nmethod 0x000002aedb1c1290
Event: 25.816 Thread 0x000002aed76aebf0 flushing  nmethod 0x000002aedb1c2c10
Event: 25.816 Thread 0x000002aed76aebf0 flushing  nmethod 0x000002aedb1c3010
Event: 25.816 Thread 0x000002aed76aebf0 flushing  nmethod 0x000002aedb1c9510
Event: 25.816 Thread 0x000002aed76aebf0 flushing  nmethod 0x000002aedb1d0990
Event: 25.816 Thread 0x000002aed76aebf0 flushing  nmethod 0x000002aedb1d1490
Event: 25.816 Thread 0x000002aed76aebf0 flushing  nmethod 0x000002aedb1d5310
Event: 25.816 Thread 0x000002aed76aebf0 flushing  nmethod 0x000002aedb1d8990
Event: 25.816 Thread 0x000002aed76aebf0 flushing  nmethod 0x000002aedb1d9490
Event: 25.816 Thread 0x000002aed76aebf0 flushing  nmethod 0x000002aedb1dc290
Event: 25.816 Thread 0x000002aed76aebf0 flushing osr nmethod 0x000002aedb1fd290
Event: 25.816 Thread 0x000002aed76aebf0 flushing  nmethod 0x000002aedb223b90
Event: 25.816 Thread 0x000002aed76aebf0 flushing  nmethod 0x000002aedb225b10

Events (20 events):
Event: 335.535 Thread 0x000002aeef94a050 Thread added: 0x000002aef93bbaa0
Event: 340.716 Thread 0x000002aef93bbaa0 Thread exited: 0x000002aef93bbaa0
Event: 393.103 Thread 0x000002aef6ea0670 Thread exited: 0x000002aef6ea0670
Event: 453.251 Thread 0x000002aef6ea1a20 Thread exited: 0x000002aef6ea1a20
Event: 630.907 Thread 0x000002aef48b6f80 Thread exited: 0x000002aef48b6f80
Event: 787.637 Thread 0x000002aef5f827f0 Thread added: 0x000002aef48b6f80
Event: 788.323 Thread 0x000002aef48b6f80 Thread added: 0x000002aef48b5540
Event: 788.334 Thread 0x000002aef48b3470 Thread added: 0x000002aef48b20c0
Event: 788.336 Thread 0x000002aef48b20c0 Thread added: 0x000002aef48b6260
Event: 788.726 Thread 0x000002aeee04b660 Thread added: 0x000002aef93bbaa0
Event: 789.549 Thread 0x000002aeee04b660 Thread added: 0x000002aef93bc170
Event: 793.060 Thread 0x000002aef93bbaa0 Thread exited: 0x000002aef93bbaa0
Event: 793.060 Thread 0x000002aef93bc170 Thread exited: 0x000002aef93bc170
Event: 805.999 Thread 0x000002aeef94a050 Thread added: 0x000002aef93bbaa0
Event: 805.999 Thread 0x000002aeef94a050 Thread added: 0x000002aef93bc170
Event: 812.102 Thread 0x000002aef93bc170 Thread exited: 0x000002aef93bc170
Event: 816.700 Thread 0x000002aef93bbaa0 Thread exited: 0x000002aef93bbaa0
Event: 866.622 Thread 0x000002aef48b6f80 Thread exited: 0x000002aef48b6f80
Event: 926.625 Thread 0x000002aef48b5540 Thread exited: 0x000002aef48b5540
Event: 1106.575 Thread 0x000002aef48afff0 Thread exited: 0x000002aef48afff0


Dynamic libraries:
0x00007ff7abb90000 - 0x00007ff7abb9e000 	c:\Users\HP\.antigravity-ide\extensions\redhat.java-1.56.0-win32-x64\jre\21.0.12.1-win32-x86_64\bin\java.exe
0x00007fff1e1c0000 - 0x00007fff1e3c9000 	C:\Windows\SYSTEM32\ntdll.dll
0x00007fff1c350000 - 0x00007fff1c40d000 	C:\Windows\System32\KERNEL32.DLL
0x00007fff1bc50000 - 0x00007fff1bfd4000 	C:\Windows\System32\KERNELBASE.dll
0x00007fff1bab0000 - 0x00007fff1bbc1000 	C:\Windows\System32\ucrtbase.dll
0x00007fff17be0000 - 0x00007fff17bf8000 	c:\Users\HP\.antigravity-ide\extensions\redhat.java-1.56.0-win32-x64\jre\21.0.12.1-win32-x86_64\bin\jli.dll
0x00007fff1c410000 - 0x00007fff1c5bd000 	C:\Windows\System32\USER32.dll
0x00007fff1bfe0000 - 0x00007fff1c006000 	C:\Windows\System32\win32u.dll
0x00007fff1e020000 - 0x00007fff1e04a000 	C:\Windows\System32\GDI32.dll
0x00007fff1b820000 - 0x00007fff1b93e000 	C:\Windows\System32\gdi32full.dll
0x00007fff1b650000 - 0x00007fff1b6ed000 	C:\Windows\System32\msvcp_win.dll
0x00007ffefc5c0000 - 0x00007ffefc5de000 	c:\Users\HP\.antigravity-ide\extensions\redhat.java-1.56.0-win32-x64\jre\21.0.12.1-win32-x86_64\bin\VCRUNTIME140.dll
0x00007ffefae60000 - 0x00007ffefb105000 	C:\Windows\WinSxS\amd64_microsoft.windows.common-controls_6595b64144ccf1df_6.0.22000.120_none_9d947278b86cc467\COMCTL32.dll
0x00007fff1c710000 - 0x00007fff1c7b3000 	C:\Windows\System32\msvcrt.dll
0x00007fff1c280000 - 0x00007fff1c2b1000 	C:\Windows\System32\IMM32.DLL
0x00007fff18330000 - 0x00007fff1833c000 	c:\Users\HP\.antigravity-ide\extensions\redhat.java-1.56.0-win32-x64\jre\21.0.12.1-win32-x86_64\bin\vcruntime140_1.dll
0x00007ffed3600000 - 0x00007ffed368d000 	c:\Users\HP\.antigravity-ide\extensions\redhat.java-1.56.0-win32-x64\jre\21.0.12.1-win32-x86_64\bin\msvcp140.dll
0x00007ffecc760000 - 0x00007ffecd502000 	c:\Users\HP\.antigravity-ide\extensions\redhat.java-1.56.0-win32-x64\jre\21.0.12.1-win32-x86_64\bin\server\jvm.dll
0x00007fff1c010000 - 0x00007fff1c0be000 	C:\Windows\System32\ADVAPI32.dll
0x00007fff1c130000 - 0x00007fff1c1ce000 	C:\Windows\System32\sechost.dll
0x00007fff1e050000 - 0x00007fff1e171000 	C:\Windows\System32\RPCRT4.dll
0x00007fff1c5c0000 - 0x00007fff1c62f000 	C:\Windows\System32\WS2_32.dll
0x00007fff1b520000 - 0x00007fff1b56d000 	C:\Windows\SYSTEM32\POWRPROF.dll
0x00007fff0d4c0000 - 0x00007fff0d4f3000 	C:\Windows\SYSTEM32\WINMM.dll
0x00007fff14fd0000 - 0x00007fff14fda000 	C:\Windows\SYSTEM32\VERSION.dll
0x00007fff1b500000 - 0x00007fff1b513000 	C:\Windows\SYSTEM32\UMPDC.dll
0x00007fff1a680000 - 0x00007fff1a698000 	C:\Windows\SYSTEM32\kernel.appcore.dll
0x00007fff00370000 - 0x00007fff0037a000 	c:\Users\HP\.antigravity-ide\extensions\redhat.java-1.56.0-win32-x64\jre\21.0.12.1-win32-x86_64\bin\jimage.dll
0x00007fff09240000 - 0x00007fff09461000 	C:\Windows\SYSTEM32\DBGHELP.DLL
0x00007fff06ad0000 - 0x00007fff06b01000 	C:\Windows\SYSTEM32\dbgcore.DLL
0x00007fff1bbd0000 - 0x00007fff1bc4f000 	C:\Windows\System32\bcryptPrimitives.dll
0x00007ffefc6d0000 - 0x00007ffefc6df000 	c:\Users\HP\.antigravity-ide\extensions\redhat.java-1.56.0-win32-x64\jre\21.0.12.1-win32-x86_64\bin\instrument.dll
0x00007ffef3fc0000 - 0x00007ffef3fe0000 	c:\Users\HP\.antigravity-ide\extensions\redhat.java-1.56.0-win32-x64\jre\21.0.12.1-win32-x86_64\bin\java.dll
0x00007fff1d550000 - 0x00007fff1dd15000 	C:\Windows\System32\SHELL32.dll
0x00007fff196e0000 - 0x00007fff19f42000 	C:\Windows\SYSTEM32\windows.storage.dll
0x00007fff1cf30000 - 0x00007fff1d2a6000 	C:\Windows\System32\combase.dll
0x00007fff19570000 - 0x00007fff196d7000 	C:\Windows\SYSTEM32\wintypes.dll
0x00007fff1d2c0000 - 0x00007fff1d3aa000 	C:\Windows\System32\SHCORE.dll
0x00007fff1dfa0000 - 0x00007fff1dffd000 	C:\Windows\System32\shlwapi.dll
0x00007fff1b580000 - 0x00007fff1b5a5000 	C:\Windows\SYSTEM32\profapi.dll
0x00007ffeed380000 - 0x00007ffeed398000 	c:\Users\HP\.antigravity-ide\extensions\redhat.java-1.56.0-win32-x64\jre\21.0.12.1-win32-x86_64\bin\zip.dll
0x00007ffef93b0000 - 0x00007ffef93c0000 	C:\Users\HP\.antigravity-ide\extensions\redhat.java-1.56.0-win32-x64\jre\21.0.12.1-win32-x86_64\bin\net.dll
0x00007fff16780000 - 0x00007fff16894000 	C:\Windows\SYSTEM32\WINHTTP.dll
0x00007fff1ab20000 - 0x00007fff1ab87000 	C:\Windows\system32\mswsock.dll
0x00007ffee9410000 - 0x00007ffee9426000 	C:\Users\HP\.antigravity-ide\extensions\redhat.java-1.56.0-win32-x64\jre\21.0.12.1-win32-x86_64\bin\nio.dll
0x00007ffef7b80000 - 0x00007ffef7b90000 	c:\Users\HP\.antigravity-ide\extensions\redhat.java-1.56.0-win32-x64\jre\21.0.12.1-win32-x86_64\bin\verify.dll
0x00007ffee8df0000 - 0x00007ffee8e35000 	C:\Users\HP\AppData\Roaming\Antigravity IDE\User\globalStorage\redhat.java\1.56.0\config_win\org.eclipse.equinox.launcher\org.eclipse.equinox.launcher.win32.win32.x86_64_1.3.100.v20260804-1928\eclipse_11924.dll
0x00007fff1d3b0000 - 0x00007fff1d54a000 	C:\Windows\System32\ole32.dll
0x00007fff1adf0000 - 0x00007fff1ae08000 	C:\Windows\SYSTEM32\CRYPTSP.dll
0x00007fff1a5e0000 - 0x00007fff1a615000 	C:\Windows\system32\rsaenh.dll
0x00007fff1abc0000 - 0x00007fff1abec000 	C:\Windows\SYSTEM32\USERENV.dll
0x00007fff1afa0000 - 0x00007fff1afc7000 	C:\Windows\SYSTEM32\bcrypt.dll
0x00007fff1ad10000 - 0x00007fff1ad1c000 	C:\Windows\SYSTEM32\CRYPTBASE.dll
0x00007fff1a1e0000 - 0x00007fff1a20d000 	C:\Windows\SYSTEM32\IPHLPAPI.DLL
0x00007fff1cc40000 - 0x00007fff1cc49000 	C:\Windows\System32\NSI.dll
0x00007ffee00b0000 - 0x00007ffee00f9000 	C:\Users\HP\AppData\Local\Temp\jna-2312\jna1904594490992101991.dll
0x00007fff1c2c0000 - 0x00007fff1c2c8000 	C:\Windows\System32\PSAPI.DLL
0x00007fff16540000 - 0x00007fff16559000 	C:\Windows\SYSTEM32\dhcpcsvc6.DLL
0x00007fff16ad0000 - 0x00007fff16aee000 	C:\Windows\SYSTEM32\dhcpcsvc.DLL

JVMTI agents:
c:\Users\HP\.antigravity-ide\extensions\redhat.java-1.56.0-win32-x64\lombok\lombok-1.18.39-4050.jar path:c:\Users\HP\.antigravity-ide\extensions\redhat.java-1.56.0-win32-x64\jre\21.0.12.1-win32-x86_64\bin\instrument.dll, loaded, initialized, instrumentlib options:none

dbghelp: loaded successfully - version: 4.0.5 - missing functions: none
symbol engine: initialized successfully - sym options: 0x614 - pdb path: .;c:\Users\HP\.antigravity-ide\extensions\redhat.java-1.56.0-win32-x64\jre\21.0.12.1-win32-x86_64\bin;C:\Windows\SYSTEM32;C:\Windows\WinSxS\amd64_microsoft.windows.common-controls_6595b64144ccf1df_6.0.22000.120_none_9d947278b86cc467;c:\Users\HP\.antigravity-ide\extensions\redhat.java-1.56.0-win32-x64\jre\21.0.12.1-win32-x86_64\bin\server;C:\Users\HP\AppData\Roaming\Antigravity IDE\User\globalStorage\redhat.java\1.56.0\config_win\org.eclipse.equinox.launcher\org.eclipse.equinox.launcher.win32.win32.x86_64_1.3.100.v20260804-1928;C:\Users\HP\AppData\Local\Temp\jna-2312

VM Arguments:
jvm_args: --add-modules=ALL-SYSTEM --add-opens=java.base/java.util=ALL-UNNAMED --add-opens=java.base/java.lang=ALL-UNNAMED --add-opens=java.base/sun.nio.fs=ALL-UNNAMED -Declipse.application=org.eclipse.jdt.ls.core.id1 -Dosgi.bundles.defaultStartLevel=4 -Declipse.product=org.eclipse.jdt.ls.core.product -Djava.import.generatesMetadataFilesAtProjectRoot=false -Dm2e.project.cache.size=50 -DDetectVMInstallationsJob.disabled=true -Dfile.encoding=utf8 -XX:+UseParallelGC -XX:GCTimeRatio=4 -XX:AdaptiveSizePolicyWeight=90 -Dsun.zip.disableMemoryMapping=true -Xmx2G -Xms100m -Xlog:disable -javaagent:c:\Users\HP\.antigravity-ide\extensions\redhat.java-1.56.0-win32-x64\lombok\lombok-1.18.39-4050.jar -XX:+HeapDumpOnOutOfMemoryError -XX:HeapDumpPath=c:\Users\HP\AppData\Roaming\Antigravity IDE\User\workspaceStorage\358c0adacc1ca2f638e7db5389758dbc\redhat.java -Daether.dependencyCollector.impl=bf 
java_command: c:\Users\HP\.antigravity-ide\extensions\redhat.java-1.56.0-win32-x64\server\plugins\org.eclipse.equinox.launcher_1.8.0.v20260804-1928.jar -configuration c:\Users\HP\AppData\Roaming\Antigravity IDE\User\globalStorage\redhat.java\1.56.0\config_win -data c:\Users\HP\AppData\Roaming\Antigravity IDE\User\workspaceStorage\358c0adacc1ca2f638e7db5389758dbc\redhat.java\jdt_ws --pipe=\\.\pipe\lsp-1d8e2b782ea06f8368c4e26cb34496c2-sock
java_class_path (initial): c:\Users\HP\.antigravity-ide\extensions\redhat.java-1.56.0-win32-x64\server\plugins\org.eclipse.equinox.launcher_1.8.0.v20260804-1928.jar
Launcher Type: SUN_STANDARD

[Global flags]
    uintx AdaptiveSizePolicyWeight                 = 90                                        {product} {command line}
     intx CICompilerCount                          = 4                                         {product} {ergonomic}
    uintx GCTimeRatio                              = 4                                         {product} {command line}
     bool HeapDumpOnOutOfMemoryError               = true                                   {manageable} {command line}
    ccstr HeapDumpPath                             = c:\Users\HP\AppData\Roaming\Antigravity IDE\User\workspaceStorage\358c0adacc1ca2f638e7db5389758dbc\redhat.java         {manageable} {command line}
   size_t InitialHeapSize                          = 104857600                                 {product} {command line}
   size_t MaxHeapSize                              = 2147483648                                {product} {command line}
   size_t MaxNewSize                               = 715653120                                 {product} {ergonomic}
   size_t MinHeapDeltaBytes                        = 524288                                    {product} {ergonomic}
   size_t MinHeapSize                              = 104857600                                 {product} {command line}
   size_t NewSize                                  = 34603008                                  {product} {ergonomic}
    uintx NonNMethodCodeHeapSize                   = 5839372                                {pd product} {ergonomic}
    uintx NonProfiledCodeHeapSize                  = 122909434                              {pd product} {ergonomic}
   size_t OldSize                                  = 70254592                                  {product} {ergonomic}
    uintx ProfiledCodeHeapSize                     = 122909434                              {pd product} {ergonomic}
    uintx ReservedCodeCacheSize                    = 251658240                              {pd product} {ergonomic}
     bool SegmentedCodeCache                       = true                                      {product} {ergonomic}
   size_t SoftMaxHeapSize                          = 2147483648                             {manageable} {ergonomic}
     bool UseCompressedOops                        = true                           {product lp64_product} {ergonomic}
     bool UseLargePagesIndividualAllocation        = false                                  {pd product} {ergonomic}
     bool UseParallelGC                            = true                                      {product} {command line}

Logging:
Log output configuration:
 #0: stdout all=off uptime,level,tags foldmultilines=false
 #1: stderr all=off uptime,level,tags foldmultilines=false

Release file:
JAVA_VERSION="21.0.12.1" 
MODULES="java.base java.compiler java.datatransfer java.xml java.prefs java.desktop java.instrument java.logging java.management java.security.sasl java.naming java.rmi java.management.rmi java.net.http java.scripting java.security.jgss java.transaction.xa java.sql java.sql.rowset java.xml.crypto java.se java.smartcardio jdk.accessibility jdk.internal.jvmstat jdk.attach jdk.charsets jdk.internal.opt jdk.zipfs jdk.compiler jdk.crypto.ec jdk.crypto.cryptoki jdk.crypto.mscapi jdk.dynalink jdk.internal.ed jdk.editpad jdk.hotspot.agent jdk.httpserver jdk.internal.le jdk.internal.vm.ci jdk.internal.vm.compiler jdk.internal.vm.compiler.management jdk.jartool jdk.javadoc jdk.jcmd jdk.management jdk.management.agent jdk.jconsole jdk.jdeps jdk.jdwp.agent jdk.jdi jdk.jfr jdk.jshell jdk.jsobject jdk.jstatd jdk.localedata jdk.management.jfr jdk.naming.dns jdk.naming.rmi jdk.net jdk.nio.mapmode jdk.random jdk.sctp jdk.security.auth jdk.security.jgss jdk.unsupported jdk.unsupported.desktop jdk.xml.dom" 

Environment Variables:
JAVA_HOME=C:\Program Files\Java\jdk-21.0.12.1
PATH=C:\Program Files\Common Files\Oracle\Java\javapath;C:\Windows\system32;C:\Windows;C:\Windows\System32\Wbem;C:\Windows\System32\WindowsPowerShell\v1.0\;C:\Windows\System32\OpenSSH\;C:\Program Files\Docker\Docker\resources\bin;C:\Program Files\Git\cmd;C:\Program Files\nodejs\;C:\Users\HP\Documents\flutter\bin;C:\Program Files\Java\jdk-21.0.12.1\bin;C:\Users\HP\AppData\Local\Microsoft\WindowsApps;C:\Users\HP\AppData\Local\Programs\Antigravity IDE\bin;C:\Users\HP\AppData\Roaming\npm;C:\Users\HP\AppData\Local\Programs\Microsoft VS Code\bin;C:\Users\HP\AppData\Local\Python\bin;C:\Users\HP\Documents\flutter\bin;C:\Program Files\Java\jdk-21.0.12.1\bin;
USERNAME=HP
OS=Windows_NT
PROCESSOR_IDENTIFIER=Intel64 Family 6 Model 142 Stepping 12, GenuineIntel
TMP=C:\Users\HP\AppData\Local\Temp
TEMP=C:\Users\HP\AppData\Local\Temp




Periodic native trim disabled

---------------  S Y S T E M  ---------------

OS:
 Windows 11 , 64 bit Build 22000 (10.0.22000.2538)
OS uptime: 0 days 2:16 hours
Hyper-V role detected

CPU: total 8 (initial active 8) (4 cores per cpu, 2 threads per core) family 6 model 142 stepping 12 microcode 0x100, cx8, cmov, fxsr, ht, mmx, 3dnowpref, sse, sse2, sse3, ssse3, sse4.1, sse4.2, popcnt, lzcnt, tsc, tscinvbit, avx, avx2, aes, erms, clmul, bmi1, bmi2, adx, fma, vzeroupper, clflush, clflushopt, hv, rdtscp, f16c
Processor Information for the first 8 processors :
  Max Mhz: 1896, Current Mhz: 1596, Mhz Limit: 1592

Memory: 4k page, system-wide physical 7998M (903M free)
TotalPageFile size 17045M (AvailPageFile size 0M)
current process WorkingSet (physical memory assigned to process): 26M, peak: 578M
current process commit charge ("private bytes"): 631M, peak: 649M

vm_info: OpenJDK 64-Bit Server VM (21.0.12.1+1-LTS) for windows-amd64 JRE (21.0.12.1+1-LTS), built on 2026-08-18T00:00:00Z by "admin" with MS VC++ 17.12 (VS2022)

END.
