#
# There is insufficient memory for the Java Runtime Environment to continue.
# Native memory allocation (malloc) failed to allocate 1358736 bytes for Chunk::new
# Possible reasons:
#   The system is out of physical RAM or swap space
#   The process is running with CompressedOops enabled, and the Java Heap may be blocking the growth of the native heap
# Possible solutions:
#   Reduce memory load on the system
#   Increase physical memory or swap space
#   Check if swap backing store is full
#   Decrease Java heap size (-Xmx/-Xms)
#   Decrease number of Java threads
#   Decrease Java thread stack sizes (-Xss)
#   Set larger code cache with -XX:ReservedCodeCacheSize=
#   JVM is running with Unscaled Compressed Oops mode in which the Java heap is
#     placed in the first 4GB address space. The Java Heap base address is the
#     maximum limit for the native heap growth. Please use -XX:HeapBaseMinAddress
#     to set the Java Heap base and to place the Java Heap above 4GB virtual address.
# This output file may be truncated or incomplete.
#
#  Out of Memory Error (arena.cpp:168), pid=14332, tid=5880
#
# JRE version: Java(TM) SE Runtime Environment (21.0.12.1+1) (build 21.0.12.1+1-LTS-4)
# Java VM: Java HotSpot(TM) 64-Bit Server VM (21.0.12.1+1-LTS-4, mixed mode, sharing, tiered, compressed oops, compressed class ptrs, g1 gc, windows-amd64)
# No core dump will be written. Minidumps are not enabled by default on client versions of Windows
#

---------------  S U M M A R Y ------------

Command Line: --enable-native-access=ALL-UNNAMED -Dclassworlds.conf=C:\Users\HP\.m2\wrapper\dists\apache-maven-3.9.16\0daed3be3ebd1c706f0e69e8b07c6b73f5cc4ea3dfce72a8d0ec2e849ca2ddb0\bin\m2.conf -Dmaven.home=C:\Users\HP\.m2\wrapper\dists\apache-maven-3.9.16\0daed3be3ebd1c706f0e69e8b07c6b73f5cc4ea3dfce72a8d0ec2e849ca2ddb0 -Dlibrary.jansi.path=C:\Users\HP\.m2\wrapper\dists\apache-maven-3.9.16\0daed3be3ebd1c706f0e69e8b07c6b73f5cc4ea3dfce72a8d0ec2e849ca2ddb0\lib\jansi-native -Dmaven.multiModuleProjectDirectory=C:\Users\HP\Documents\projets\pgvpt\backend\ms-geolocalisation org.codehaus.plexus.classworlds.launcher.Launcher spring-boot:run:

Host: Intel(R) Core(TM) i5-8365U CPU @ 1.60GHz, 8 cores, 7G,  Windows 11 , 64 bit Build 22000 (10.0.22000.2538)
Time: Wed Sep  9 23:37:40 2026 Greenwich elapsed time: 23.918740 seconds (0d 0h 0m 23s)

---------------  T H R E A D  ---------------

Current thread (0x0000024afad22720):  JavaThread "C2 CompilerThread2" daemon [_thread_in_native, id=5880, stack(0x0000007a28000000,0x0000007a28100000) (1024K)]


Current CompileTask:
C2:  23918 12109   !   4       lombok.core.AST::buildWithField0 (121 bytes)

Stack: [0x0000007a28000000,0x0000007a28100000]
Native frames: (J=compiled Java code, j=interpreted, Vv=VM code, C=native code)
V  [jvm.dll+0x6d1079]
V  [jvm.dll+0x860376]
V  [jvm.dll+0x86286e]
V  [jvm.dll+0x862f43]
V  [jvm.dll+0x282bd6]
V  [jvm.dll+0xc67ad]
V  [jvm.dll+0xc6cf1]
V  [jvm.dll+0x3bbf3b]
V  [jvm.dll+0x3883b2]
V  [jvm.dll+0x3877fa]
V  [jvm.dll+0x24b530]
V  [jvm.dll+0x24ab0f]
V  [jvm.dll+0x1cae8e]
V  [jvm.dll+0x25a7e9]
V  [jvm.dll+0x258d75]
V  [jvm.dll+0x3f5161]
V  [jvm.dll+0x80ad8d]
V  [jvm.dll+0x6cf91d]
C  [ucrtbase.dll+0x26c0c]
C  [KERNEL32.DLL+0x153e0]
C  [ntdll.dll+0x485b]


---------------  P R O C E S S  ---------------

Threads class SMR info:
_java_thread_list=0x0000024afc323d10, length=21, elements={
0x0000024a9489c790, 0x0000024ab3365430, 0x0000024ab3366ea0, 0x0000024ab3367c90,
0x0000024ab3368820, 0x0000024ab3369760, 0x0000024ab3372300, 0x0000024ab337ccc0,
0x0000024ab33833e0, 0x0000024ab365f370, 0x0000024ab365e650, 0x0000024ab365ece0,
0x0000024ab3660090, 0x0000024ab3660720, 0x0000024ab3661440, 0x0000024ab365dfc0,
0x0000024ab3660db0, 0x0000024afbdb8de0, 0x0000024afbdbbbd0, 0x0000024afad256d0,
0x0000024afad22720
}

Java Threads: ( => current thread )
  0x0000024a9489c790 JavaThread "main"                              [_thread_in_Java, id=14684, stack(0x0000007a26500000,0x0000007a26600000) (1024K)]
  0x0000024ab3365430 JavaThread "Reference Handler"          daemon [_thread_blocked, id=21360, stack(0x0000007a26d00000,0x0000007a26e00000) (1024K)]
  0x0000024ab3366ea0 JavaThread "Finalizer"                  daemon [_thread_blocked, id=13460, stack(0x0000007a26e00000,0x0000007a26f00000) (1024K)]
  0x0000024ab3367c90 JavaThread "Signal Dispatcher"          daemon [_thread_blocked, id=22244, stack(0x0000007a26f00000,0x0000007a27000000) (1024K)]
  0x0000024ab3368820 JavaThread "Attach Listener"            daemon [_thread_blocked, id=11112, stack(0x0000007a27000000,0x0000007a27100000) (1024K)]
  0x0000024ab3369760 JavaThread "Service Thread"             daemon [_thread_blocked, id=8424, stack(0x0000007a27100000,0x0000007a27200000) (1024K)]
  0x0000024ab3372300 JavaThread "Monitor Deflation Thread"   daemon [_thread_blocked, id=2392, stack(0x0000007a27200000,0x0000007a27300000) (1024K)]
  0x0000024ab337ccc0 JavaThread "C2 CompilerThread0"         daemon [_thread_in_native, id=3604, stack(0x0000007a27300000,0x0000007a27400000) (1024K)]
  0x0000024ab33833e0 JavaThread "C1 CompilerThread0"         daemon [_thread_blocked, id=20876, stack(0x0000007a27400000,0x0000007a27500000) (1024K)]
  0x0000024ab365f370 JavaThread "Notification Thread"        daemon [_thread_blocked, id=1328, stack(0x0000007a27500000,0x0000007a27600000) (1024K)]
  0x0000024ab365e650 JavaThread "Common-Cleaner"             daemon [_thread_blocked, id=2132, stack(0x0000007a27600000,0x0000007a27700000) (1024K)]
  0x0000024ab365ece0 JavaThread "Thread-1"                   daemon [_thread_blocked, id=2592, stack(0x0000007a27e00000,0x0000007a27f00000) (1024K)]
  0x0000024ab3660090 JavaThread "ForkJoinPool.commonPool-worker-1" daemon [_thread_blocked, id=4712, stack(0x0000007a28200000,0x0000007a28300000) (1024K)]
  0x0000024ab3660720 JavaThread "ForkJoinPool.commonPool-worker-2" daemon [_thread_blocked, id=9420, stack(0x0000007a28300000,0x0000007a28400000) (1024K)]
  0x0000024ab3661440 JavaThread "ForkJoinPool.commonPool-worker-4" daemon [_thread_blocked, id=13664, stack(0x0000007a28400000,0x0000007a28500000) (1024K)]
  0x0000024ab365dfc0 JavaThread "ForkJoinPool.commonPool-worker-3" daemon [_thread_blocked, id=1664, stack(0x0000007a28500000,0x0000007a28600000) (1024K)]
  0x0000024ab3660db0 JavaThread "ForkJoinPool.commonPool-worker-5" daemon [_thread_blocked, id=3044, stack(0x0000007a28600000,0x0000007a28700000) (1024K)]
  0x0000024afbdb8de0 JavaThread "ForkJoinPool.commonPool-worker-6" daemon [_thread_blocked, id=19232, stack(0x0000007a28700000,0x0000007a28800000) (1024K)]
  0x0000024afbdbbbd0 JavaThread "ForkJoinPool.commonPool-worker-7" daemon [_thread_blocked, id=11860, stack(0x0000007a28800000,0x0000007a28900000) (1024K)]
  0x0000024afad256d0 JavaThread "C2 CompilerThread1"         daemon [_thread_in_native, id=21760, stack(0x0000007a27700000,0x0000007a27800000) (1024K)]
=>0x0000024afad22720 JavaThread "C2 CompilerThread2"         daemon [_thread_in_native, id=5880, stack(0x0000007a28000000,0x0000007a28100000) (1024K)]
Total: 21

Other Threads:
  0x0000024ab334a020 VMThread "VM Thread"                           [id=10280, stack(0x0000007a26c00000,0x0000007a26d00000) (1024K)]
  0x0000024ab333ab50 WatcherThread "VM Periodic Task Thread"        [id=19136, stack(0x0000007a26b00000,0x0000007a26c00000) (1024K)]
  0x0000024a96a9bd90 WorkerThread "GC Thread#0"                     [id=14572, stack(0x0000007a26600000,0x0000007a26700000) (1024K)]
  0x0000024af96abcd0 WorkerThread "GC Thread#1"                     [id=8896, stack(0x0000007a27800000,0x0000007a27900000) (1024K)]
  0x0000024af96ac080 WorkerThread "GC Thread#2"                     [id=10768, stack(0x0000007a27900000,0x0000007a27a00000) (1024K)]
  0x0000024af9afd660 WorkerThread "GC Thread#3"                     [id=2036, stack(0x0000007a27a00000,0x0000007a27b00000) (1024K)]
  0x0000024af9ac9880 WorkerThread "GC Thread#4"                     [id=14632, stack(0x0000007a27b00000,0x0000007a27c00000) (1024K)]
  0x0000024af9affa20 WorkerThread "GC Thread#5"                     [id=14688, stack(0x0000007a27c00000,0x0000007a27d00000) (1024K)]
  0x0000024af9aca030 WorkerThread "GC Thread#6"                     [id=12972, stack(0x0000007a27d00000,0x0000007a27e00000) (1024K)]
  0x0000024afa5cf9c0 WorkerThread "GC Thread#7"                     [id=21932, stack(0x0000007a27f00000,0x0000007a28000000) (1024K)]
  0x0000024a96aac780 ConcurrentGCThread "G1 Main Marker"            [id=2992, stack(0x0000007a26700000,0x0000007a26800000) (1024K)]
  0x0000024a96aae450 WorkerThread "G1 Conc#0"                       [id=16832, stack(0x0000007a26800000,0x0000007a26900000) (1024K)]
  0x0000024af973ee90 WorkerThread "G1 Conc#1"                       [id=16548, stack(0x0000007a28100000,0x0000007a28200000) (1024K)]
  0x0000024a96b1e7f0 ConcurrentGCThread "G1 Refine#0"               [id=9640, stack(0x0000007a26900000,0x0000007a26a00000) (1024K)]
  0x0000024ab320f520 ConcurrentGCThread "G1 Service"                [id=22320, stack(0x0000007a26a00000,0x0000007a26b00000) (1024K)]
Total: 15

Threads with active compile tasks:
C2 CompilerThread0    23974 12161       4       lombok.javac.JavacNode::traverse (774 bytes)
C2 CompilerThread1    23974 12213       4       lombok.core.AST::buildWithCollection (128 bytes)
C2 CompilerThread2    23974 12109   !   4       lombok.core.AST::buildWithField0 (121 bytes)
Total: 3

VM state: not at safepoint (normal execution)

VM Mutex/Monitor currently owned by a thread: None

Heap address: 0x0000000083000000, size: 2000 MB, Compressed Oops mode: 32-bit

CDS archive(s) mapped at: [0x0000024ab4000000-0x0000024ab4c90000-0x0000024ab4c90000), size 13172736, SharedBaseAddress: 0x0000024ab4000000, ArchiveRelocationMode: 1.
Compressed class space mapped at: 0x0000024ab5000000-0x0000024af5000000, reserved size: 1073741824
Narrow klass base: 0x0000024ab4000000, Narrow klass shift: 0, Narrow klass range: 0x100000000

GC Precious Log:
 CardTable entry size: 512
 Card Set container configuration: InlinePtr #cards 5 size 8 Array Of Cards #cards 12 size 40 Howl #buckets 4 coarsen threshold 1843 Howl Bitmap #cards 512 size 80 coarsen threshold 460 Card regions per heap region 1 cards per card region 2048
 CPUs: 8 total, 8 available
 Memory: 7998M
 Large Page Support: Disabled
 NUMA Support: Disabled
 Compressed Oops: Enabled (32-bit)
 Heap Region Size: 1M
 Heap Min Capacity: 8M
 Heap Initial Capacity: 126M
 Heap Max Capacity: 2000M
 Pre-touch: Disabled
 Parallel Workers: 8
 Concurrent Workers: 2
 Concurrent Refinement Workers: 8
 Periodic GC: Disabled

Heap:
 garbage-first heap   total 163840K, used 95638K [0x0000000083000000, 0x0000000100000000)
  region size 1024K, 16 young (16384K), 2 survivors (2048K)
 Metaspace       used 53425K, committed 54208K, reserved 1114112K
  class space    used 6219K, committed 6592K, reserved 1048576K

Heap Regions: E=young(eden), S=young(survivor), O=old, HS=humongous(starts), HC=humongous(continues), CS=collection set, F=free, TAMS=top-at-mark-start, PB=parsable bottom
|   0|0x0000000083000000, 0x0000000083100000, 0x0000000083100000|100%| O|  |TAMS 0x0000000083000000| PB 0x0000000083000000| Untracked 
|   1|0x0000000083100000, 0x0000000083200000, 0x0000000083200000|100%| O|  |TAMS 0x0000000083100000| PB 0x0000000083100000| Untracked 
|   2|0x0000000083200000, 0x0000000083300000, 0x0000000083300000|100%| O|  |TAMS 0x0000000083200000| PB 0x0000000083200000| Untracked 
|   3|0x0000000083300000, 0x0000000083400000, 0x0000000083400000|100%| O|  |TAMS 0x0000000083300000| PB 0x0000000083300000| Untracked 
|   4|0x0000000083400000, 0x0000000083500000, 0x0000000083500000|100%| O|  |TAMS 0x0000000083400000| PB 0x0000000083400000| Untracked 
|   5|0x0000000083500000, 0x0000000083600000, 0x0000000083600000|100%| O|  |TAMS 0x0000000083500000| PB 0x0000000083500000| Untracked 
|   6|0x0000000083600000, 0x0000000083700000, 0x0000000083700000|100%| O|  |TAMS 0x0000000083600000| PB 0x0000000083600000| Untracked 
|   7|0x0000000083700000, 0x0000000083800000, 0x0000000083800000|100%| O|  |TAMS 0x0000000083700000| PB 0x0000000083700000| Untracked 
|   8|0x0000000083800000, 0x0000000083900000, 0x0000000083900000|100%| O|  |TAMS 0x0000000083800000| PB 0x0000000083800000| Untracked 
|   9|0x0000000083900000, 0x0000000083a00000, 0x0000000083a00000|100%| O|  |TAMS 0x0000000083900000| PB 0x0000000083900000| Untracked 
|  10|0x0000000083a00000, 0x0000000083b00000, 0x0000000083b00000|100%| O|  |TAMS 0x0000000083a00000| PB 0x0000000083a00000| Untracked 
|  11|0x0000000083b00000, 0x0000000083c00000, 0x0000000083c00000|100%| O|  |TAMS 0x0000000083b00000| PB 0x0000000083b00000| Untracked 
|  12|0x0000000083c00000, 0x0000000083d00000, 0x0000000083d00000|100%| O|Cm|TAMS 0x0000000083c00000| PB 0x0000000083c00000| Complete 
|  13|0x0000000083d00000, 0x0000000083e00000, 0x0000000083e00000|100%| O|  |TAMS 0x0000000083d00000| PB 0x0000000083d00000| Untracked 
|  14|0x0000000083e00000, 0x0000000083f00000, 0x0000000083f00000|100%| O|  |TAMS 0x0000000083e00000| PB 0x0000000083e00000| Untracked 
|  15|0x0000000083f00000, 0x0000000084000000, 0x0000000084000000|100%| O|  |TAMS 0x0000000083f00000| PB 0x0000000083f00000| Untracked 
|  16|0x0000000084000000, 0x0000000084100000, 0x0000000084100000|100%| O|  |TAMS 0x0000000084000000| PB 0x0000000084000000| Untracked 
|  17|0x0000000084100000, 0x0000000084200000, 0x0000000084200000|100%| O|  |TAMS 0x0000000084100000| PB 0x0000000084100000| Untracked 
|  18|0x0000000084200000, 0x0000000084300000, 0x0000000084300000|100%| O|  |TAMS 0x0000000084200000| PB 0x0000000084200000| Untracked 
|  19|0x0000000084300000, 0x0000000084400000, 0x0000000084400000|100%| O|  |TAMS 0x0000000084300000| PB 0x0000000084300000| Untracked 
|  20|0x0000000084400000, 0x0000000084500000, 0x0000000084500000|100%| O|  |TAMS 0x0000000084400000| PB 0x0000000084400000| Untracked 
|  21|0x0000000084500000, 0x00000000845e5840, 0x0000000084600000| 89%| O|  |TAMS 0x0000000084500000| PB 0x0000000084500000| Untracked 
|  22|0x0000000084600000, 0x0000000084700000, 0x0000000084700000|100%| O|  |TAMS 0x0000000084600000| PB 0x0000000084600000| Untracked 
|  23|0x0000000084700000, 0x0000000084800000, 0x0000000084800000|100%| O|  |TAMS 0x0000000084700000| PB 0x0000000084700000| Untracked 
|  24|0x0000000084800000, 0x0000000084900000, 0x0000000084900000|100%| O|  |TAMS 0x0000000084800000| PB 0x0000000084800000| Untracked 
|  25|0x0000000084900000, 0x0000000084a00000, 0x0000000084a00000|100%|HS|  |TAMS 0x0000000084900000| PB 0x0000000084900000| Complete 
|  26|0x0000000084a00000, 0x0000000084b00000, 0x0000000084b00000|100%|HS|  |TAMS 0x0000000084a00000| PB 0x0000000084a00000| Complete 
|  27|0x0000000084b00000, 0x0000000084c00000, 0x0000000084c00000|100%| O|  |TAMS 0x0000000084b00000| PB 0x0000000084b00000| Untracked 
|  28|0x0000000084c00000, 0x0000000084d00000, 0x0000000084d00000|100%|HS|  |TAMS 0x0000000084c00000| PB 0x0000000084c00000| Complete 
|  29|0x0000000084d00000, 0x0000000084e00000, 0x0000000084e00000|100%| O|  |TAMS 0x0000000084d00000| PB 0x0000000084d00000| Untracked 
|  30|0x0000000084e00000, 0x0000000084f00000, 0x0000000084f00000|100%| O|  |TAMS 0x0000000084e00000| PB 0x0000000084e00000| Untracked 
|  31|0x0000000084f00000, 0x0000000085000000, 0x0000000085000000|100%| O|  |TAMS 0x0000000084f00000| PB 0x0000000084f00000| Untracked 
|  32|0x0000000085000000, 0x0000000085100000, 0x0000000085100000|100%| O|  |TAMS 0x0000000085000000| PB 0x0000000085000000| Untracked 
|  33|0x0000000085100000, 0x0000000085200000, 0x0000000085200000|100%|HS|  |TAMS 0x0000000085100000| PB 0x0000000085100000| Complete 
|  34|0x0000000085200000, 0x0000000085300000, 0x0000000085300000|100%|HC|  |TAMS 0x0000000085200000| PB 0x0000000085200000| Complete 
|  35|0x0000000085300000, 0x0000000085400000, 0x0000000085400000|100%|HC|  |TAMS 0x0000000085300000| PB 0x0000000085300000| Complete 
|  36|0x0000000085400000, 0x0000000085500000, 0x0000000085500000|100%|HS|  |TAMS 0x0000000085400000| PB 0x0000000085400000| Complete 
|  37|0x0000000085500000, 0x0000000085600000, 0x0000000085600000|100%|HC|  |TAMS 0x0000000085500000| PB 0x0000000085500000| Complete 
|  38|0x0000000085600000, 0x0000000085700000, 0x0000000085700000|100%|HC|  |TAMS 0x0000000085600000| PB 0x0000000085600000| Complete 
|  39|0x0000000085700000, 0x0000000085800000, 0x0000000085800000|100%| O|  |TAMS 0x0000000085700000| PB 0x0000000085700000| Untracked 
|  40|0x0000000085800000, 0x0000000085900000, 0x0000000085900000|100%| O|  |TAMS 0x0000000085800000| PB 0x0000000085800000| Untracked 
|  41|0x0000000085900000, 0x0000000085a00000, 0x0000000085a00000|100%| O|  |TAMS 0x0000000085900000| PB 0x0000000085900000| Untracked 
|  42|0x0000000085a00000, 0x0000000085b00000, 0x0000000085b00000|100%| O|  |TAMS 0x0000000085a00000| PB 0x0000000085a00000| Untracked 
|  43|0x0000000085b00000, 0x0000000085c00000, 0x0000000085c00000|100%| O|  |TAMS 0x0000000085b00000| PB 0x0000000085b00000| Untracked 
|  44|0x0000000085c00000, 0x0000000085d00000, 0x0000000085d00000|100%| O|  |TAMS 0x0000000085c00000| PB 0x0000000085c00000| Untracked 
|  45|0x0000000085d00000, 0x0000000085e00000, 0x0000000085e00000|100%| O|  |TAMS 0x0000000085d00000| PB 0x0000000085d00000| Untracked 
|  46|0x0000000085e00000, 0x0000000085f00000, 0x0000000085f00000|100%| O|  |TAMS 0x0000000085e00000| PB 0x0000000085e00000| Untracked 
|  47|0x0000000085f00000, 0x0000000086000000, 0x0000000086000000|100%| O|  |TAMS 0x0000000085f00000| PB 0x0000000085f00000| Untracked 
|  48|0x0000000086000000, 0x0000000086100000, 0x0000000086100000|100%| O|  |TAMS 0x0000000086000000| PB 0x0000000086000000| Untracked 
|  49|0x0000000086100000, 0x0000000086200000, 0x0000000086200000|100%| O|  |TAMS 0x0000000086100000| PB 0x0000000086100000| Untracked 
|  50|0x0000000086200000, 0x0000000086300000, 0x0000000086300000|100%| O|  |TAMS 0x0000000086200000| PB 0x0000000086200000| Untracked 
|  51|0x0000000086300000, 0x0000000086400000, 0x0000000086400000|100%| O|  |TAMS 0x0000000086300000| PB 0x0000000086300000| Untracked 
|  52|0x0000000086400000, 0x0000000086500000, 0x0000000086500000|100%| O|  |TAMS 0x0000000086400000| PB 0x0000000086400000| Untracked 
|  53|0x0000000086500000, 0x0000000086600000, 0x0000000086600000|100%| O|  |TAMS 0x0000000086500000| PB 0x0000000086500000| Untracked 
|  54|0x0000000086600000, 0x0000000086700000, 0x0000000086700000|100%| O|  |TAMS 0x0000000086600000| PB 0x0000000086600000| Untracked 
|  55|0x0000000086700000, 0x0000000086800000, 0x0000000086800000|100%| O|  |TAMS 0x0000000086700000| PB 0x0000000086700000| Untracked 
|  56|0x0000000086800000, 0x0000000086900000, 0x0000000086900000|100%| O|  |TAMS 0x0000000086800000| PB 0x0000000086800000| Untracked 
|  57|0x0000000086900000, 0x0000000086a00000, 0x0000000086a00000|100%| O|  |TAMS 0x0000000086900000| PB 0x0000000086900000| Untracked 
|  58|0x0000000086a00000, 0x0000000086b00000, 0x0000000086b00000|100%| O|  |TAMS 0x0000000086a00000| PB 0x0000000086a00000| Untracked 
|  59|0x0000000086b00000, 0x0000000086b80000, 0x0000000086c00000| 50%| O|  |TAMS 0x0000000086b00000| PB 0x0000000086b00000| Untracked 
|  60|0x0000000086c00000, 0x0000000086c00000, 0x0000000086d00000|  0%| F|  |TAMS 0x0000000086c00000| PB 0x0000000086c00000| Untracked 
|  61|0x0000000086d00000, 0x0000000086e00000, 0x0000000086e00000|100%| O|  |TAMS 0x0000000086d00000| PB 0x0000000086d00000| Untracked 
|  62|0x0000000086e00000, 0x0000000086f00000, 0x0000000086f00000|100%| O|  |TAMS 0x0000000086e00000| PB 0x0000000086e00000| Untracked 
|  63|0x0000000086f00000, 0x0000000087000000, 0x0000000087000000|100%| O|  |TAMS 0x0000000086f00000| PB 0x0000000086f00000| Untracked 
|  64|0x0000000087000000, 0x0000000087000000, 0x0000000087100000|  0%| F|  |TAMS 0x0000000087000000| PB 0x0000000087000000| Untracked 
|  65|0x0000000087100000, 0x0000000087100000, 0x0000000087200000|  0%| F|  |TAMS 0x0000000087100000| PB 0x0000000087100000| Untracked 
|  66|0x0000000087200000, 0x0000000087200000, 0x0000000087300000|  0%| F|  |TAMS 0x0000000087200000| PB 0x0000000087200000| Untracked 
|  67|0x0000000087300000, 0x0000000087300000, 0x0000000087400000|  0%| F|  |TAMS 0x0000000087300000| PB 0x0000000087300000| Untracked 
|  68|0x0000000087400000, 0x0000000087400000, 0x0000000087500000|  0%| F|  |TAMS 0x0000000087400000| PB 0x0000000087400000| Untracked 
|  69|0x0000000087500000, 0x0000000087500000, 0x0000000087600000|  0%| F|  |TAMS 0x0000000087500000| PB 0x0000000087500000| Untracked 
|  70|0x0000000087600000, 0x0000000087600000, 0x0000000087700000|  0%| F|  |TAMS 0x0000000087600000| PB 0x0000000087600000| Untracked 
|  71|0x0000000087700000, 0x0000000087700000, 0x0000000087800000|  0%| F|  |TAMS 0x0000000087700000| PB 0x0000000087700000| Untracked 
|  72|0x0000000087800000, 0x0000000087800000, 0x0000000087900000|  0%| F|  |TAMS 0x0000000087800000| PB 0x0000000087800000| Untracked 
|  73|0x0000000087900000, 0x0000000087900000, 0x0000000087a00000|  0%| F|  |TAMS 0x0000000087900000| PB 0x0000000087900000| Untracked 
|  74|0x0000000087a00000, 0x0000000087a00000, 0x0000000087b00000|  0%| F|  |TAMS 0x0000000087a00000| PB 0x0000000087a00000| Untracked 
|  75|0x0000000087b00000, 0x0000000087b00000, 0x0000000087c00000|  0%| F|  |TAMS 0x0000000087b00000| PB 0x0000000087b00000| Untracked 
|  76|0x0000000087c00000, 0x0000000087c00000, 0x0000000087d00000|  0%| F|  |TAMS 0x0000000087c00000| PB 0x0000000087c00000| Untracked 
|  77|0x0000000087d00000, 0x0000000087d00000, 0x0000000087e00000|  0%| F|  |TAMS 0x0000000087d00000| PB 0x0000000087d00000| Untracked 
|  78|0x0000000087e00000, 0x0000000087e00000, 0x0000000087f00000|  0%| F|  |TAMS 0x0000000087e00000| PB 0x0000000087e00000| Untracked 
|  79|0x0000000087f00000, 0x0000000087f00000, 0x0000000088000000|  0%| F|  |TAMS 0x0000000087f00000| PB 0x0000000087f00000| Untracked 
|  80|0x0000000088000000, 0x0000000088000000, 0x0000000088100000|  0%| F|  |TAMS 0x0000000088000000| PB 0x0000000088000000| Untracked 
|  81|0x0000000088100000, 0x0000000088100000, 0x0000000088200000|  0%| F|  |TAMS 0x0000000088100000| PB 0x0000000088100000| Untracked 
|  82|0x0000000088200000, 0x0000000088300000, 0x0000000088300000|100%| S|CS|TAMS 0x0000000088200000| PB 0x0000000088200000| Complete 
|  83|0x0000000088300000, 0x0000000088400000, 0x0000000088400000|100%| S|CS|TAMS 0x0000000088300000| PB 0x0000000088300000| Complete 
|  84|0x0000000088400000, 0x0000000088400000, 0x0000000088500000|  0%| F|  |TAMS 0x0000000088400000| PB 0x0000000088400000| Untracked 
|  85|0x0000000088500000, 0x0000000088500000, 0x0000000088600000|  0%| F|  |TAMS 0x0000000088500000| PB 0x0000000088500000| Untracked 
|  86|0x0000000088600000, 0x0000000088600000, 0x0000000088700000|  0%| F|  |TAMS 0x0000000088600000| PB 0x0000000088600000| Untracked 
|  87|0x0000000088700000, 0x0000000088700000, 0x0000000088800000|  0%| F|  |TAMS 0x0000000088700000| PB 0x0000000088700000| Untracked 
|  88|0x0000000088800000, 0x0000000088800000, 0x0000000088900000|  0%| F|  |TAMS 0x0000000088800000| PB 0x0000000088800000| Untracked 
|  89|0x0000000088900000, 0x0000000088900000, 0x0000000088a00000|  0%| F|  |TAMS 0x0000000088900000| PB 0x0000000088900000| Untracked 
|  90|0x0000000088a00000, 0x0000000088a00000, 0x0000000088b00000|  0%| F|  |TAMS 0x0000000088a00000| PB 0x0000000088a00000| Untracked 
|  91|0x0000000088b00000, 0x0000000088b00000, 0x0000000088c00000|  0%| F|  |TAMS 0x0000000088b00000| PB 0x0000000088b00000| Untracked 
|  92|0x0000000088c00000, 0x0000000088c00000, 0x0000000088d00000|  0%| F|  |TAMS 0x0000000088c00000| PB 0x0000000088c00000| Untracked 
|  93|0x0000000088d00000, 0x0000000088d00000, 0x0000000088e00000|  0%| F|  |TAMS 0x0000000088d00000| PB 0x0000000088d00000| Untracked 
|  94|0x0000000088e00000, 0x0000000088e00000, 0x0000000088f00000|  0%| F|  |TAMS 0x0000000088e00000| PB 0x0000000088e00000| Untracked 
|  95|0x0000000088f00000, 0x0000000088f00000, 0x0000000089000000|  0%| F|  |TAMS 0x0000000088f00000| PB 0x0000000088f00000| Untracked 
|  96|0x0000000089000000, 0x0000000089000000, 0x0000000089100000|  0%| F|  |TAMS 0x0000000089000000| PB 0x0000000089000000| Untracked 
|  97|0x0000000089100000, 0x0000000089100000, 0x0000000089200000|  0%| F|  |TAMS 0x0000000089100000| PB 0x0000000089100000| Untracked 
|  98|0x0000000089200000, 0x0000000089200000, 0x0000000089300000|  0%| F|  |TAMS 0x0000000089200000| PB 0x0000000089200000| Untracked 
|  99|0x0000000089300000, 0x0000000089300000, 0x0000000089400000|  0%| F|  |TAMS 0x0000000089300000| PB 0x0000000089300000| Untracked 
| 100|0x0000000089400000, 0x0000000089400000, 0x0000000089500000|  0%| F|  |TAMS 0x0000000089400000| PB 0x0000000089400000| Untracked 
| 101|0x0000000089500000, 0x0000000089500000, 0x0000000089600000|  0%| F|  |TAMS 0x0000000089500000| PB 0x0000000089500000| Untracked 
| 102|0x0000000089600000, 0x0000000089600000, 0x0000000089700000|  0%| F|  |TAMS 0x0000000089600000| PB 0x0000000089600000| Untracked 
| 103|0x0000000089700000, 0x0000000089700000, 0x0000000089800000|  0%| F|  |TAMS 0x0000000089700000| PB 0x0000000089700000| Untracked 
| 104|0x0000000089800000, 0x0000000089800000, 0x0000000089900000|  0%| F|  |TAMS 0x0000000089800000| PB 0x0000000089800000| Untracked 
| 105|0x0000000089900000, 0x0000000089900000, 0x0000000089a00000|  0%| F|  |TAMS 0x0000000089900000| PB 0x0000000089900000| Untracked 
| 106|0x0000000089a00000, 0x0000000089a00000, 0x0000000089b00000|  0%| F|  |TAMS 0x0000000089a00000| PB 0x0000000089a00000| Untracked 
| 107|0x0000000089b00000, 0x0000000089b00000, 0x0000000089c00000|  0%| F|  |TAMS 0x0000000089b00000| PB 0x0000000089b00000| Untracked 
| 108|0x0000000089c00000, 0x0000000089c00000, 0x0000000089d00000|  0%| F|  |TAMS 0x0000000089c00000| PB 0x0000000089c00000| Untracked 
| 109|0x0000000089d00000, 0x0000000089d00000, 0x0000000089e00000|  0%| F|  |TAMS 0x0000000089d00000| PB 0x0000000089d00000| Untracked 
| 110|0x0000000089e00000, 0x0000000089e00000, 0x0000000089f00000|  0%| F|  |TAMS 0x0000000089e00000| PB 0x0000000089e00000| Untracked 
| 111|0x0000000089f00000, 0x0000000089f00000, 0x000000008a000000|  0%| F|  |TAMS 0x0000000089f00000| PB 0x0000000089f00000| Untracked 
| 112|0x000000008a000000, 0x000000008a000000, 0x000000008a100000|  0%| F|  |TAMS 0x000000008a000000| PB 0x000000008a000000| Untracked 
| 113|0x000000008a100000, 0x000000008a100000, 0x000000008a200000|  0%| F|  |TAMS 0x000000008a100000| PB 0x000000008a100000| Untracked 
| 114|0x000000008a200000, 0x000000008a200000, 0x000000008a300000|  0%| F|  |TAMS 0x000000008a200000| PB 0x000000008a200000| Untracked 
| 115|0x000000008a300000, 0x000000008a300000, 0x000000008a400000|  0%| F|  |TAMS 0x000000008a300000| PB 0x000000008a300000| Untracked 
| 116|0x000000008a400000, 0x000000008a400000, 0x000000008a500000|  0%| F|  |TAMS 0x000000008a400000| PB 0x000000008a400000| Untracked 
| 117|0x000000008a500000, 0x000000008a500000, 0x000000008a600000|  0%| F|  |TAMS 0x000000008a500000| PB 0x000000008a500000| Untracked 
| 118|0x000000008a600000, 0x000000008a600000, 0x000000008a700000|  0%| F|  |TAMS 0x000000008a600000| PB 0x000000008a600000| Untracked 
| 119|0x000000008a700000, 0x000000008a700000, 0x000000008a800000|  0%| F|  |TAMS 0x000000008a700000| PB 0x000000008a700000| Untracked 
| 120|0x000000008a800000, 0x000000008a800000, 0x000000008a900000|  0%| F|  |TAMS 0x000000008a800000| PB 0x000000008a800000| Untracked 
| 121|0x000000008a900000, 0x000000008a900000, 0x000000008aa00000|  0%| F|  |TAMS 0x000000008a900000| PB 0x000000008a900000| Untracked 
| 122|0x000000008aa00000, 0x000000008aa00000, 0x000000008ab00000|  0%| F|  |TAMS 0x000000008aa00000| PB 0x000000008aa00000| Untracked 
| 123|0x000000008ab00000, 0x000000008ab00000, 0x000000008ac00000|  0%| F|  |TAMS 0x000000008ab00000| PB 0x000000008ab00000| Untracked 
| 124|0x000000008ac00000, 0x000000008ac00000, 0x000000008ad00000|  0%| F|  |TAMS 0x000000008ac00000| PB 0x000000008ac00000| Untracked 
| 125|0x000000008ad00000, 0x000000008ad00000, 0x000000008ae00000|  0%| F|  |TAMS 0x000000008ad00000| PB 0x000000008ad00000| Untracked 
| 126|0x000000008ae00000, 0x000000008ae00000, 0x000000008af00000|  0%| F|  |TAMS 0x000000008ae00000| PB 0x000000008ae00000| Untracked 
| 127|0x000000008af00000, 0x000000008af00000, 0x000000008b000000|  0%| F|  |TAMS 0x000000008af00000| PB 0x000000008af00000| Untracked 
| 128|0x000000008b000000, 0x000000008b000000, 0x000000008b100000|  0%| F|  |TAMS 0x000000008b000000| PB 0x000000008b000000| Untracked 
| 129|0x000000008b100000, 0x000000008b180000, 0x000000008b200000| 50%| E|  |TAMS 0x000000008b100000| PB 0x000000008b100000| Complete 
| 130|0x000000008b200000, 0x000000008b300000, 0x000000008b300000|100%| E|CS|TAMS 0x000000008b200000| PB 0x000000008b200000| Complete 
| 131|0x000000008b300000, 0x000000008b400000, 0x000000008b400000|100%| E|CS|TAMS 0x000000008b300000| PB 0x000000008b300000| Complete 
| 132|0x000000008b400000, 0x000000008b500000, 0x000000008b500000|100%| E|CS|TAMS 0x000000008b400000| PB 0x000000008b400000| Complete 
| 133|0x000000008b500000, 0x000000008b600000, 0x000000008b600000|100%| E|CS|TAMS 0x000000008b500000| PB 0x000000008b500000| Complete 
| 134|0x000000008b600000, 0x000000008b700000, 0x000000008b700000|100%| E|CS|TAMS 0x000000008b600000| PB 0x000000008b600000| Complete 
| 135|0x000000008b700000, 0x000000008b800000, 0x000000008b800000|100%| E|CS|TAMS 0x000000008b700000| PB 0x000000008b700000| Complete 
| 136|0x000000008b800000, 0x000000008b900000, 0x000000008b900000|100%| E|CS|TAMS 0x000000008b800000| PB 0x000000008b800000| Complete 
| 137|0x000000008b900000, 0x000000008ba00000, 0x000000008ba00000|100%| E|CS|TAMS 0x000000008b900000| PB 0x000000008b900000| Complete 
| 138|0x000000008ba00000, 0x000000008bb00000, 0x000000008bb00000|100%| E|CS|TAMS 0x000000008ba00000| PB 0x000000008ba00000| Complete 
| 139|0x000000008bb00000, 0x000000008bc00000, 0x000000008bc00000|100%| E|CS|TAMS 0x000000008bb00000| PB 0x000000008bb00000| Complete 
| 140|0x000000008bc00000, 0x000000008bd00000, 0x000000008bd00000|100%| E|CS|TAMS 0x000000008bc00000| PB 0x000000008bc00000| Complete 
| 141|0x000000008bd00000, 0x000000008be00000, 0x000000008be00000|100%| E|CS|TAMS 0x000000008bd00000| PB 0x000000008bd00000| Complete 
| 142|0x000000008be00000, 0x000000008bf00000, 0x000000008bf00000|100%| E|CS|TAMS 0x000000008be00000| PB 0x000000008be00000| Complete 
| 143|0x000000008bf00000, 0x000000008c000000, 0x000000008c000000|100%| E|CS|TAMS 0x000000008bf00000| PB 0x000000008bf00000| Complete 
|1984|0x00000000ff000000, 0x00000000ff100000, 0x00000000ff100000|100%| O|  |TAMS 0x00000000ff000000| PB 0x00000000ff000000| Untracked 
|1985|0x00000000ff100000, 0x00000000ff200000, 0x00000000ff200000|100%| O|  |TAMS 0x00000000ff100000| PB 0x00000000ff100000| Untracked 
|1986|0x00000000ff200000, 0x00000000ff300000, 0x00000000ff300000|100%| O|  |TAMS 0x00000000ff200000| PB 0x00000000ff200000| Untracked 
|1987|0x00000000ff300000, 0x00000000ff400000, 0x00000000ff400000|100%| O|  |TAMS 0x00000000ff300000| PB 0x00000000ff300000| Untracked 
|1988|0x00000000ff400000, 0x00000000ff500000, 0x00000000ff500000|100%| O|  |TAMS 0x00000000ff400000| PB 0x00000000ff400000| Untracked 
|1989|0x00000000ff500000, 0x00000000ff600000, 0x00000000ff600000|100%| O|  |TAMS 0x00000000ff500000| PB 0x00000000ff500000| Untracked 
|1990|0x00000000ff600000, 0x00000000ff700000, 0x00000000ff700000|100%| O|  |TAMS 0x00000000ff600000| PB 0x00000000ff600000| Untracked 
|1991|0x00000000ff700000, 0x00000000ff800000, 0x00000000ff800000|100%| O|  |TAMS 0x00000000ff700000| PB 0x00000000ff700000| Untracked 
|1992|0x00000000ff800000, 0x00000000ff900000, 0x00000000ff900000|100%| O|  |TAMS 0x00000000ff800000| PB 0x00000000ff800000| Untracked 
|1993|0x00000000ff900000, 0x00000000ffa00000, 0x00000000ffa00000|100%| O|  |TAMS 0x00000000ff900000| PB 0x00000000ff900000| Untracked 
|1994|0x00000000ffa00000, 0x00000000ffb00000, 0x00000000ffb00000|100%| O|  |TAMS 0x00000000ffa00000| PB 0x00000000ffa00000| Untracked 
|1995|0x00000000ffb00000, 0x00000000ffc00000, 0x00000000ffc00000|100%| O|  |TAMS 0x00000000ffb00000| PB 0x00000000ffb00000| Untracked 
|1996|0x00000000ffc00000, 0x00000000ffd00000, 0x00000000ffd00000|100%| O|  |TAMS 0x00000000ffc00000| PB 0x00000000ffc00000| Untracked 
|1997|0x00000000ffd00000, 0x00000000ffe00000, 0x00000000ffe00000|100%| O|  |TAMS 0x00000000ffd00000| PB 0x00000000ffd00000| Untracked 
|1998|0x00000000ffe00000, 0x00000000fff00000, 0x00000000fff00000|100%| O|Cm|TAMS 0x00000000ffe00000| PB 0x00000000ffe00000| Complete 
|1999|0x00000000fff00000, 0x0000000100000000, 0x0000000100000000|100%| O|  |TAMS 0x00000000fff00000| PB 0x00000000fff00000| Untracked 

Card table byte_map: [0x0000024aae630000,0x0000024aaea20000] _byte_map_base: 0x0000024aae218000

Marking Bits: (CMBitMap*) 0x0000024a96a9c4a0
 Bits: [0x0000024aaea20000, 0x0000024ab0960000)

Polling page: 0x0000024a96220000

Metaspace:

Usage:
  Non-class:     46.10 MB used.
      Class:      6.07 MB used.
       Both:     52.17 MB used.

Virtual space:
  Non-class space:       64.00 MB reserved,      46.50 MB ( 73%) committed,  1 nodes.
      Class space:        1.00 GB reserved,       6.44 MB ( <1%) committed,  1 nodes.
             Both:        1.06 GB reserved,      52.94 MB (  5%) committed. 

Chunk freelists:
   Non-Class:  1.40 MB
       Class:  9.58 MB
        Both:  10.98 MB

MaxMetaspaceSize: unlimited
CompressedClassSpaceSize: 1.00 GB
Initial GC threshold: 21.00 MB
Current GC threshold: 88.12 MB
CDS: on
 - commit_granule_bytes: 65536.
 - commit_granule_words: 8192.
 - virtual_space_node_default_size: 8388608.
 - enlarge_chunks_in_place: 1.
 - use_allocation_guard: 0.


Internal statistics:

num_allocs_failed_limit: 12.
num_arena_births: 1042.
num_arena_deaths: 0.
num_vsnodes_births: 2.
num_vsnodes_deaths: 0.
num_space_committed: 847.
num_space_uncommitted: 0.
num_chunks_returned_to_freelist: 12.
num_chunks_taken_from_freelist: 3196.
num_chunk_merges: 9.
num_chunk_splits: 2249.
num_chunks_enlarged: 1582.
num_inconsistent_stats: 0.

CodeHeap 'non-profiled nmethods': size=120000Kb used=7951Kb max_used=8082Kb free=112048Kb
 bounds [0x0000024aa69e0000, 0x0000024aa71e0000, 0x0000024aadf10000]
CodeHeap 'profiled nmethods': size=120000Kb used=26222Kb max_used=26685Kb free=93777Kb
 bounds [0x0000024a9ef10000, 0x0000024aa0920000, 0x0000024aa6440000]
CodeHeap 'non-nmethods': size=5760Kb used=1577Kb max_used=1661Kb free=4182Kb
 bounds [0x0000024aa6440000, 0x0000024aa66b0000, 0x0000024aa69e0000]
 total_blobs=11734 nmethods=11097 adapters=541
 compilation: enabled
              stopped_count=0, restarted_count=0
 full_count=0

Compilation events (20 events):
Event: 23.784 Thread 0x0000024ab33833e0 12415       2       java.lang.invoke.LambdaForm$DMH/0x0000024ab5010c00::invokeVirtual (14 bytes)
Event: 23.784 Thread 0x0000024ab33833e0 nmethod 12415 0x0000024a9f02b710 code [0x0000024a9f02b8c0, 0x0000024a9f02ba18]
Event: 23.785 Thread 0x0000024ab33833e0 12416       2       com.sun.tools.javac.tree.TreeMaker::VarDef (27 bytes)
Event: 23.785 Thread 0x0000024ab33833e0 nmethod 12416 0x0000024a9f3f2710 code [0x0000024a9f3f28c0, 0x0000024a9f3f2a80]
Event: 23.791 Thread 0x0000024ab33833e0 12417       3       java.net.URI::equals (223 bytes)
Event: 23.792 Thread 0x0000024ab33833e0 nmethod 12417 0x0000024a9fcd9390 code [0x0000024a9fcd9660, 0x0000024a9fcda360]
Event: 23.794 Thread 0x0000024ab33833e0 12418   !   3       lombok.core.configuration.FileSystemSourceCache::forUri (180 bytes)
Event: 23.798 Thread 0x0000024ab33833e0 nmethod 12418 0x0000024a9fcd3810 code [0x0000024a9fcd3d20, 0x0000024a9fcd6350]
Event: 23.861 Thread 0x0000024ab33833e0 12420 %     3       lombok.javac.handlers.JavacHandlerUtil::findCopyableAnnotations @ 160 (225 bytes)
Event: 23.864 Thread 0x0000024ab33833e0 nmethod 12420% 0x0000024a9f056710 code [0x0000024a9f056b20, 0x0000024a9f058d18]
Event: 23.864 Thread 0x0000024ab33833e0 12421       3       lombok.javac.handlers.JavacHandlerUtil::findCopyableAnnotations (225 bytes)
Event: 23.867 Thread 0x0000024ab33833e0 nmethod 12421 0x0000024a9fc42210 code [0x0000024a9fc42600, 0x0000024a9fc444c8]
Event: 23.879 Thread 0x0000024ab33833e0 12422   !   2       lombok.javac.Javac::getDocComments (14 bytes)
Event: 23.880 Thread 0x0000024ab33833e0 nmethod 12422 0x0000024a9ef8a290 code [0x0000024a9ef8a4a0, 0x0000024a9ef8a7d0]
Event: 23.880 Thread 0x0000024ab33833e0 12423       2       lombok.javac.Javac::instanceOfDocCommentTable (20 bytes)
Event: 23.880 Thread 0x0000024ab33833e0 nmethod 12423 0x0000024a9f0a2c90 code [0x0000024a9f0a2e40, 0x0000024a9f0a2fc0]
Event: 23.883 Thread 0x0000024ab33833e0 12424       2       java.lang.invoke.LambdaForm$DMH/0x0000024ab565c000::invokeVirtual (19 bytes)
Event: 23.883 Thread 0x0000024ab33833e0 nmethod 12424 0x0000024a9f511010 code [0x0000024a9f5111c0, 0x0000024a9f511328]
Event: 23.886 Thread 0x0000024ab33833e0 12426       2       java.lang.invoke.MethodHandleImpl::checkSpreadArgument (81 bytes)
Event: 23.887 Thread 0x0000024ab33833e0 nmethod 12426 0x0000024a9fbf6190 code [0x0000024a9fbf63c0, 0x0000024a9fbf6900]

GC Heap History (20 events):
Event: 8.817 GC heap before
{Heap before GC invocations=8 (full 0):
 garbage-first heap   total 106496K, used 99065K [0x0000000083000000, 0x0000000100000000)
  region size 1024K, 75 young (76800K), 7 survivors (7168K)
 Metaspace       used 35385K, committed 35776K, reserved 1114112K
  class space    used 4310K, committed 4480K, reserved 1048576K
}
Event: 8.837 GC heap after
{Heap after GC invocations=9 (full 0):
 garbage-first heap   total 109568K, used 32150K [0x0000000083000000, 0x0000000100000000)
  region size 1024K, 7 young (7168K), 7 survivors (7168K)
 Metaspace       used 35385K, committed 35776K, reserved 1114112K
  class space    used 4310K, committed 4480K, reserved 1048576K
}
Event: 9.119 GC heap before
{Heap before GC invocations=9 (full 0):
 garbage-first heap   total 109568K, used 44438K [0x0000000083000000, 0x0000000100000000)
  region size 1024K, 20 young (20480K), 7 survivors (7168K)
 Metaspace       used 36264K, committed 36608K, reserved 1114112K
  class space    used 4430K, committed 4608K, reserved 1048576K
}
Event: 9.128 GC heap after
{Heap after GC invocations=10 (full 0):
 garbage-first heap   total 132096K, used 31919K [0x0000000083000000, 0x0000000100000000)
  region size 1024K, 3 young (3072K), 3 survivors (3072K)
 Metaspace       used 36264K, committed 36608K, reserved 1114112K
  class space    used 4430K, committed 4608K, reserved 1048576K
}
Event: 9.351 GC heap before
{Heap before GC invocations=10 (full 0):
 garbage-first heap   total 132096K, used 49327K [0x0000000083000000, 0x0000000100000000)
  region size 1024K, 21 young (21504K), 3 survivors (3072K)
 Metaspace       used 36606K, committed 36928K, reserved 1114112K
  class space    used 4461K, committed 4608K, reserved 1048576K
}
Event: 9.359 GC heap after
{Heap after GC invocations=11 (full 0):
 garbage-first heap   total 132096K, used 32390K [0x0000000083000000, 0x0000000100000000)
  region size 1024K, 4 young (4096K), 4 survivors (4096K)
 Metaspace       used 36606K, committed 36928K, reserved 1114112K
  class space    used 4461K, committed 4608K, reserved 1048576K
}
Event: 11.506 GC heap before
{Heap before GC invocations=12 (full 0):
 garbage-first heap   total 119808K, used 107142K [0x0000000083000000, 0x0000000100000000)
  region size 1024K, 77 young (78848K), 4 survivors (4096K)
 Metaspace       used 39427K, committed 39936K, reserved 1114112K
  class space    used 4734K, committed 4992K, reserved 1048576K
}
Event: 11.530 GC heap after
{Heap after GC invocations=13 (full 0):
 garbage-first heap   total 119808K, used 37039K [0x0000000083000000, 0x0000000100000000)
  region size 1024K, 8 young (8192K), 8 survivors (8192K)
 Metaspace       used 39427K, committed 39936K, reserved 1114112K
  class space    used 4734K, committed 4992K, reserved 1048576K
}
Event: 13.385 GC heap before
{Heap before GC invocations=13 (full 0):
 garbage-first heap   total 119808K, used 99503K [0x0000000083000000, 0x0000000100000000)
  region size 1024K, 70 young (71680K), 8 survivors (8192K)
 Metaspace       used 41199K, committed 41792K, reserved 1114112K
  class space    used 4900K, committed 5184K, reserved 1048576K
}
Event: 13.407 GC heap after
{Heap after GC invocations=14 (full 0):
 garbage-first heap   total 119808K, used 35871K [0x0000000083000000, 0x0000000100000000)
  region size 1024K, 5 young (5120K), 5 survivors (5120K)
 Metaspace       used 41199K, committed 41792K, reserved 1114112K
  class space    used 4900K, committed 5184K, reserved 1048576K
}
Event: 16.034 GC heap before
{Heap before GC invocations=14 (full 0):
 garbage-first heap   total 119808K, used 110623K [0x0000000083000000, 0x0000000100000000)
  region size 1024K, 70 young (71680K), 5 survivors (5120K)
 Metaspace       used 49140K, committed 49792K, reserved 1114112K
  class space    used 5788K, committed 6080K, reserved 1048576K
}
Event: 16.070 GC heap after
{Heap after GC invocations=15 (full 0):
 garbage-first heap   total 130048K, used 54678K [0x0000000083000000, 0x0000000100000000)
  region size 1024K, 9 young (9216K), 9 survivors (9216K)
 Metaspace       used 49140K, committed 49792K, reserved 1114112K
  class space    used 5788K, committed 6080K, reserved 1048576K
}
Event: 17.628 GC heap before
{Heap before GC invocations=15 (full 0):
 garbage-first heap   total 130048K, used 112022K [0x0000000083000000, 0x0000000100000000)
  region size 1024K, 63 young (64512K), 9 survivors (9216K)
 Metaspace       used 49784K, committed 50432K, reserved 1114112K
  class space    used 5862K, committed 6144K, reserved 1048576K
}
Event: 17.660 GC heap after
{Heap after GC invocations=16 (full 0):
 garbage-first heap   total 163840K, used 71155K [0x0000000083000000, 0x0000000100000000)
  region size 1024K, 8 young (8192K), 8 survivors (8192K)
 Metaspace       used 49784K, committed 50432K, reserved 1114112K
  class space    used 5862K, committed 6144K, reserved 1048576K
}
Event: 19.730 GC heap before
{Heap before GC invocations=16 (full 0):
 garbage-first heap   total 163840K, used 134643K [0x0000000083000000, 0x0000000100000000)
  region size 1024K, 69 young (70656K), 8 survivors (8192K)
 Metaspace       used 50841K, committed 51456K, reserved 1114112K
  class space    used 5921K, committed 6208K, reserved 1048576K
}
Event: 19.761 GC heap after
{Heap after GC invocations=17 (full 0):
 garbage-first heap   total 163840K, used 80278K [0x0000000083000000, 0x0000000100000000)
  region size 1024K, 7 young (7168K), 7 survivors (7168K)
 Metaspace       used 50841K, committed 51456K, reserved 1114112K
  class space    used 5921K, committed 6208K, reserved 1048576K
}
Event: 21.558 GC heap before
{Heap before GC invocations=17 (full 0):
 garbage-first heap   total 163840K, used 136598K [0x0000000083000000, 0x0000000100000000)
  region size 1024K, 63 young (64512K), 7 survivors (7168K)
 Metaspace       used 52219K, committed 52928K, reserved 1114112K
  class space    used 6073K, committed 6400K, reserved 1048576K
}
Event: 21.576 GC heap after
{Heap after GC invocations=18 (full 0):
 garbage-first heap   total 163840K, used 81780K [0x0000000083000000, 0x0000000100000000)
  region size 1024K, 2 young (2048K), 2 survivors (2048K)
 Metaspace       used 52219K, committed 52928K, reserved 1114112K
  class space    used 6073K, committed 6400K, reserved 1048576K
}
Event: 23.519 GC heap before
{Heap before GC invocations=18 (full 0):
 garbage-first heap   total 163840K, used 141172K [0x0000000083000000, 0x0000000100000000)
  region size 1024K, 60 young (61440K), 2 survivors (2048K)
 Metaspace       used 53378K, committed 54144K, reserved 1114112K
  class space    used 6214K, committed 6592K, reserved 1048576K
}
Event: 23.527 GC heap after
{Heap after GC invocations=19 (full 0):
 garbage-first heap   total 163840K, used 82326K [0x0000000083000000, 0x0000000100000000)
  region size 1024K, 2 young (2048K), 2 survivors (2048K)
 Metaspace       used 53378K, committed 54144K, reserved 1114112K
  class space    used 6214K, committed 6592K, reserved 1048576K
}

Dll operation events (8 events):
Event: 0.007 Loaded shared library C:\Program Files\Java\jdk-21.0.12.1\bin\java.dll
Event: 0.040 Loaded shared library C:\Program Files\Java\jdk-21.0.12.1\bin\jsvml.dll
Event: 0.062 Loaded shared library C:\Program Files\Java\jdk-21.0.12.1\bin\net.dll
Event: 0.065 Loaded shared library C:\Program Files\Java\jdk-21.0.12.1\bin\nio.dll
Event: 0.069 Loaded shared library C:\Program Files\Java\jdk-21.0.12.1\bin\zip.dll
Event: 0.323 Loaded shared library C:\Program Files\Java\jdk-21.0.12.1\bin\jimage.dll
Event: 0.326 Loaded shared library C:\Users\HP\.m2\wrapper\dists\apache-maven-3.9.16\0daed3be3ebd1c706f0e69e8b07c6b73f5cc4ea3dfce72a8d0ec2e849ca2ddb0\lib\jansi-native\Windows\x86_64\jansi.dll
Event: 0.354 Loaded shared library C:\Program Files\Java\jdk-21.0.12.1\bin\verify.dll

Deoptimization events (20 events):
Event: 23.596 Thread 0x0000024a9489c790 DEOPT PACKING pc=0x0000024aa71b7ecc sp=0x0000007a265fcbb0
Event: 23.596 Thread 0x0000024a9489c790 DEOPT UNPACKING pc=0x0000024aa64946a2 sp=0x0000007a265fc7b0 mode 2
Event: 23.597 Thread 0x0000024a9489c790 Uncommon trap: trap_request=0xffffffbe fr.pc=0x0000024aa71b7ecc relative=0x0000000000006f2c
Event: 23.597 Thread 0x0000024a9489c790 Uncommon trap: reason=profile_predicate action=maybe_recompile pc=0x0000024aa71b7ecc method=lombok.core.AST.buildWithCollection(Ljava/lang/Class;Ljava/lang/Object;Ljava/util/Collection;I)V @ 69 c2
Event: 23.597 Thread 0x0000024a9489c790 DEOPT PACKING pc=0x0000024aa71b7ecc sp=0x0000007a265fc4b0
Event: 23.597 Thread 0x0000024a9489c790 DEOPT UNPACKING pc=0x0000024aa64946a2 sp=0x0000007a265fc0b0 mode 2
Event: 23.721 Thread 0x0000024a9489c790 Uncommon trap: trap_request=0xffffffc6 fr.pc=0x0000024aa718949c relative=0x000000000000033c
Event: 23.721 Thread 0x0000024a9489c790 Uncommon trap: reason=bimorphic_or_optimized_type_check action=maybe_recompile pc=0x0000024aa718949c method=java.lang.reflect.Field.get(Ljava/lang/Object;)Ljava/lang/Object; @ 33 c2
Event: 23.721 Thread 0x0000024a9489c790 DEOPT PACKING pc=0x0000024aa718949c sp=0x0000007a265fca90
Event: 23.721 Thread 0x0000024a9489c790 DEOPT UNPACKING pc=0x0000024aa64946a2 sp=0x0000007a265fca30 mode 2
Event: 23.867 Thread 0x0000024a9489c790 DEOPT PACKING pc=0x0000024a9f043d6e sp=0x0000007a265fc7c0
Event: 23.867 Thread 0x0000024a9489c790 DEOPT UNPACKING pc=0x0000024aa6494e42 sp=0x0000007a265fbca8 mode 0
Event: 23.888 Thread 0x0000024a9489c790 Uncommon trap: trap_request=0xffffffc6 fr.pc=0x0000024aa718949c relative=0x000000000000033c
Event: 23.888 Thread 0x0000024a9489c790 Uncommon trap: reason=bimorphic_or_optimized_type_check action=maybe_recompile pc=0x0000024aa718949c method=java.lang.reflect.Field.get(Ljava/lang/Object;)Ljava/lang/Object; @ 33 c2
Event: 23.888 Thread 0x0000024a9489c790 DEOPT PACKING pc=0x0000024aa718949c sp=0x0000007a265fca90
Event: 23.888 Thread 0x0000024a9489c790 DEOPT UNPACKING pc=0x0000024aa64946a2 sp=0x0000007a265fca30 mode 2
Event: 23.889 Thread 0x0000024a9489c790 Uncommon trap: trap_request=0xffffffc6 fr.pc=0x0000024aa718949c relative=0x000000000000033c
Event: 23.889 Thread 0x0000024a9489c790 Uncommon trap: reason=bimorphic_or_optimized_type_check action=maybe_recompile pc=0x0000024aa718949c method=java.lang.reflect.Field.get(Ljava/lang/Object;)Ljava/lang/Object; @ 33 c2
Event: 23.889 Thread 0x0000024a9489c790 DEOPT PACKING pc=0x0000024aa718949c sp=0x0000007a265fca90
Event: 23.889 Thread 0x0000024a9489c790 DEOPT UNPACKING pc=0x0000024aa64946a2 sp=0x0000007a265fca30 mode 2

Classes loaded (20 events):
Event: 20.381 Loading class jdk/internal/classfile/ClassfileBuilder done
Event: 20.382 Loading class jdk/internal/classfile/ClassBuilder done
Event: 20.382 Loading class jdk/internal/classfile/ClassElement
Event: 20.382 Loading class jdk/internal/classfile/ClassfileElement
Event: 20.382 Loading class jdk/internal/classfile/ClassfileElement done
Event: 20.382 Loading class jdk/internal/classfile/ClassElement done
Event: 20.682 Loading class java/text/BreakIterator
Event: 20.682 Loading class java/text/BreakIterator done
Event: 21.041 Loading class java/io/PushbackInputStream
Event: 21.042 Loading class java/io/PushbackInputStream done
Event: 21.697 Loading class java/util/Collections$UnmodifiableSortedSet
Event: 21.698 Loading class java/util/Collections$UnmodifiableSortedSet done
Event: 21.722 Loading class java/util/IdentityHashMap$EntrySet
Event: 21.722 Loading class java/util/IdentityHashMap$EntrySet done
Event: 21.722 Loading class java/util/IdentityHashMap$EntryIterator
Event: 21.722 Loading class java/util/IdentityHashMap$EntryIterator done
Event: 21.725 Loading class java/util/IdentityHashMap$EntryIterator$Entry
Event: 21.725 Loading class java/util/IdentityHashMap$EntryIterator$Entry done
Event: 21.794 Loading class java/util/regex/Pattern$Caret
Event: 21.794 Loading class java/util/regex/Pattern$Caret done

Classes unloaded (0 events):
No events

Classes redefined (0 events):
No events

Internal exceptions (20 events):
Event: 20.356 Thread 0x0000024a9489c790 Implicit null exception at 0x0000024aa6b51a80 to 0x0000024aa6b51f48
Event: 22.765 Thread 0x0000024a9489c790 Exception <a 'java/lang/NoSuchMethodError'{0x0000000089c52fe8}: 'java.lang.Object java.lang.invoke.DirectMethodHandle$Holder.invokeVirtual(java.lang.Object, java.lang.Object, java.lang.Object, java.lang.Object)'> (0x0000000089c52fe8) 
thrown [s\open\src\hotspot\share\interpreter\linkResolver.cpp, line 773]
Event: 22.813 Thread 0x0000024a9489c790 Exception <a 'java/lang/NoSuchMethodError'{0x0000000089c6d508}: 'void java.lang.invoke.DirectMethodHandle$Holder.invokeInterface(java.lang.Object, java.lang.Object, java.lang.Object, int)'> (0x0000000089c6d508) 
thrown [s\open\src\hotspot\share\interpreter\linkResolver.cpp, line 773]
Event: 22.814 Thread 0x0000024a9489c790 Implicit null exception at 0x0000024aa7054597 to 0x0000024aa7054810
Event: 22.815 Thread 0x0000024a9489c790 Exception <a 'java/lang/NoSuchMethodError'{0x0000000089c74468}: 'void java.lang.invoke.DelegatingMethodHandle$Holder.reinvoke_L(java.lang.Object, java.lang.Object, java.lang.Object, int)'> (0x0000000089c74468) 
thrown [s\open\src\hotspot\share\interpreter\linkResolver.cpp, line 773]
Event: 23.035 Thread 0x0000024a9489c790 Exception <a 'java/lang/NoSuchMethodError'{0x00000000892b49d0}: 'java.lang.Object java.lang.invoke.DirectMethodHandle$Holder.invokeVirtual(java.lang.Object, java.lang.Object, long)'> (0x00000000892b49d0) 
thrown [s\open\src\hotspot\share\interpreter\linkResolver.cpp, line 773]
Event: 23.036 Thread 0x0000024a9489c790 Exception <a 'java/lang/NoSuchMethodError'{0x00000000892b8650}: 'long java.lang.invoke.DirectMethodHandle$Holder.invokeStatic(java.lang.Object, java.lang.Object, int)'> (0x00000000892b8650) 
thrown [s\open\src\hotspot\share\interpreter\linkResolver.cpp, line 773]
Event: 23.042 Thread 0x0000024a9489c790 Exception <a 'java/lang/NoSuchMethodError'{0x00000000892c8b50}: 'java.lang.Object java.lang.invoke.DirectMethodHandle$Holder.invokeVirtual(java.lang.Object, java.lang.Object, java.lang.Object, java.lang.Object, java.lang.Object, java.lang.Object, java.lang.Object, java.lang.Object)'> (0x00000000892c8b50) 
thrown [s\open\src\hotspot\share\interpreter\linkResolver.cpp, line 773]
Event: 23.046 Thread 0x0000024a9489c790 Exception <a 'java/lang/NoSuchMethodError'{0x00000000892e1e48}: 'java.lang.Object java.lang.invoke.DirectMethodHandle$Holder.invokeStatic(java.lang.Object, java.lang.Object, int)'> (0x00000000892e1e48) 
thrown [s\open\src\hotspot\share\interpreter\linkResolver.cpp, line 773]
Event: 23.047 Thread 0x0000024a9489c790 Exception <a 'java/lang/NoSuchMethodError'{0x00000000892e5bc8}: 'void java.lang.invoke.DirectMethodHandle$Holder.invokeStatic(java.lang.Object, java.lang.Object, int, java.lang.Object)'> (0x00000000892e5bc8) 
thrown [s\open\src\hotspot\share\interpreter\linkResolver.cpp, line 773]
Event: 23.048 Thread 0x0000024a9489c790 Exception <a 'java/lang/NoSuchMethodError'{0x00000000892ece80}: 'void java.lang.invoke.DelegatingMethodHandle$Holder.delegate(java.lang.Object, java.lang.Object, int, java.lang.Object)'> (0x00000000892ece80) 
thrown [s\open\src\hotspot\share\interpreter\linkResolver.cpp, line 773]
Event: 23.109 Thread 0x0000024a9489c790 Implicit null exception at 0x0000024aa7138aaf to 0x0000024aa713a038
Event: 23.111 Thread 0x0000024a9489c790 Exception <a 'java/lang/NoSuchMethodError'{0x00000000890107b0}: 'java.lang.Object java.lang.invoke.DirectMethodHandle$Holder.invokeVirtual(java.lang.Object, java.lang.Object, java.lang.Object, java.lang.Object, java.lang.Object, java.lang.Object)'> (0x00000000890107b0) 
thrown [s\open\src\hotspot\share\interpreter\linkResolver.cpp, line 773]
Event: 23.119 Thread 0x0000024a9489c790 Exception <a 'java/lang/NoSuchMethodError'{0x00000000890338a0}: 'void java.lang.invoke.DirectMethodHandle$Holder.invokeVirtual(java.lang.Object, java.lang.Object, java.lang.Object, java.lang.Object)'> (0x00000000890338a0) 
thrown [s\open\src\hotspot\share\interpreter\linkResolver.cpp, line 773]
Event: 23.131 Thread 0x0000024a9489c790 Exception <a 'java/lang/NoSuchMethodError'{0x0000000089082e00}: 'java.lang.Object java.lang.invoke.DirectMethodHandle$Holder.invokeVirtual(java.lang.Object, java.lang.Object, long, java.lang.Object)'> (0x0000000089082e00) 
thrown [s\open\src\hotspot\share\interpreter\linkResolver.cpp, line 773]
Event: 23.132 Thread 0x0000024a9489c790 Exception <a 'java/lang/NoSuchMethodError'{0x0000000089086b48}: 'java.lang.Object java.lang.invoke.DirectMethodHandle$Holder.invokeSpecial(java.lang.Object, java.lang.Object, java.lang.Object, long, java.lang.Object)'> (0x0000000089086b48) 
thrown [s\open\src\hotspot\share\interpreter\linkResolver.cpp, line 773]
Event: 23.132 Thread 0x0000024a9489c790 Exception <a 'java/lang/NoSuchMethodError'{0x000000008908aac8}: 'java.lang.Object java.lang.invoke.DelegatingMethodHandle$Holder.reinvoke_L(java.lang.Object, java.lang.Object, long, java.lang.Object)'> (0x000000008908aac8) 
thrown [s\open\src\hotspot\share\interpreter\linkResolver.cpp, line 773]
Event: 23.134 Thread 0x0000024a9489c790 Exception <a 'java/lang/NoSuchMethodError'{0x000000008909ef60}: 'java.lang.Object java.lang.invoke.DirectMethodHandle$Holder.invokeVirtual(java.lang.Object, java.lang.Object, java.lang.Object, java.lang.Object, java.lang.Object, java.lang.Object, java.lang.Object, java.lang.Object, java.lang.Object, java.lang.Object)'> (0x000000008909ef60) 
thrown [s\open\src\hotspot\share\interpreter\linkResolver.cpp, line 773]
Event: 23.237 Thread 0x0000024a9489c790 Exception <a 'java/lang/NoSuchMethodError'{0x0000000088ea17b0}: 'java.lang.Object java.lang.invoke.DirectMethodHandle$Holder.invokeVirtual(java.lang.Object, java.lang.Object, java.lang.Object, java.lang.Object, java.lang.Object, java.lang.Object, java.lang.Object)'> (0x0000000088ea17b0) 
thrown [s\open\src\hotspot\share\interpreter\linkResolver.cpp, line 773]
Event: 23.256 Thread 0x0000024a9489c790 Exception <a 'java/lang/NoSuchMethodError'{0x0000000088ef3988}: 'java.lang.Object java.lang.invoke.DirectMethodHandle$Holder.invokeVirtual(java.lang.Object, java.lang.Object, java.lang.Object, java.lang.Object, java.lang.Object)'> (0x0000000088ef3988) 
thrown [s\open\src\hotspot\share\interpreter\linkResolver.cpp, line 773]

ZGC Phase Switch (0 events):
No events

VM Operations (20 events):
Event: 19.405 Executing VM operation: ICBufferFull
Event: 19.405 Executing VM operation: ICBufferFull done
Event: 19.730 Executing VM operation: G1CollectForAllocation (G1 Evacuation Pause)
Event: 19.761 Executing VM operation: G1CollectForAllocation (G1 Evacuation Pause) done
Event: 20.765 Executing VM operation: Cleanup
Event: 20.766 Executing VM operation: Cleanup done
Event: 21.558 Executing VM operation: G1CollectForAllocation (G1 Evacuation Pause)
Event: 21.577 Executing VM operation: G1CollectForAllocation (G1 Evacuation Pause) done
Event: 21.725 Executing VM operation: HandshakeAllThreads (Deoptimize)
Event: 21.725 Executing VM operation: HandshakeAllThreads (Deoptimize) done
Event: 22.735 Executing VM operation: Cleanup
Event: 22.735 Executing VM operation: Cleanup done
Event: 23.207 Executing VM operation: HandshakeAllThreads (Deoptimize)
Event: 23.207 Executing VM operation: HandshakeAllThreads (Deoptimize) done
Event: 23.519 Executing VM operation: G1CollectForAllocation (G1 Evacuation Pause)
Event: 23.527 Executing VM operation: G1CollectForAllocation (G1 Evacuation Pause) done
Event: 23.645 Executing VM operation: G1PauseRemark
Event: 23.664 Executing VM operation: G1PauseRemark done
Event: 23.710 Executing VM operation: G1PauseCleanup
Event: 23.712 Executing VM operation: G1PauseCleanup done

Events (20 events):
Event: 23.662 Thread 0x0000024ab334a020 flushing nmethod 0x0000024a9fcb1310
Event: 23.662 Thread 0x0000024ab334a020 flushing nmethod 0x0000024a9fcb7610
Event: 23.662 Thread 0x0000024ab334a020 flushing nmethod 0x0000024a9fcd3310
Event: 23.662 Thread 0x0000024ab334a020 flushing nmethod 0x0000024a9fcd3a90
Event: 23.662 Thread 0x0000024ab334a020 flushing nmethod 0x0000024a9fcd4110
Event: 23.662 Thread 0x0000024ab334a020 flushing nmethod 0x0000024a9fcd4490
Event: 23.662 Thread 0x0000024ab334a020 flushing nmethod 0x0000024a9fcd4c10
Event: 23.662 Thread 0x0000024ab334a020 flushing nmethod 0x0000024a9fcd5090
Event: 23.662 Thread 0x0000024ab334a020 flushing nmethod 0x0000024a9fcd5590
Event: 23.662 Thread 0x0000024ab334a020 flushing nmethod 0x0000024a9fcd5990
Event: 23.662 Thread 0x0000024ab334a020 flushing nmethod 0x0000024a9fcd5f90
Event: 23.662 Thread 0x0000024ab334a020 flushing nmethod 0x0000024a9fcd6410
Event: 23.662 Thread 0x0000024ab334a020 flushing nmethod 0x0000024a9fcd6b10
Event: 23.662 Thread 0x0000024ab334a020 flushing nmethod 0x0000024a9fcd9390
Event: 23.662 Thread 0x0000024ab334a020 flushing nmethod 0x0000024a9fd0f410
Event: 23.662 Thread 0x0000024ab334a020 flushing nmethod 0x0000024a9fde6610
Event: 23.662 Thread 0x0000024ab334a020 flushing nmethod 0x0000024a9fe4bc90
Event: 23.662 Thread 0x0000024ab334a020 flushing nmethod 0x0000024a9fe4c010
Event: 23.662 Thread 0x0000024ab334a020 flushing nmethod 0x0000024a9fe4d210
Event: 23.662 Thread 0x0000024ab334a020 flushing nmethod 0x0000024a9fe4f590


Dynamic libraries:
0x00007ff65e560000 - 0x00007ff65e570000 	C:\Program Files\Java\jdk-21.0.12.1\bin\java.exe
0x00007ff893c40000 - 0x00007ff893e49000 	C:\Windows\SYSTEM32\ntdll.dll
0x00007ff892350000 - 0x00007ff89240d000 	C:\Windows\System32\KERNEL32.DLL
0x00007ff8912c0000 - 0x00007ff891644000 	C:\Windows\System32\KERNELBASE.dll
0x00007ff8910d0000 - 0x00007ff8911e1000 	C:\Windows\System32\ucrtbase.dll
0x00007ff87b7a0000 - 0x00007ff87b7b9000 	C:\Program Files\Java\jdk-21.0.12.1\bin\jli.dll
0x00007ff87b750000 - 0x00007ff87b76e000 	C:\Program Files\Java\jdk-21.0.12.1\bin\VCRUNTIME140.dll
0x00007ff892b40000 - 0x00007ff892bee000 	C:\Windows\System32\ADVAPI32.dll
0x00007ff892a80000 - 0x00007ff892b23000 	C:\Windows\System32\msvcrt.dll
0x00007ff8929d0000 - 0x00007ff892a6e000 	C:\Windows\System32\sechost.dll
0x00007ff892220000 - 0x00007ff892341000 	C:\Windows\System32\RPCRT4.dll
0x00007ff892410000 - 0x00007ff8925bd000 	C:\Windows\System32\USER32.dll
0x00007ff8911f0000 - 0x00007ff891216000 	C:\Windows\System32\win32u.dll
0x00007ff8750c0000 - 0x00007ff875365000 	C:\Windows\WinSxS\amd64_microsoft.windows.common-controls_6595b64144ccf1df_6.0.22000.120_none_9d947278b86cc467\COMCTL32.dll
0x00007ff891d10000 - 0x00007ff891d3a000 	C:\Windows\System32\GDI32.dll
0x00007ff891740000 - 0x00007ff89185e000 	C:\Windows\System32\gdi32full.dll
0x00007ff891220000 - 0x00007ff8912bd000 	C:\Windows\System32\msvcp_win.dll
0x00007ff889f60000 - 0x00007ff889f6a000 	C:\Windows\SYSTEM32\VERSION.dll
0x00007ff8921c0000 - 0x00007ff8921f1000 	C:\Windows\System32\IMM32.DLL
0x00007ff87b8c0000 - 0x00007ff87b8cc000 	C:\Program Files\Java\jdk-21.0.12.1\bin\vcruntime140_1.dll
0x00007ff879d40000 - 0x00007ff879dcd000 	C:\Program Files\Java\jdk-21.0.12.1\bin\msvcp140.dll
0x00007fffcc270000 - 0x00007fffccf98000 	C:\Program Files\Java\jdk-21.0.12.1\bin\server\jvm.dll
0x00007ff8939d0000 - 0x00007ff893a3f000 	C:\Windows\System32\WS2_32.dll
0x00007ff890fa0000 - 0x00007ff890fed000 	C:\Windows\SYSTEM32\POWRPROF.dll
0x00007ff88b360000 - 0x00007ff88b393000 	C:\Windows\SYSTEM32\WINMM.dll
0x00007ff890f80000 - 0x00007ff890f93000 	C:\Windows\SYSTEM32\UMPDC.dll
0x00007ff890100000 - 0x00007ff890118000 	C:\Windows\SYSTEM32\kernel.appcore.dll
0x00007ff87b840000 - 0x00007ff87b84a000 	C:\Program Files\Java\jdk-21.0.12.1\bin\jimage.dll
0x00007ff88ea80000 - 0x00007ff88eca1000 	C:\Windows\SYSTEM32\DBGHELP.DLL
0x00007ff8717d0000 - 0x00007ff871801000 	C:\Windows\SYSTEM32\dbgcore.DLL
0x00007ff891650000 - 0x00007ff8916cf000 	C:\Windows\System32\bcryptPrimitives.dll
0x00007ff87b620000 - 0x00007ff87b641000 	C:\Program Files\Java\jdk-21.0.12.1\bin\java.dll
0x00007ff892d90000 - 0x00007ff893555000 	C:\Windows\System32\SHELL32.dll
0x00007ff88f160000 - 0x00007ff88f9c2000 	C:\Windows\SYSTEM32\windows.storage.dll
0x00007ff893560000 - 0x00007ff8938d6000 	C:\Windows\System32\combase.dll
0x00007ff88eff0000 - 0x00007ff88f157000 	C:\Windows\SYSTEM32\wintypes.dll
0x00007ff891b10000 - 0x00007ff891bfa000 	C:\Windows\System32\SHCORE.dll
0x00007ff891c00000 - 0x00007ff891c5d000 	C:\Windows\System32\shlwapi.dll
0x00007ff891000000 - 0x00007ff891025000 	C:\Windows\SYSTEM32\profapi.dll
0x00007ff879c60000 - 0x00007ff879d37000 	C:\Program Files\Java\jdk-21.0.12.1\bin\jsvml.dll
0x00007ff879e60000 - 0x00007ff879e71000 	C:\Program Files\Java\jdk-21.0.12.1\bin\net.dll
0x00007ff88b7b0000 - 0x00007ff88b8c4000 	C:\Windows\SYSTEM32\WINHTTP.dll
0x00007ff8905a0000 - 0x00007ff890607000 	C:\Windows\system32\mswsock.dll
0x00007ff879e00000 - 0x00007ff879e16000 	C:\Program Files\Java\jdk-21.0.12.1\bin\nio.dll
0x00007ff879de0000 - 0x00007ff879df8000 	C:\Program Files\Java\jdk-21.0.12.1\bin\zip.dll
0x00007ff879a20000 - 0x00007ff879a44000 	C:\Users\HP\.m2\wrapper\dists\apache-maven-3.9.16\0daed3be3ebd1c706f0e69e8b07c6b73f5cc4ea3dfce72a8d0ec2e849ca2ddb0\lib\jansi-native\Windows\x86_64\jansi.dll
0x00007ff87b610000 - 0x00007ff87b620000 	C:\Program Files\Java\jdk-21.0.12.1\bin\verify.dll
0x00007ff8908e0000 - 0x00007ff8908f8000 	C:\Windows\SYSTEM32\CRYPTSP.dll
0x00007ff890060000 - 0x00007ff890095000 	C:\Windows\system32\rsaenh.dll
0x00007ff890640000 - 0x00007ff89066c000 	C:\Windows\SYSTEM32\USERENV.dll
0x00007ff890a20000 - 0x00007ff890a47000 	C:\Windows\SYSTEM32\bcrypt.dll
0x00007ff890790000 - 0x00007ff89079c000 	C:\Windows\SYSTEM32\CRYPTBASE.dll
0x00007ff88fc20000 - 0x00007ff88fc4d000 	C:\Windows\SYSTEM32\IPHLPAPI.DLL
0x00007ff891a90000 - 0x00007ff891a99000 	C:\Windows\System32\NSI.dll

dbghelp: loaded successfully - version: 4.0.5 - missing functions: none
symbol engine: initialized successfully - sym options: 0x614 - pdb path: .;C:\Program Files\Java\jdk-21.0.12.1\bin;C:\Windows\SYSTEM32;C:\Windows\WinSxS\amd64_microsoft.windows.common-controls_6595b64144ccf1df_6.0.22000.120_none_9d947278b86cc467;C:\Program Files\Java\jdk-21.0.12.1\bin\server;C:\Users\HP\.m2\wrapper\dists\apache-maven-3.9.16\0daed3be3ebd1c706f0e69e8b07c6b73f5cc4ea3dfce72a8d0ec2e849ca2ddb0\lib\jansi-native\Windows\x86_64

VM Arguments:
jvm_args: --enable-native-access=ALL-UNNAMED -Dclassworlds.conf=C:\Users\HP\.m2\wrapper\dists\apache-maven-3.9.16\0daed3be3ebd1c706f0e69e8b07c6b73f5cc4ea3dfce72a8d0ec2e849ca2ddb0\bin\m2.conf -Dmaven.home=C:\Users\HP\.m2\wrapper\dists\apache-maven-3.9.16\0daed3be3ebd1c706f0e69e8b07c6b73f5cc4ea3dfce72a8d0ec2e849ca2ddb0 -Dlibrary.jansi.path=C:\Users\HP\.m2\wrapper\dists\apache-maven-3.9.16\0daed3be3ebd1c706f0e69e8b07c6b73f5cc4ea3dfce72a8d0ec2e849ca2ddb0\lib\jansi-native -Dmaven.multiModuleProjectDirectory=C:\Users\HP\Documents\projets\pgvpt\backend\ms-geolocalisation 
java_command: org.codehaus.plexus.classworlds.launcher.Launcher spring-boot:run:
java_class_path (initial): C:\Users\HP\.m2\wrapper\dists\apache-maven-3.9.16\0daed3be3ebd1c706f0e69e8b07c6b73f5cc4ea3dfce72a8d0ec2e849ca2ddb0\boot\plexus-classworlds-2.11.0.jar
Launcher Type: SUN_STANDARD

[Global flags]
     intx CICompilerCount                          = 4                                         {product} {ergonomic}
     uint ConcGCThreads                            = 2                                         {product} {ergonomic}
     uint G1ConcRefinementThreads                  = 8                                         {product} {ergonomic}
   size_t G1HeapRegionSize                         = 1048576                                   {product} {ergonomic}
    uintx GCDrainStackTargetSize                   = 64                                        {product} {ergonomic}
   size_t InitialHeapSize                          = 132120576                                 {product} {ergonomic}
   size_t MarkStackSize                            = 4194304                                   {product} {ergonomic}
   size_t MaxHeapSize                              = 2097152000                                {product} {ergonomic}
   size_t MaxNewSize                               = 1258291200                                {product} {ergonomic}
   size_t MinHeapDeltaBytes                        = 1048576                                   {product} {ergonomic}
   size_t MinHeapSize                              = 8388608                                   {product} {ergonomic}
    uintx NonNMethodCodeHeapSize                   = 5839372                                {pd product} {ergonomic}
    uintx NonProfiledCodeHeapSize                  = 122909434                              {pd product} {ergonomic}
    uintx ProfiledCodeHeapSize                     = 122909434                              {pd product} {ergonomic}
    uintx ReservedCodeCacheSize                    = 251658240                              {pd product} {ergonomic}
     bool SegmentedCodeCache                       = true                                      {product} {ergonomic}
   size_t SoftMaxHeapSize                          = 2097152000                             {manageable} {ergonomic}
     bool UseCompressedOops                        = true                           {product lp64_product} {ergonomic}
     bool UseG1GC                                  = true                                      {product} {ergonomic}
     bool UseLargePagesIndividualAllocation        = false                                  {pd product} {ergonomic}

Logging:
Log output configuration:
 #0: stdout all=warning uptime,level,tags foldmultilines=false
 #1: stderr all=off uptime,level,tags foldmultilines=false

Environment Variables:
JAVA_HOME=C:\Program Files\Java\jdk-21.0.12.1
PATH=C:\Program Files\Common Files\Oracle\Java\javapath;C:\Windows\system32;C:\Windows;C:\Windows\System32\Wbem;C:\Windows\System32\WindowsPowerShell\v1.0\;C:\Windows\System32\OpenSSH\;C:\Program Files\Docker\Docker\resources\bin;C:\Program Files\Git\cmd;C:\Program Files\nodejs\;C:\Users\HP\Documents\flutter\bin;C:\Program Files\Java\jdk-21.0.12.1\bin;C:\Users\HP\AppData\Local\Microsoft\WindowsApps;C:\Users\HP\AppData\Local\Programs\Antigravity IDE\bin;C:\Users\HP\AppData\Roaming\npm;C:\Users\HP\AppData\Local\Programs\Microsoft VS Code\bin;C:\Users\HP\AppData\Local\Python\bin;C:\Users\HP\Documents\flutter\bin;C:\Program Files\Java\jdk-21.0.12.1\bin;c:\Users\HP\.antigravity-ide\extensions\vscjava.vscode-java-debug-0.59.0-universal\bundled\scripts\noConfigScripts;c:\Users\HP\.antigravity-ide\extensions\ms-python.debugpy-2026.6.0-win32-x64\bundled\scripts\noConfigScripts
USERNAME=HP
LANG=en_US.UTF-8
OS=Windows_NT
PROCESSOR_IDENTIFIER=Intel64 Family 6 Model 142 Stepping 12, GenuineIntel
TMP=C:\Users\HP\AppData\Local\Temp
TEMP=C:\Users\HP\AppData\Local\Temp




Periodic native trim disabled

---------------  S Y S T E M  ---------------

OS:
 Windows 11 , 64 bit Build 22000 (10.0.22000.2538)
OS uptime: 0 days 12:50 hours
Hyper-V role detected

CPU: total 8 (initial active 8) (4 cores per cpu, 2 threads per core) family 6 model 142 stepping 12 microcode 0x100, cx8, cmov, fxsr, ht, mmx, 3dnowpref, sse, sse2, sse3, ssse3, sse4.1, sse4.2, popcnt, lzcnt, tsc, tscinvbit, avx, avx2, aes, erms, clmul, bmi1, bmi2, adx, fma, vzeroupper, clflush, clflushopt, hv, rdtscp, f16c
Processor Information for all 8 processors :
  Max Mhz: 1896, Current Mhz: 1596, Mhz Limit: 1592

Memory: 4k page, system-wide physical 7998M (713M free)
TotalPageFile size 16428M (AvailPageFile size 5M)
current process WorkingSet (physical memory assigned to process): 405M, peak: 408M
current process commit charge ("private bytes"): 442M, peak: 445M

vm_info: Java HotSpot(TM) 64-Bit Server VM (21.0.12.1+1-LTS-4) for windows-amd64 JRE (21.0.12.1+1-LTS-4), built on 2026-07-15T18:25:55Z by "mach5run" with MS VC++ 17.13 (VS2022)

END.
